<?xml version="1.0"?>
<link_info>
   <banner>TI ARM Linker Unix v16.9.3.LTS</banner>
   <copyright>Copyright (c) 1996-2017 Texas Instruments Incorporated</copyright>
   <link_time>0x59ac823a</link_time>
   <link_errors>0x0</link_errors>
   <output_file>war_and_glory.out</output_file>
   <entry_point>
      <name>_c_int00</name>
      <address>0x1675</address>
   </entry_point>
   <input_file_list>
      <input_file id="fl-2">
         <path>./</path>
         <kind>object</kind>
         <file>main.obj</file>
         <name>main.obj</name>
      </input_file>
      <input_file id="fl-3">
         <path>./</path>
         <kind>object</kind>
         <file>startup_ccs.obj</file>
         <name>startup_ccs.obj</name>
      </input_file>
      <input_file id="fl-4">
         <path>./drivers/</path>
         <kind>object</kind>
         <file>buttons.obj</file>
         <name>buttons.obj</name>
      </input_file>
      <input_file id="fl-5">
         <path>./drivers/</path>
         <kind>object</kind>
         <file>rgb.obj</file>
         <name>rgb.obj</name>
      </input_file>
      <input_file id="fl-6">
         <path>./drivers/devices/</path>
         <kind>object</kind>
         <file>L293D.obj</file>
         <name>L293D.obj</name>
      </input_file>
      <input_file id="fl-7">
         <path>./drivers/devices/</path>
         <kind>object</kind>
         <file>PCA9685.obj</file>
         <name>PCA9685.obj</name>
      </input_file>
      <input_file id="fl-8">
         <path>./drivers/peripherals/</path>
         <kind>object</kind>
         <file>i2c.obj</file>
         <name>i2c.obj</name>
      </input_file>
      <input_file id="fl-9">
         <path>./drivers/peripherals/</path>
         <kind>object</kind>
         <file>spi.obj</file>
         <name>spi.obj</name>
      </input_file>
      <input_file id="fl-a">
         <path>./drivers/peripherals/</path>
         <kind>object</kind>
         <file>timer.obj</file>
         <name>timer.obj</name>
      </input_file>
      <input_file id="fl-b">
         <path>./task/</path>
         <kind>object</kind>
         <file>led_task.obj</file>
         <name>led_task.obj</name>
      </input_file>
      <input_file id="fl-c">
         <path>./task/</path>
         <kind>object</kind>
         <file>motor_task.obj</file>
         <name>motor_task.obj</name>
      </input_file>
      <input_file id="fl-d">
         <path>./task/</path>
         <kind>object</kind>
         <file>switch_task.obj</file>
         <name>switch_task.obj</name>
      </input_file>
      <input_file id="fl-e">
         <path>./third_party/FreeRTOS/Source/</path>
         <kind>object</kind>
         <file>list.obj</file>
         <name>list.obj</name>
      </input_file>
      <input_file id="fl-f">
         <path>./third_party/FreeRTOS/Source/</path>
         <kind>object</kind>
         <file>queue.obj</file>
         <name>queue.obj</name>
      </input_file>
      <input_file id="fl-10">
         <path>./third_party/FreeRTOS/Source/</path>
         <kind>object</kind>
         <file>tasks.obj</file>
         <name>tasks.obj</name>
      </input_file>
      <input_file id="fl-11">
         <path>./third_party/FreeRTOS/Source/portable/CCS/ARM_CM4F/</path>
         <kind>object</kind>
         <file>port.obj</file>
         <name>port.obj</name>
      </input_file>
      <input_file id="fl-12">
         <path>./third_party/FreeRTOS/Source/portable/CCS/ARM_CM4F/</path>
         <kind>object</kind>
         <file>portasm.obj</file>
         <name>portasm.obj</name>
      </input_file>
      <input_file id="fl-13">
         <path>./third_party/FreeRTOS/Source/portable/MemMang/</path>
         <kind>object</kind>
         <file>heap_2.obj</file>
         <name>heap_2.obj</name>
      </input_file>
      <input_file id="fl-14">
         <path>./utils/</path>
         <kind>object</kind>
         <file>uartstdio.obj</file>
         <name>uartstdio.obj</name>
      </input_file>
      <input_file id="fl-15">
         <path>./utils/</path>
         <kind>object</kind>
         <file>ustdlib.obj</file>
         <name>ustdlib.obj</name>
      </input_file>
      <input_file id="fl-1a">
         <kind>object</kind>
         <file>&lt;internal&gt;</file>
         <name>&lt;internal&gt;</name>
      </input_file>
      <input_file id="fl-d0">
         <path>/home/bigbywolf/ti/ccsv7/tools/compiler/ti-cgt-arm_16.9.3.LTS/lib/</path>
         <kind>archive</kind>
         <file>rtsv7M4_T_le_v4SPD16_eabi.lib</file>
         <name>boot.obj</name>
      </input_file>
      <input_file id="fl-d1">
         <path>/home/bigbywolf/ti/ccsv7/tools/compiler/ti-cgt-arm_16.9.3.LTS/lib/</path>
         <kind>archive</kind>
         <file>rtsv7M4_T_le_v4SPD16_eabi.lib</file>
         <name>copy_decompress_lzss.obj</name>
      </input_file>
      <input_file id="fl-d2">
         <path>/home/bigbywolf/ti/ccsv7/tools/compiler/ti-cgt-arm_16.9.3.LTS/lib/</path>
         <kind>archive</kind>
         <file>rtsv7M4_T_le_v4SPD16_eabi.lib</file>
         <name>copy_decompress_none.obj</name>
      </input_file>
      <input_file id="fl-d3">
         <path>/home/bigbywolf/ti/ccsv7/tools/compiler/ti-cgt-arm_16.9.3.LTS/lib/</path>
         <kind>archive</kind>
         <file>rtsv7M4_T_le_v4SPD16_eabi.lib</file>
         <name>copy_zero_init.obj</name>
      </input_file>
      <input_file id="fl-d4">
         <path>/home/bigbywolf/ti/ccsv7/tools/compiler/ti-cgt-arm_16.9.3.LTS/lib/</path>
         <kind>archive</kind>
         <file>rtsv7M4_T_le_v4SPD16_eabi.lib</file>
         <name>exit.obj</name>
      </input_file>
      <input_file id="fl-d5">
         <path>/home/bigbywolf/ti/ccsv7/tools/compiler/ti-cgt-arm_16.9.3.LTS/lib/</path>
         <kind>archive</kind>
         <file>rtsv7M4_T_le_v4SPD16_eabi.lib</file>
         <name>fd_add_t2.obj</name>
      </input_file>
      <input_file id="fl-d6">
         <path>/home/bigbywolf/ti/ccsv7/tools/compiler/ti-cgt-arm_16.9.3.LTS/lib/</path>
         <kind>archive</kind>
         <file>rtsv7M4_T_le_v4SPD16_eabi.lib</file>
         <name>fd_div_t2.obj</name>
      </input_file>
      <input_file id="fl-d7">
         <path>/home/bigbywolf/ti/ccsv7/tools/compiler/ti-cgt-arm_16.9.3.LTS/lib/</path>
         <kind>archive</kind>
         <file>rtsv7M4_T_le_v4SPD16_eabi.lib</file>
         <name>fd_tou_t2.obj</name>
      </input_file>
      <input_file id="fl-d8">
         <path>/home/bigbywolf/ti/ccsv7/tools/compiler/ti-cgt-arm_16.9.3.LTS/lib/</path>
         <kind>archive</kind>
         <file>rtsv7M4_T_le_v4SPD16_eabi.lib</file>
         <name>fs_toull_t2.obj</name>
      </input_file>
      <input_file id="fl-d9">
         <path>/home/bigbywolf/ti/ccsv7/tools/compiler/ti-cgt-arm_16.9.3.LTS/lib/</path>
         <kind>archive</kind>
         <file>rtsv7M4_T_le_v4SPD16_eabi.lib</file>
         <name>i_tofd_t2.obj</name>
      </input_file>
      <input_file id="fl-da">
         <path>/home/bigbywolf/ti/ccsv7/tools/compiler/ti-cgt-arm_16.9.3.LTS/lib/</path>
         <kind>archive</kind>
         <file>rtsv7M4_T_le_v4SPD16_eabi.lib</file>
         <name>memcpy_t2.obj</name>
      </input_file>
      <input_file id="fl-db">
         <path>/home/bigbywolf/ti/ccsv7/tools/compiler/ti-cgt-arm_16.9.3.LTS/lib/</path>
         <kind>archive</kind>
         <file>rtsv7M4_T_le_v4SPD16_eabi.lib</file>
         <name>memset_t2.obj</name>
      </input_file>
      <input_file id="fl-dc">
         <path>/home/bigbywolf/ti/ccsv7/tools/compiler/ti-cgt-arm_16.9.3.LTS/lib/</path>
         <kind>archive</kind>
         <file>rtsv7M4_T_le_v4SPD16_eabi.lib</file>
         <name>mpu_init.obj</name>
      </input_file>
      <input_file id="fl-dd">
         <path>/home/bigbywolf/ti/ccsv7/tools/compiler/ti-cgt-arm_16.9.3.LTS/lib/</path>
         <kind>archive</kind>
         <file>rtsv7M4_T_le_v4SPD16_eabi.lib</file>
         <name>pre_init.obj</name>
      </input_file>
      <input_file id="fl-de">
         <path>/home/bigbywolf/ti/ccsv7/tools/compiler/ti-cgt-arm_16.9.3.LTS/lib/</path>
         <kind>archive</kind>
         <file>rtsv7M4_T_le_v4SPD16_eabi.lib</file>
         <name>stkdepth_vars.obj</name>
      </input_file>
      <input_file id="fl-df">
         <path>/home/bigbywolf/ti/ccsv7/tools/compiler/ti-cgt-arm_16.9.3.LTS/lib/</path>
         <kind>archive</kind>
         <file>rtsv7M4_T_le_v4SPD16_eabi.lib</file>
         <name>u_divt2.obj</name>
      </input_file>
      <input_file id="fl-e0">
         <path>/home/bigbywolf/ti/ccsv7/tools/compiler/ti-cgt-arm_16.9.3.LTS/lib/</path>
         <kind>archive</kind>
         <file>rtsv7M4_T_le_v4SPD16_eabi.lib</file>
         <name>_lock.obj</name>
      </input_file>
      <input_file id="fl-e1">
         <path>/home/bigbywolf/ti/ccsv7/tools/compiler/ti-cgt-arm_16.9.3.LTS/lib/</path>
         <kind>archive</kind>
         <file>rtsv7M4_T_le_v4SPD16_eabi.lib</file>
         <name>args_main.obj</name>
      </input_file>
      <input_file id="fl-e2">
         <path>/home/bigbywolf/ti/ccsv7/tools/compiler/ti-cgt-arm_16.9.3.LTS/lib/</path>
         <kind>archive</kind>
         <file>rtsv7M4_T_le_v4SPD16_eabi.lib</file>
         <name>autoinit.obj</name>
      </input_file>
      <input_file id="fl-e3">
         <path>/home/bigbywolf/ti/ccsv7/tools/compiler/ti-cgt-arm_16.9.3.LTS/lib/</path>
         <kind>archive</kind>
         <file>rtsv7M4_T_le_v4SPD16_eabi.lib</file>
         <name>cpy_tbl.obj</name>
      </input_file>
      <input_file id="fl-e4">
         <path>/home/bigbywolf/ti/ccsv7/tools/compiler/ti-cgt-arm_16.9.3.LTS/lib/</path>
         <kind>archive</kind>
         <file>rtsv7M4_T_le_v4SPD16_eabi.lib</file>
         <name>i_div0.obj</name>
      </input_file>
      <input_file id="fl-e5">
         <path>/home/bigbywolf/ti/ccsv7/tools/compiler/ti-cgt-arm_16.9.3.LTS/lib/</path>
         <kind>archive</kind>
         <file>rtsv7M4_T_le_v4SPD16_eabi.lib</file>
         <name>startup.obj</name>
      </input_file>
      <input_file id="fl-e6">
         <path>/home/bigbywolf/ti/TivaWare_C_Series-2.1.3.156/driverlib/ccs/Debug/</path>
         <kind>archive</kind>
         <file>driverlib.lib</file>
         <name>gpio.obj</name>
      </input_file>
      <input_file id="fl-e7">
         <path>/home/bigbywolf/ti/TivaWare_C_Series-2.1.3.156/driverlib/ccs/Debug/</path>
         <kind>archive</kind>
         <file>driverlib.lib</file>
         <name>i2c.obj</name>
      </input_file>
      <input_file id="fl-e8">
         <path>/home/bigbywolf/ti/TivaWare_C_Series-2.1.3.156/driverlib/ccs/Debug/</path>
         <kind>archive</kind>
         <file>driverlib.lib</file>
         <name>interrupt.obj</name>
      </input_file>
      <input_file id="fl-e9">
         <path>/home/bigbywolf/ti/TivaWare_C_Series-2.1.3.156/driverlib/ccs/Debug/</path>
         <kind>archive</kind>
         <file>driverlib.lib</file>
         <name>pwm.obj</name>
      </input_file>
      <input_file id="fl-ea">
         <path>/home/bigbywolf/ti/TivaWare_C_Series-2.1.3.156/driverlib/ccs/Debug/</path>
         <kind>archive</kind>
         <file>driverlib.lib</file>
         <name>ssi.obj</name>
      </input_file>
      <input_file id="fl-eb">
         <path>/home/bigbywolf/ti/TivaWare_C_Series-2.1.3.156/driverlib/ccs/Debug/</path>
         <kind>archive</kind>
         <file>driverlib.lib</file>
         <name>sysctl.obj</name>
      </input_file>
      <input_file id="fl-ec">
         <path>/home/bigbywolf/ti/TivaWare_C_Series-2.1.3.156/driverlib/ccs/Debug/</path>
         <kind>archive</kind>
         <file>driverlib.lib</file>
         <name>timer.obj</name>
      </input_file>
      <input_file id="fl-ed">
         <path>/home/bigbywolf/ti/TivaWare_C_Series-2.1.3.156/driverlib/ccs/Debug/</path>
         <kind>archive</kind>
         <file>driverlib.lib</file>
         <name>uart.obj</name>
      </input_file>
      <input_file id="fl-ee">
         <path>/home/bigbywolf/ti/TivaWare_C_Series-2.1.3.156/driverlib/ccs/Debug/</path>
         <kind>archive</kind>
         <file>driverlib.lib</file>
         <name>cpu.obj</name>
      </input_file>
   </input_file_list>
   <object_component_list>
      <object_component id="oc-f">
         <name>.intvecs</name>
         <load_address>0x0</load_address>
         <run_address>0x0</run_address>
         <size>0x26c</size>
         <input_file_ref idref="fl-3"/>
      </object_component>
      <object_component id="oc-1ae">
         <name>.text:UARTvprintf</name>
         <load_address>0x26c</load_address>
         <run_address>0x26c</run_address>
         <size>0x1ea</size>
         <input_file_ref idref="fl-14"/>
      </object_component>
      <object_component id="oc-3b1">
         <name>.text:GPIOPadConfigSet</name>
         <load_address>0x456</load_address>
         <run_address>0x456</run_address>
         <size>0x132</size>
         <input_file_ref idref="fl-e6"/>
      </object_component>
      <object_component id="oc-343">
         <name>.text:SysCtlClockGet</name>
         <load_address>0x588</load_address>
         <run_address>0x588</run_address>
         <size>0x110</size>
         <input_file_ref idref="fl-eb"/>
      </object_component>
      <object_component id="oc-1d5">
         <name>.text:xTaskGenericCreate</name>
         <load_address>0x698</load_address>
         <run_address>0x698</run_address>
         <size>0x104</size>
         <input_file_ref idref="fl-10"/>
      </object_component>
      <object_component id="oc-a7">
         <name>.text:xTaskIncrementTick</name>
         <load_address>0x79c</load_address>
         <run_address>0x79c</run_address>
         <size>0x104</size>
         <input_file_ref idref="fl-10"/>
      </object_component>
      <object_component id="oc-12a">
         <name>.text:SysCtlClockSet</name>
         <load_address>0x8a0</load_address>
         <run_address>0x8a0</run_address>
         <size>0xf4</size>
         <input_file_ref idref="fl-eb"/>
      </object_component>
      <object_component id="oc-1c7">
         <name>.text:xQueueGenericSend</name>
         <load_address>0x994</load_address>
         <run_address>0x994</run_address>
         <size>0xe8</size>
         <input_file_ref idref="fl-f"/>
      </object_component>
      <object_component id="oc-230">
         <name>.text:xTaskResumeAll</name>
         <load_address>0xa7c</load_address>
         <run_address>0xa7c</run_address>
         <size>0xe4</size>
         <input_file_ref idref="fl-10"/>
      </object_component>
      <object_component id="oc-43">
         <name>.text</name>
         <load_address>0xb60</load_address>
         <run_address>0xb60</run_address>
         <size>0xd2</size>
         <input_file_ref idref="fl-12"/>
      </object_component>
      <object_component id="oc-37">
         <name>.text:FaultISR</name>
         <load_address>0xc32</load_address>
         <run_address>0xc32</run_address>
         <size>0x2</size>
         <input_file_ref idref="fl-3"/>
      </object_component>
      <object_component id="oc-2a5">
         <name>.text:L293D_set</name>
         <load_address>0xc34</load_address>
         <run_address>0xc34</run_address>
         <size>0xc4</size>
         <input_file_ref idref="fl-6"/>
      </object_component>
      <object_component id="oc-1bb">
         <name>.text:pvPortMalloc</name>
         <load_address>0xcf8</load_address>
         <run_address>0xcf8</run_address>
         <size>0xac</size>
         <input_file_ref idref="fl-13"/>
      </object_component>
      <object_component id="oc-299">
         <name>.text:pwm_init</name>
         <load_address>0xda4</load_address>
         <run_address>0xda4</run_address>
         <size>0x9c</size>
         <input_file_ref idref="fl-c"/>
      </object_component>
      <object_component id="oc-5c">
         <name>.text</name>
         <load_address>0xe40</load_address>
         <run_address>0xe40</run_address>
         <size>0x9c</size>
         <input_file_ref idref="fl-da"/>
      </object_component>
      <object_component id="oc-a0">
         <name>.text:vTaskSwitchContext</name>
         <load_address>0xedc</load_address>
         <run_address>0xedc</run_address>
         <size>0x8c</size>
         <input_file_ref idref="fl-10"/>
      </object_component>
      <object_component id="oc-db">
         <name>.text:main</name>
         <load_address>0xf68</load_address>
         <run_address>0xf68</run_address>
         <size>0x84</size>
         <input_file_ref idref="fl-2"/>
      </object_component>
      <object_component id="oc-1db">
         <name>.text:motor_task</name>
         <load_address>0xfec</load_address>
         <run_address>0xfec</run_address>
         <size>0x7c</size>
         <input_file_ref idref="fl-c"/>
      </object_component>
      <object_component id="oc-310">
         <name>.text:xTaskPriorityDisinherit</name>
         <load_address>0x1068</load_address>
         <run_address>0x1068</run_address>
         <size>0x7c</size>
         <input_file_ref idref="fl-10"/>
      </object_component>
      <object_component id="oc-68">
         <name>.text</name>
         <load_address>0x10e4</load_address>
         <run_address>0x10e4</run_address>
         <size>0x7a</size>
         <input_file_ref idref="fl-db"/>
      </object_component>
      <object_component id="oc-3d">
         <name>.text:IntDefaultHandler</name>
         <load_address>0x115e</load_address>
         <run_address>0x115e</run_address>
         <size>0x2</size>
         <input_file_ref idref="fl-3"/>
      </object_component>
      <object_component id="oc-272">
         <name>.text:xTaskRemoveFromEventList</name>
         <load_address>0x1160</load_address>
         <run_address>0x1160</run_address>
         <size>0x74</size>
         <input_file_ref idref="fl-10"/>
      </object_component>
      <object_component id="oc-26c">
         <name>.text:prvCopyDataToQueue</name>
         <load_address>0x11d4</load_address>
         <run_address>0x11d4</run_address>
         <size>0x72</size>
         <input_file_ref idref="fl-f"/>
      </object_component>
      <object_component id="oc-31">
         <name>.text:NmiSR</name>
         <load_address>0x1246</load_address>
         <run_address>0x1246</run_address>
         <size>0x2</size>
         <input_file_ref idref="fl-3"/>
      </object_component>
      <object_component id="oc-80">
         <name>.text</name>
         <load_address>0x1248</load_address>
         <run_address>0x1248</run_address>
         <size>0x70</size>
         <input_file_ref idref="fl-e2"/>
      </object_component>
      <object_component id="oc-12">
         <name>.text:decompress:lzss</name>
         <load_address>0x12b8</load_address>
         <run_address>0x12b8</run_address>
         <size>0x68</size>
         <input_file_ref idref="fl-d1"/>
      </object_component>
      <object_component id="oc-130">
         <name>.text:ConfigureUART</name>
         <load_address>0x1320</load_address>
         <run_address>0x1320</run_address>
         <size>0x64</size>
         <input_file_ref idref="fl-2"/>
      </object_component>
      <object_component id="oc-266">
         <name>.text:vTaskPlaceOnEventList</name>
         <load_address>0x1384</load_address>
         <run_address>0x1384</run_address>
         <size>0x64</size>
         <input_file_ref idref="fl-10"/>
      </object_component>
      <object_component id="oc-25a">
         <name>.text:prvUnlockQueue</name>
         <load_address>0x13e8</load_address>
         <run_address>0x13e8</run_address>
         <size>0x62</size>
         <input_file_ref idref="fl-f"/>
      </object_component>
      <object_component id="oc-2d7">
         <name>.text</name>
         <load_address>0x144a</load_address>
         <run_address>0x144a</run_address>
         <size>0x2</size>
         <input_file_ref idref="fl-e4"/>
      </object_component>
      <object_component id="oc-1a7">
         <name>.text:UARTStdioConfig</name>
         <load_address>0x144c</load_address>
         <run_address>0x144c</run_address>
         <size>0x60</size>
         <input_file_ref idref="fl-14"/>
      </object_component>
      <object_component id="oc-292">
         <name>.text:prvInitialiseTaskLists</name>
         <load_address>0x14ac</load_address>
         <run_address>0x14ac</run_address>
         <size>0x60</size>
         <input_file_ref idref="fl-10"/>
      </object_component>
      <object_component id="oc-148">
         <name>.text:vTaskStartScheduler</name>
         <load_address>0x150c</load_address>
         <run_address>0x150c</run_address>
         <size>0x60</size>
         <input_file_ref idref="fl-10"/>
      </object_component>
      <object_component id="oc-2ab">
         <name>.text:vTaskDelay</name>
         <load_address>0x156c</load_address>
         <run_address>0x156c</run_address>
         <size>0x5c</size>
         <input_file_ref idref="fl-10"/>
      </object_component>
      <object_component id="oc-2c5">
         <name>.text:prvCheckTasksWaitingTermination</name>
         <load_address>0x15c8</load_address>
         <run_address>0x15c8</run_address>
         <size>0x58</size>
         <input_file_ref idref="fl-10"/>
      </object_component>
      <object_component id="oc-286">
         <name>.text:prvInitialiseTCBVariables</name>
         <load_address>0x1620</load_address>
         <run_address>0x1620</run_address>
         <size>0x54</size>
         <input_file_ref idref="fl-10"/>
      </object_component>
      <object_component id="oc-24">
         <name>.text</name>
         <load_address>0x1674</load_address>
         <run_address>0x1674</run_address>
         <size>0x54</size>
         <input_file_ref idref="fl-d0"/>
      </object_component>
      <object_component id="oc-8c">
         <name>.text</name>
         <load_address>0x16c8</load_address>
         <run_address>0x16c8</run_address>
         <size>0x54</size>
         <input_file_ref idref="fl-d4"/>
      </object_component>
      <object_component id="oc-254">
         <name>.text:xTaskCheckForTimeOut</name>
         <load_address>0x171c</load_address>
         <run_address>0x171c</run_address>
         <size>0x54</size>
         <input_file_ref idref="fl-10"/>
      </object_component>
      <object_component id="oc-306">
         <name>.text:prvAddCurrentTaskToDelayedList</name>
         <load_address>0x1770</load_address>
         <run_address>0x1770</run_address>
         <size>0x4c</size>
         <input_file_ref idref="fl-10"/>
      </object_component>
      <object_component id="oc-cd">
         <name>.text</name>
         <load_address>0x17bc</load_address>
         <run_address>0x17bc</run_address>
         <size>0x4c</size>
         <input_file_ref idref="fl-e3"/>
      </object_component>
      <object_component id="oc-13c">
         <name>.text:xQueueCreateMutex</name>
         <load_address>0x1808</load_address>
         <run_address>0x1808</run_address>
         <size>0x4c</size>
         <input_file_ref idref="fl-f"/>
      </object_component>
      <object_component id="oc-349">
         <name>.text:GPIOPinConfigure</name>
         <load_address>0x1854</load_address>
         <run_address>0x1854</run_address>
         <size>0x48</size>
         <input_file_ref idref="fl-e6"/>
      </object_component>
      <object_component id="oc-216">
         <name>.text:UARTwrite</name>
         <load_address>0x189c</load_address>
         <run_address>0x189c</run_address>
         <size>0x48</size>
         <input_file_ref idref="fl-14"/>
      </object_component>
      <object_component id="oc-318">
         <name>.text:vPortFree</name>
         <load_address>0x18e4</load_address>
         <run_address>0x18e4</run_address>
         <size>0x44</size>
         <input_file_ref idref="fl-13"/>
      </object_component>
      <object_component id="oc-21c">
         <name>.text</name>
         <load_address>0x1928</load_address>
         <run_address>0x1928</run_address>
         <size>0x40</size>
         <input_file_ref idref="fl-df"/>
      </object_component>
      <object_component id="oc-1e2">
         <name>.text:xPortStartScheduler</name>
         <load_address>0x1968</load_address>
         <run_address>0x1968</run_address>
         <size>0x40</size>
         <input_file_ref idref="fl-11"/>
      </object_component>
      <object_component id="oc-280">
         <name>.text:prvAllocateTCBAndStack</name>
         <load_address>0x19a8</load_address>
         <run_address>0x19a8</run_address>
         <size>0x3a</size>
         <input_file_ref idref="fl-10"/>
      </object_component>
      <object_component id="oc-74">
         <name>.text</name>
         <load_address>0x19e2</load_address>
         <run_address>0x19e2</run_address>
         <size>0x2</size>
         <input_file_ref idref="fl-dc"/>
      </object_component>
      <object_component id="oc-142">
         <name>.text:motor_task_init</name>
         <load_address>0x19e4</load_address>
         <run_address>0x19e4</run_address>
         <size>0x38</size>
         <input_file_ref idref="fl-c"/>
      </object_component>
      <object_component id="oc-300">
         <name>.text:vListInsert</name>
         <load_address>0x1a1c</load_address>
         <run_address>0x1a1c</run_address>
         <size>0x38</size>
         <input_file_ref idref="fl-e"/>
      </object_component>
      <object_component id="oc-29f">
         <name>.text:L293D_init</name>
         <load_address>0x1a54</load_address>
         <run_address>0x1a54</run_address>
         <size>0x34</size>
         <input_file_ref idref="fl-6"/>
      </object_component>
      <object_component id="oc-33d">
         <name>.text:SysCtlPeripheralEnable</name>
         <load_address>0x1a88</load_address>
         <run_address>0x1a88</run_address>
         <size>0x34</size>
         <input_file_ref idref="fl-eb"/>
      </object_component>
      <object_component id="oc-22a">
         <name>.text:prvHeapInit</name>
         <load_address>0x1abc</load_address>
         <run_address>0x1abc</run_address>
         <size>0x30</size>
         <input_file_ref idref="fl-13"/>
      </object_component>
      <object_component id="oc-48">
         <name>.text:xPortSysTickHandler</name>
         <load_address>0x1aec</load_address>
         <run_address>0x1aec</run_address>
         <size>0x2c</size>
         <input_file_ref idref="fl-11"/>
      </object_component>
      <object_component id="oc-3ab">
         <name>.text:GPIODirModeSet</name>
         <load_address>0x1b18</load_address>
         <run_address>0x1b18</run_address>
         <size>0x2a</size>
         <input_file_ref idref="fl-e6"/>
      </object_component>
      <object_component id="oc-d3">
         <name>.text</name>
         <load_address>0x1b42</load_address>
         <run_address>0x1b42</run_address>
         <size>0x2</size>
         <input_file_ref idref="fl-e5"/>
      </object_component>
      <object_component id="oc-103">
         <name>.text:prvResetNextTaskUnblockTime</name>
         <load_address>0x1b44</load_address>
         <run_address>0x1b44</run_address>
         <size>0x28</size>
         <input_file_ref idref="fl-10"/>
      </object_component>
      <object_component id="oc-28c">
         <name>.text:pxPortInitialiseStack</name>
         <load_address>0x1b6c</load_address>
         <run_address>0x1b6c</run_address>
         <size>0x28</size>
         <input_file_ref idref="fl-11"/>
      </object_component>
      <object_component id="oc-355">
         <name>.text:PWMGenConfigure</name>
         <load_address>0x1b94</load_address>
         <run_address>0x1b94</run_address>
         <size>0x22</size>
         <input_file_ref idref="fl-e9"/>
      </object_component>
      <object_component id="oc-109">
         <name>.text:uxListRemove</name>
         <load_address>0x1bb6</load_address>
         <run_address>0x1bb6</run_address>
         <size>0x20</size>
         <input_file_ref idref="fl-e"/>
      </object_component>
      <object_component id="oc-f9">
         <name>.text:vApplicationStackOverflowHook</name>
         <load_address>0x1bd6</load_address>
         <run_address>0x1bd6</run_address>
         <size>0x2</size>
         <input_file_ref idref="fl-2"/>
      </object_component>
      <object_component id="oc-2bb">
         <name>.text:vPortSetupTimerInterrupt</name>
         <load_address>0x1bd8</load_address>
         <run_address>0x1bd8</run_address>
         <size>0x20</size>
         <input_file_ref idref="fl-11"/>
      </object_component>
      <object_component id="oc-361">
         <name>.text:PWMPulseWidthSet</name>
         <load_address>0x1bf8</load_address>
         <run_address>0x1bf8</run_address>
         <size>0x1e</size>
         <input_file_ref idref="fl-e9"/>
      </object_component>
      <object_component id="oc-260">
         <name>.text:prvIsQueueFull</name>
         <load_address>0x1c16</load_address>
         <run_address>0x1c16</run_address>
         <size>0x1c</size>
         <input_file_ref idref="fl-f"/>
      </object_component>
      <object_component id="oc-24e">
         <name>.text:vPortEnterCritical</name>
         <load_address>0x1c34</load_address>
         <run_address>0x1c34</run_address>
         <size>0x1c</size>
         <input_file_ref idref="fl-11"/>
      </object_component>
      <object_component id="oc-136">
         <name>.text:UARTprintf</name>
         <load_address>0x1c50</load_address>
         <run_address>0x1c50</run_address>
         <size>0x1a</size>
         <input_file_ref idref="fl-14"/>
      </object_component>
      <object_component id="oc-86">
         <name>.text</name>
         <load_address>0x1c6c</load_address>
         <run_address>0x1c6c</run_address>
         <size>0x18</size>
         <input_file_ref idref="fl-e1"/>
      </object_component>
      <object_component id="oc-10f">
         <name>.text:vListInsertEnd</name>
         <load_address>0x1c84</load_address>
         <run_address>0x1c84</run_address>
         <size>0x18</size>
         <input_file_ref idref="fl-e"/>
      </object_component>
      <object_component id="oc-248">
         <name>.text:vPortExitCritical</name>
         <load_address>0x1c9c</load_address>
         <run_address>0x1c9c</run_address>
         <size>0x18</size>
         <input_file_ref idref="fl-11"/>
      </object_component>
      <object_component id="oc-242">
         <name>.text:vTaskSetTimeOutState</name>
         <load_address>0x1cb4</load_address>
         <run_address>0x1cb4</run_address>
         <size>0x18</size>
         <input_file_ref idref="fl-10"/>
      </object_component>
      <object_component id="oc-1c1">
         <name>.text:vListInitialise</name>
         <load_address>0x1ccc</load_address>
         <run_address>0x1ccc</run_address>
         <size>0x16</size>
         <input_file_ref idref="fl-e"/>
      </object_component>
      <object_component id="oc-337">
         <name>.text:SysCtlPWMClockSet</name>
         <load_address>0x1ce4</load_address>
         <run_address>0x1ce4</run_address>
         <size>0x14</size>
         <input_file_ref idref="fl-eb"/>
      </object_component>
      <object_component id="oc-15b">
         <name>.text</name>
         <load_address>0x1cf8</load_address>
         <run_address>0x1cf8</run_address>
         <size>0x14</size>
         <input_file_ref idref="fl-e0"/>
      </object_component>
      <object_component id="oc-34f">
         <name>.text:GPIOPinTypePWM</name>
         <load_address>0x1d0c</load_address>
         <run_address>0x1d0c</run_address>
         <size>0x12</size>
         <input_file_ref idref="fl-e6"/>
      </object_component>
      <object_component id="oc-36d">
         <name>.text:PWMOutputState</name>
         <load_address>0x1d1e</load_address>
         <run_address>0x1d1e</run_address>
         <size>0x12</size>
         <input_file_ref idref="fl-e9"/>
      </object_component>
      <object_component id="oc-385">
         <name>.text:prvDeleteTCB</name>
         <load_address>0x1d30</load_address>
         <run_address>0x1d30</run_address>
         <size>0x12</size>
         <input_file_ref idref="fl-10"/>
      </object_component>
      <object_component id="oc-35b">
         <name>.text:PWMGenPeriodSet</name>
         <load_address>0x1d42</load_address>
         <run_address>0x1d42</run_address>
         <size>0x10</size>
         <input_file_ref idref="fl-e9"/>
      </object_component>
      <object_component id="oc-326">
         <name>.text:prvTaskExitError</name>
         <load_address>0x1d52</load_address>
         <run_address>0x1d52</run_address>
         <size>0x10</size>
         <input_file_ref idref="fl-11"/>
      </object_component>
      <object_component id="oc-224">
         <name>.text:vTaskSuspendAll</name>
         <load_address>0x1d64</load_address>
         <run_address>0x1d64</run_address>
         <size>0x10</size>
         <input_file_ref idref="fl-10"/>
      </object_component>
      <object_component id="oc-18">
         <name>.text:decompress:none</name>
         <load_address>0x1d74</load_address>
         <run_address>0x1d74</run_address>
         <size>0xe</size>
         <input_file_ref idref="fl-d2"/>
      </object_component>
      <object_component id="oc-367">
         <name>.text:PWMGenEnable</name>
         <load_address>0x1d82</load_address>
         <run_address>0x1d82</run_address>
         <size>0xc</size>
         <input_file_ref idref="fl-e9"/>
      </object_component>
      <object_component id="oc-1e">
         <name>.text:decompress:ZI</name>
         <load_address>0x1d8e</load_address>
         <run_address>0x1d8e</run_address>
         <size>0xc</size>
         <input_file_ref idref="fl-d3"/>
      </object_component>
      <object_component id="oc-2f8">
         <name>.text:vTaskMissedYield</name>
         <load_address>0x1d9c</load_address>
         <run_address>0x1d9c</run_address>
         <size>0xc</size>
         <input_file_ref idref="fl-10"/>
      </object_component>
      <object_component id="oc-1e8">
         <name>.text:prvIdleTask</name>
         <load_address>0x1da8</load_address>
         <run_address>0x1da8</run_address>
         <size>0x8</size>
         <input_file_ref idref="fl-10"/>
      </object_component>
      <object_component id="oc-376">
         <name>.text:GPIOPinWrite</name>
         <load_address>0x1db0</load_address>
         <run_address>0x1db0</run_address>
         <size>0x6</size>
         <input_file_ref idref="fl-e6"/>
      </object_component>
      <object_component id="oc-2b">
         <name>.text:ResetISR</name>
         <load_address>0x1db6</load_address>
         <run_address>0x1db6</run_address>
         <size>0x6</size>
         <input_file_ref idref="fl-3"/>
      </object_component>
      <object_component id="oc-19e">
         <name>.text:SysCtlDelay</name>
         <load_address>0x1dbc</load_address>
         <run_address>0x1dbc</run_address>
         <size>0x6</size>
         <input_file_ref idref="fl-eb"/>
      </object_component>
      <object_component id="oc-1a1">
         <name>.text:UARTClockSourceSet</name>
         <load_address>0x1dc2</load_address>
         <run_address>0x1dc2</run_address>
         <size>0x6</size>
         <input_file_ref idref="fl-ed"/>
      </object_component>
      <object_component id="oc-31f">
         <name>.text:vListInitialiseItem</name>
         <load_address>0x1dc8</load_address>
         <run_address>0x1dc8</run_address>
         <size>0x6</size>
         <input_file_ref idref="fl-e"/>
      </object_component>
      <object_component id="oc-7a">
         <name>.text</name>
         <load_address>0x1dce</load_address>
         <run_address>0x1dce</run_address>
         <size>0x4</size>
         <input_file_ref idref="fl-dd"/>
      </object_component>
      <object_component id="oc-3a6">
         <name>.const:g_pui32GPIOBaseAddrs</name>
         <load_address>0x1dd4</load_address>
         <run_address>0x1dd4</run_address>
         <size>0x90</size>
         <input_file_ref idref="fl-e6"/>
      </object_component>
      <object_component id="oc-3a2">
         <name>.const:g_pui32Xtals</name>
         <load_address>0x1e64</load_address>
         <run_address>0x1e64</run_address>
         <size>0x6c</size>
         <input_file_ref idref="fl-eb"/>
      </object_component>
      <object_component id="oc-2b1">
         <name>.const:$P$T0$1</name>
         <load_address>0x1ed0</load_address>
         <run_address>0x1ed0</run_address>
         <size>0x24</size>
         <input_file_ref idref="fl-c"/>
      </object_component>
      <object_component id="oc-20c">
         <name>.const:g_ui32UARTBase</name>
         <load_address>0x1ef4</load_address>
         <run_address>0x1ef4</run_address>
         <size>0xc</size>
         <input_file_ref idref="fl-14"/>
      </object_component>
      <object_component id="oc-209">
         <name>.const:g_ui32UARTPeriph</name>
         <load_address>0x1f00</load_address>
         <run_address>0x1f00</run_address>
         <size>0xc</size>
         <input_file_ref idref="fl-14"/>
      </object_component>
      <object_component id="oc-9d">
         <name>.const</name>
         <load_address>0x1f0c</load_address>
         <run_address>0x1f0c</run_address>
         <size>0x4</size>
         <input_file_ref idref="fl-11"/>
      </object_component>
      <object_component id="oc-3ed">
         <name>.cinit..data.load</name>
         <load_address>0x1f10</load_address>
         <run_address>0x1f10</run_address>
         <size>0x19</size>
      </object_component>
      <object_component id="oc-3eb">
         <name>__TI_handler_table</name>
         <load_address>0x1f2c</load_address>
         <run_address>0x1f2c</run_address>
         <size>0xc</size>
      </object_component>
      <object_component id="oc-3ee">
         <name>.cinit..bss.load</name>
         <load_address>0x1f38</load_address>
         <run_address>0x1f38</run_address>
         <size>0x8</size>
      </object_component>
      <object_component id="oc-3ec">
         <name>__TI_cinit_table</name>
         <load_address>0x1f40</load_address>
         <run_address>0x1f40</run_address>
         <size>0x10</size>
      </object_component>
      <object_component id="oc-9a">
         <name>.data</name>
         <load_address>0x200078f0</load_address>
         <run_address>0x200078f0</run_address>
         <size>0x30</size>
         <input_file_ref idref="fl-10"/>
      </object_component>
      <object_component id="oc-2c1">
         <name>.data</name>
         <load_address>0x20007944</load_address>
         <run_address>0x20007944</run_address>
         <size>0x4</size>
         <input_file_ref idref="fl-11"/>
      </object_component>
      <object_component id="oc-236">
         <name>.data</name>
         <load_address>0x20007934</load_address>
         <run_address>0x20007934</run_address>
         <size>0x8</size>
         <input_file_ref idref="fl-13"/>
      </object_component>
      <object_component id="oc-20f">
         <name>.data</name>
         <load_address>0x2000793c</load_address>
         <run_address>0x2000793c</run_address>
         <size>0x5</size>
         <input_file_ref idref="fl-14"/>
      </object_component>
      <object_component id="oc-e3">
         <name>.data:$O1$$</name>
         <load_address>0x20007920</load_address>
         <run_address>0x20007920</run_address>
         <size>0xc</size>
         <input_file_ref idref="fl-d4"/>
      </object_component>
      <object_component id="oc-92">
         <name>.data</name>
         <load_address>0x20007948</load_address>
         <run_address>0x20007948</run_address>
         <size>0x4</size>
         <input_file_ref idref="fl-de"/>
      </object_component>
      <object_component id="oc-e6">
         <name>.data:$O1$$</name>
         <load_address>0x2000792c</load_address>
         <run_address>0x2000792c</run_address>
         <size>0x8</size>
         <input_file_ref idref="fl-e0"/>
      </object_component>
      <object_component id="oc-ff">
         <name>.bss:pxReadyTasksLists</name>
         <uninitialized>true</uninitialized>
         <run_address>0x20007530</run_address>
         <size>0x140</size>
         <input_file_ref idref="fl-10"/>
      </object_component>
      <object_component id="oc-32d">
         <name>.bss:xDelayedTaskList1</name>
         <uninitialized>true</uninitialized>
         <run_address>0x20007670</run_address>
         <size>0x14</size>
         <input_file_ref idref="fl-10"/>
      </object_component>
      <object_component id="oc-330">
         <name>.bss:xDelayedTaskList2</name>
         <uninitialized>true</uninitialized>
         <run_address>0x20007684</run_address>
         <size>0x14</size>
         <input_file_ref idref="fl-10"/>
      </object_component>
      <object_component id="oc-115">
         <name>.bss</name>
         <uninitialized>true</uninitialized>
         <run_address>0x200076d4</run_address>
         <size>0x8</size>
         <input_file_ref idref="fl-10"/>
      </object_component>
      <object_component id="oc-2e3">
         <name>.bss:xPendingReadyList</name>
         <uninitialized>true</uninitialized>
         <run_address>0x20007698</run_address>
         <size>0x14</size>
         <input_file_ref idref="fl-10"/>
      </object_component>
      <object_component id="oc-333">
         <name>.bss:xTasksWaitingTermination</name>
         <uninitialized>true</uninitialized>
         <run_address>0x200076c0</run_address>
         <size>0x14</size>
         <input_file_ref idref="fl-10"/>
      </object_component>
      <object_component id="oc-30c">
         <name>.bss:xSuspendedTaskList</name>
         <uninitialized>true</uninitialized>
         <run_address>0x200076ac</run_address>
         <size>0x14</size>
         <input_file_ref idref="fl-10"/>
      </object_component>
      <object_component id="oc-2df">
         <name>.bss:ucHeap</name>
         <uninitialized>true</uninitialized>
         <run_address>0x20000000</run_address>
         <size>0x7530</size>
         <input_file_ref idref="fl-13"/>
      </object_component>
      <object_component id="oc-239">
         <name>.bss:xStart</name>
         <uninitialized>true</uninitialized>
         <run_address>0x200076e4</run_address>
         <size>0x8</size>
         <input_file_ref idref="fl-13"/>
      </object_component>
      <object_component id="oc-23c">
         <name>.bss:xEnd</name>
         <uninitialized>true</uninitialized>
         <run_address>0x200076dc</run_address>
         <size>0x8</size>
         <input_file_ref idref="fl-13"/>
      </object_component>
      <object_component id="oc-14e">
         <name>.common:g_pUARTSemaphore</name>
         <uninitialized>true</uninitialized>
         <run_address>0x200076ec</run_address>
         <size>0x4</size>
      </object_component>
      <object_component id="oc-2a">
         <name>.stack</name>
         <uninitialized>true</uninitialized>
         <run_address>0x200076f0</run_address>
         <size>0x0</size>
         <input_file_ref idref="fl-d0"/>
      </object_component>
      <object_component id="oc-3ef">
         <name>.stack</name>
         <uninitialized>true</uninitialized>
         <run_address>0x200076f0</run_address>
         <size>0x0</size>
      </object_component>
      <object_component id="oc-14f">
         <name>.debug_info</name>
         <load_address>0x0</load_address>
         <run_address>0x0</run_address>
         <size>0x456</size>
         <input_file_ref idref="fl-2"/>
      </object_component>
      <object_component id="oc-fa">
         <name>.debug_info</name>
         <load_address>0x456</load_address>
         <run_address>0x456</run_address>
         <size>0x15a</size>
         <input_file_ref idref="fl-2"/>
      </object_component>
      <object_component id="oc-131">
         <name>.debug_info</name>
         <load_address>0x5b0</load_address>
         <run_address>0x5b0</run_address>
         <size>0x160</size>
         <input_file_ref idref="fl-2"/>
      </object_component>
      <object_component id="oc-dc">
         <name>.debug_info</name>
         <load_address>0x710</load_address>
         <run_address>0x710</run_address>
         <size>0x18d</size>
         <input_file_ref idref="fl-2"/>
      </object_component>
      <object_component id="oc-178">
         <name>.debug_info</name>
         <load_address>0x89d</load_address>
         <run_address>0x89d</run_address>
         <size>0x2ef</size>
         <input_file_ref idref="fl-2"/>
      </object_component>
      <object_component id="oc-57">
         <name>.debug_info</name>
         <load_address>0xb8c</load_address>
         <run_address>0xb8c</run_address>
         <size>0x84</size>
         <input_file_ref idref="fl-2"/>
      </object_component>
      <object_component id="oc-1ce">
         <name>.debug_info</name>
         <load_address>0xc10</load_address>
         <run_address>0xc10</run_address>
         <size>0x46</size>
         <input_file_ref idref="fl-2"/>
      </object_component>
      <object_component id="oc-1f1">
         <name>.debug_info</name>
         <load_address>0xc56</load_address>
         <run_address>0xc56</run_address>
         <size>0x2c</size>
         <input_file_ref idref="fl-2"/>
      </object_component>
      <object_component id="oc-169">
         <name>.debug_info</name>
         <load_address>0xc82</load_address>
         <run_address>0xc82</run_address>
         <size>0x2c</size>
         <input_file_ref idref="fl-2"/>
      </object_component>
      <object_component id="oc-b0">
         <name>.debug_info</name>
         <load_address>0xcae</load_address>
         <run_address>0xcae</run_address>
         <size>0x18b</size>
         <input_file_ref idref="fl-2"/>
      </object_component>
      <object_component id="oc-f1">
         <name>.debug_info</name>
         <load_address>0xe39</load_address>
         <run_address>0xe39</run_address>
         <size>0x53</size>
         <input_file_ref idref="fl-2"/>
      </object_component>
      <object_component id="oc-1b6">
         <name>.debug_info</name>
         <load_address>0xe8c</load_address>
         <run_address>0xe8c</run_address>
         <size>0x4e</size>
         <input_file_ref idref="fl-2"/>
      </object_component>
      <object_component id="oc-182">
         <name>.debug_info</name>
         <load_address>0xeda</load_address>
         <run_address>0xeda</run_address>
         <size>0x14c</size>
         <input_file_ref idref="fl-2"/>
      </object_component>
      <object_component id="oc-50">
         <name>.debug_info</name>
         <load_address>0x1026</load_address>
         <run_address>0x1026</run_address>
         <size>0x318</size>
         <input_file_ref idref="fl-3"/>
      </object_component>
      <object_component id="oc-10">
         <name>.debug_info</name>
         <load_address>0x133e</load_address>
         <run_address>0x133e</run_address>
         <size>0xe9</size>
         <input_file_ref idref="fl-3"/>
      </object_component>
      <object_component id="oc-2c">
         <name>.debug_info</name>
         <load_address>0x1427</load_address>
         <run_address>0x1427</run_address>
         <size>0x119</size>
         <input_file_ref idref="fl-3"/>
      </object_component>
      <object_component id="oc-32">
         <name>.debug_info</name>
         <load_address>0x1540</load_address>
         <run_address>0x1540</run_address>
         <size>0x10a</size>
         <input_file_ref idref="fl-3"/>
      </object_component>
      <object_component id="oc-3e">
         <name>.debug_info</name>
         <load_address>0x164a</load_address>
         <run_address>0x164a</run_address>
         <size>0x122</size>
         <input_file_ref idref="fl-3"/>
      </object_component>
      <object_component id="oc-38">
         <name>.debug_info</name>
         <load_address>0x176c</load_address>
         <run_address>0x176c</run_address>
         <size>0x110</size>
         <input_file_ref idref="fl-3"/>
      </object_component>
      <object_component id="oc-375">
         <name>.debug_info</name>
         <load_address>0x187c</load_address>
         <run_address>0x187c</run_address>
         <size>0x31e</size>
         <input_file_ref idref="fl-6"/>
      </object_component>
      <object_component id="oc-2a6">
         <name>.debug_info</name>
         <load_address>0x1b9a</load_address>
         <run_address>0x1b9a</run_address>
         <size>0x1ff</size>
         <input_file_ref idref="fl-6"/>
      </object_component>
      <object_component id="oc-2a0">
         <name>.debug_info</name>
         <load_address>0x1d99</load_address>
         <run_address>0x1d99</run_address>
         <size>0x179</size>
         <input_file_ref idref="fl-6"/>
      </object_component>
      <object_component id="oc-2b6">
         <name>.debug_info</name>
         <load_address>0x1f12</load_address>
         <run_address>0x1f12</run_address>
         <size>0xea</size>
         <input_file_ref idref="fl-6"/>
      </object_component>
      <object_component id="oc-202">
         <name>.debug_info</name>
         <load_address>0x1ffc</load_address>
         <run_address>0x1ffc</run_address>
         <size>0x8b</size>
         <input_file_ref idref="fl-6"/>
      </object_component>
      <object_component id="oc-2b5">
         <name>.debug_info</name>
         <load_address>0x2087</load_address>
         <run_address>0x2087</run_address>
         <size>0x5f0</size>
         <input_file_ref idref="fl-c"/>
      </object_component>
      <object_component id="oc-2b2">
         <name>.debug_info</name>
         <load_address>0x2677</load_address>
         <run_address>0x2677</run_address>
         <size>0xe2</size>
         <input_file_ref idref="fl-c"/>
      </object_component>
      <object_component id="oc-143">
         <name>.debug_info</name>
         <load_address>0x2759</load_address>
         <run_address>0x2759</run_address>
         <size>0x150</size>
         <input_file_ref idref="fl-c"/>
      </object_component>
      <object_component id="oc-29a">
         <name>.debug_info</name>
         <load_address>0x28a9</load_address>
         <run_address>0x28a9</run_address>
         <size>0x26d</size>
         <input_file_ref idref="fl-c"/>
      </object_component>
      <object_component id="oc-1dc">
         <name>.debug_info</name>
         <load_address>0x2b16</load_address>
         <run_address>0x2b16</run_address>
         <size>0x1f9</size>
         <input_file_ref idref="fl-c"/>
      </object_component>
      <object_component id="oc-18e">
         <name>.debug_info</name>
         <load_address>0x2d0f</load_address>
         <run_address>0x2d0f</run_address>
         <size>0x308</size>
         <input_file_ref idref="fl-e"/>
      </object_component>
      <object_component id="oc-110">
         <name>.debug_info</name>
         <load_address>0x3017</load_address>
         <run_address>0x3017</run_address>
         <size>0x26f</size>
         <input_file_ref idref="fl-e"/>
      </object_component>
      <object_component id="oc-301">
         <name>.debug_info</name>
         <load_address>0x3286</load_address>
         <run_address>0x3286</run_address>
         <size>0x29a</size>
         <input_file_ref idref="fl-e"/>
      </object_component>
      <object_component id="oc-320">
         <name>.debug_info</name>
         <load_address>0x3520</load_address>
         <run_address>0x3520</run_address>
         <size>0x21c</size>
         <input_file_ref idref="fl-e"/>
      </object_component>
      <object_component id="oc-1c2">
         <name>.debug_info</name>
         <load_address>0x373c</load_address>
         <run_address>0x373c</run_address>
         <size>0x214</size>
         <input_file_ref idref="fl-e"/>
      </object_component>
      <object_component id="oc-10a">
         <name>.debug_info</name>
         <load_address>0x3950</load_address>
         <run_address>0x3950</run_address>
         <size>0x247</size>
         <input_file_ref idref="fl-e"/>
      </object_component>
      <object_component id="oc-16e">
         <name>.debug_info</name>
         <load_address>0x3b97</load_address>
         <run_address>0x3b97</run_address>
         <size>0x110</size>
         <input_file_ref idref="fl-e"/>
      </object_component>
      <object_component id="oc-1d3">
         <name>.debug_info</name>
         <load_address>0x3ca7</load_address>
         <run_address>0x3ca7</run_address>
         <size>0x7c5</size>
         <input_file_ref idref="fl-f"/>
      </object_component>
      <object_component id="oc-25b">
         <name>.debug_info</name>
         <load_address>0x446c</load_address>
         <run_address>0x446c</run_address>
         <size>0x2e9</size>
         <input_file_ref idref="fl-f"/>
      </object_component>
      <object_component id="oc-261">
         <name>.debug_info</name>
         <load_address>0x4755</load_address>
         <run_address>0x4755</run_address>
         <size>0x267</size>
         <input_file_ref idref="fl-f"/>
      </object_component>
      <object_component id="oc-26d">
         <name>.debug_info</name>
         <load_address>0x49bc</load_address>
         <run_address>0x49bc</run_address>
         <size>0x2cf</size>
         <input_file_ref idref="fl-f"/>
      </object_component>
      <object_component id="oc-1c8">
         <name>.debug_info</name>
         <load_address>0x4c8b</load_address>
         <run_address>0x4c8b</run_address>
         <size>0x502</size>
         <input_file_ref idref="fl-f"/>
      </object_component>
      <object_component id="oc-13d">
         <name>.debug_info</name>
         <load_address>0x518d</load_address>
         <run_address>0x518d</run_address>
         <size>0x2aa</size>
         <input_file_ref idref="fl-f"/>
      </object_component>
      <object_component id="oc-27b">
         <name>.debug_info</name>
         <load_address>0x5437</load_address>
         <run_address>0x5437</run_address>
         <size>0x1cd</size>
         <input_file_ref idref="fl-f"/>
      </object_component>
      <object_component id="oc-f0">
         <name>.debug_info</name>
         <load_address>0x5604</load_address>
         <run_address>0x5604</run_address>
         <size>0x7a2</size>
         <input_file_ref idref="fl-10"/>
      </object_component>
      <object_component id="oc-9b">
         <name>.debug_info</name>
         <load_address>0x5da6</load_address>
         <run_address>0x5da6</run_address>
         <size>0x338</size>
         <input_file_ref idref="fl-10"/>
      </object_component>
      <object_component id="oc-100">
         <name>.debug_info</name>
         <load_address>0x60de</load_address>
         <run_address>0x60de</run_address>
         <size>0x134</size>
         <input_file_ref idref="fl-10"/>
      </object_component>
      <object_component id="oc-32e">
         <name>.debug_info</name>
         <load_address>0x6212</load_address>
         <run_address>0x6212</run_address>
         <size>0x134</size>
         <input_file_ref idref="fl-10"/>
      </object_component>
      <object_component id="oc-331">
         <name>.debug_info</name>
         <load_address>0x6346</load_address>
         <run_address>0x6346</run_address>
         <size>0x134</size>
         <input_file_ref idref="fl-10"/>
      </object_component>
      <object_component id="oc-116">
         <name>.debug_info</name>
         <load_address>0x647a</load_address>
         <run_address>0x647a</run_address>
         <size>0x176</size>
         <input_file_ref idref="fl-10"/>
      </object_component>
      <object_component id="oc-2e4">
         <name>.debug_info</name>
         <load_address>0x65f0</load_address>
         <run_address>0x65f0</run_address>
         <size>0x134</size>
         <input_file_ref idref="fl-10"/>
      </object_component>
      <object_component id="oc-334">
         <name>.debug_info</name>
         <load_address>0x6724</load_address>
         <run_address>0x6724</run_address>
         <size>0x142</size>
         <input_file_ref idref="fl-10"/>
      </object_component>
      <object_component id="oc-30d">
         <name>.debug_info</name>
         <load_address>0x6866</load_address>
         <run_address>0x6866</run_address>
         <size>0x136</size>
         <input_file_ref idref="fl-10"/>
      </object_component>
      <object_component id="oc-104">
         <name>.debug_info</name>
         <load_address>0x699c</load_address>
         <run_address>0x699c</run_address>
         <size>0x21a</size>
         <input_file_ref idref="fl-10"/>
      </object_component>
      <object_component id="oc-a8">
         <name>.debug_info</name>
         <load_address>0x6bb6</load_address>
         <run_address>0x6bb6</run_address>
         <size>0x2ea</size>
         <input_file_ref idref="fl-10"/>
      </object_component>
      <object_component id="oc-231">
         <name>.debug_info</name>
         <load_address>0x6ea0</load_address>
         <run_address>0x6ea0</run_address>
         <size>0x2b2</size>
         <input_file_ref idref="fl-10"/>
      </object_component>
      <object_component id="oc-273">
         <name>.debug_info</name>
         <load_address>0x7152</load_address>
         <run_address>0x7152</run_address>
         <size>0x2bb</size>
         <input_file_ref idref="fl-10"/>
      </object_component>
      <object_component id="oc-311">
         <name>.debug_info</name>
         <load_address>0x740d</load_address>
         <run_address>0x740d</run_address>
         <size>0x29c</size>
         <input_file_ref idref="fl-10"/>
      </object_component>
      <object_component id="oc-307">
         <name>.debug_info</name>
         <load_address>0x76a9</load_address>
         <run_address>0x76a9</run_address>
         <size>0x275</size>
         <input_file_ref idref="fl-10"/>
      </object_component>
      <object_component id="oc-281">
         <name>.debug_info</name>
         <load_address>0x791e</load_address>
         <run_address>0x791e</run_address>
         <size>0x300</size>
         <input_file_ref idref="fl-10"/>
      </object_component>
      <object_component id="oc-287">
         <name>.debug_info</name>
         <load_address>0x7c1e</load_address>
         <run_address>0x7c1e</run_address>
         <size>0x2fc</size>
         <input_file_ref idref="fl-10"/>
      </object_component>
      <object_component id="oc-293">
         <name>.debug_info</name>
         <load_address>0x7f1a</load_address>
         <run_address>0x7f1a</run_address>
         <size>0x281</size>
         <input_file_ref idref="fl-10"/>
      </object_component>
      <object_component id="oc-1d6">
         <name>.debug_info</name>
         <load_address>0x819b</load_address>
         <run_address>0x819b</run_address>
         <size>0x4b8</size>
         <input_file_ref idref="fl-10"/>
      </object_component>
      <object_component id="oc-243">
         <name>.debug_info</name>
         <load_address>0x8653</load_address>
         <run_address>0x8653</run_address>
         <size>0x230</size>
         <input_file_ref idref="fl-10"/>
      </object_component>
      <object_component id="oc-255">
         <name>.debug_info</name>
         <load_address>0x8883</load_address>
         <run_address>0x8883</run_address>
         <size>0x304</size>
         <input_file_ref idref="fl-10"/>
      </object_component>
      <object_component id="oc-a1">
         <name>.debug_info</name>
         <load_address>0x8b87</load_address>
         <run_address>0x8b87</run_address>
         <size>0x27b</size>
         <input_file_ref idref="fl-10"/>
      </object_component>
      <object_component id="oc-225">
         <name>.debug_info</name>
         <load_address>0x8e02</load_address>
         <run_address>0x8e02</run_address>
         <size>0x1f0</size>
         <input_file_ref idref="fl-10"/>
      </object_component>
      <object_component id="oc-149">
         <name>.debug_info</name>
         <load_address>0x8ff2</load_address>
         <run_address>0x8ff2</run_address>
         <size>0x22b</size>
         <input_file_ref idref="fl-10"/>
      </object_component>
      <object_component id="oc-267">
         <name>.debug_info</name>
         <load_address>0x921d</load_address>
         <run_address>0x921d</run_address>
         <size>0x2e1</size>
         <input_file_ref idref="fl-10"/>
      </object_component>
      <object_component id="oc-2f9">
         <name>.debug_info</name>
         <load_address>0x94fe</load_address>
         <run_address>0x94fe</run_address>
         <size>0x1f2</size>
         <input_file_ref idref="fl-10"/>
      </object_component>
      <object_component id="oc-2ac">
         <name>.debug_info</name>
         <load_address>0x96f0</load_address>
         <run_address>0x96f0</run_address>
         <size>0x2ae</size>
         <input_file_ref idref="fl-10"/>
      </object_component>
      <object_component id="oc-386">
         <name>.debug_info</name>
         <load_address>0x999e</load_address>
         <run_address>0x999e</run_address>
         <size>0x22f</size>
         <input_file_ref idref="fl-10"/>
      </object_component>
      <object_component id="oc-2c6">
         <name>.debug_info</name>
         <load_address>0x9bcd</load_address>
         <run_address>0x9bcd</run_address>
         <size>0x2c5</size>
         <input_file_ref idref="fl-10"/>
      </object_component>
      <object_component id="oc-1e9">
         <name>.debug_info</name>
         <load_address>0x9e92</load_address>
         <run_address>0x9e92</run_address>
         <size>0x228</size>
         <input_file_ref idref="fl-10"/>
      </object_component>
      <object_component id="oc-173">
         <name>.debug_info</name>
         <load_address>0xa0ba</load_address>
         <run_address>0xa0ba</run_address>
         <size>0x169</size>
         <input_file_ref idref="fl-10"/>
      </object_component>
      <object_component id="oc-17d">
         <name>.debug_info</name>
         <load_address>0xa223</load_address>
         <run_address>0xa223</run_address>
         <size>0x46</size>
         <input_file_ref idref="fl-10"/>
      </object_component>
      <object_component id="oc-f8">
         <name>.debug_info</name>
         <load_address>0xa269</load_address>
         <run_address>0xa269</run_address>
         <size>0x411</size>
         <input_file_ref idref="fl-11"/>
      </object_component>
      <object_component id="oc-9e">
         <name>.debug_info</name>
         <load_address>0xa67a</load_address>
         <run_address>0xa67a</run_address>
         <size>0x162</size>
         <input_file_ref idref="fl-11"/>
      </object_component>
      <object_component id="oc-2c2">
         <name>.debug_info</name>
         <load_address>0xa7dc</load_address>
         <run_address>0xa7dc</run_address>
         <size>0x149</size>
         <input_file_ref idref="fl-11"/>
      </object_component>
      <object_component id="oc-49">
         <name>.debug_info</name>
         <load_address>0xa925</load_address>
         <run_address>0xa925</run_address>
         <size>0x250</size>
         <input_file_ref idref="fl-11"/>
      </object_component>
      <object_component id="oc-2bc">
         <name>.debug_info</name>
         <load_address>0xab75</load_address>
         <run_address>0xab75</run_address>
         <size>0x256</size>
         <input_file_ref idref="fl-11"/>
      </object_component>
      <object_component id="oc-1e3">
         <name>.debug_info</name>
         <load_address>0xadcb</load_address>
         <run_address>0xadcb</run_address>
         <size>0x289</size>
         <input_file_ref idref="fl-11"/>
      </object_component>
      <object_component id="oc-249">
         <name>.debug_info</name>
         <load_address>0xb054</load_address>
         <run_address>0xb054</run_address>
         <size>0x233</size>
         <input_file_ref idref="fl-11"/>
      </object_component>
      <object_component id="oc-24f">
         <name>.debug_info</name>
         <load_address>0xb287</load_address>
         <run_address>0xb287</run_address>
         <size>0x235</size>
         <input_file_ref idref="fl-11"/>
      </object_component>
      <object_component id="oc-28d">
         <name>.debug_info</name>
         <load_address>0xb4bc</load_address>
         <run_address>0xb4bc</run_address>
         <size>0x2ea</size>
         <input_file_ref idref="fl-11"/>
      </object_component>
      <object_component id="oc-327">
         <name>.debug_info</name>
         <load_address>0xb7a6</load_address>
         <run_address>0xb7a6</run_address>
         <size>0x223</size>
         <input_file_ref idref="fl-11"/>
      </object_component>
      <object_component id="oc-44">
         <name>.debug_info</name>
         <load_address>0xb9c9</load_address>
         <run_address>0xb9c9</run_address>
         <size>0x29a</size>
         <input_file_ref idref="fl-12"/>
      </object_component>
      <object_component id="oc-240">
         <name>.debug_info</name>
         <load_address>0xbc63</load_address>
         <run_address>0xbc63</run_address>
         <size>0x3b6</size>
         <input_file_ref idref="fl-13"/>
      </object_component>
      <object_component id="oc-2e0">
         <name>.debug_info</name>
         <load_address>0xc019</load_address>
         <run_address>0xc019</run_address>
         <size>0x130</size>
         <input_file_ref idref="fl-13"/>
      </object_component>
      <object_component id="oc-23a">
         <name>.debug_info</name>
         <load_address>0xc149</load_address>
         <run_address>0xc149</run_address>
         <size>0x130</size>
         <input_file_ref idref="fl-13"/>
      </object_component>
      <object_component id="oc-23d">
         <name>.debug_info</name>
         <load_address>0xc279</load_address>
         <run_address>0xc279</run_address>
         <size>0x12c</size>
         <input_file_ref idref="fl-13"/>
      </object_component>
      <object_component id="oc-237">
         <name>.debug_info</name>
         <load_address>0xc3a5</load_address>
         <run_address>0xc3a5</run_address>
         <size>0x14a</size>
         <input_file_ref idref="fl-13"/>
      </object_component>
      <object_component id="oc-319">
         <name>.debug_info</name>
         <load_address>0xc4ef</load_address>
         <run_address>0xc4ef</run_address>
         <size>0x2bb</size>
         <input_file_ref idref="fl-13"/>
      </object_component>
      <object_component id="oc-22b">
         <name>.debug_info</name>
         <load_address>0xc7aa</load_address>
         <run_address>0xc7aa</run_address>
         <size>0x21d</size>
         <input_file_ref idref="fl-13"/>
      </object_component>
      <object_component id="oc-1bc">
         <name>.debug_info</name>
         <load_address>0xc9c7</load_address>
         <run_address>0xc9c7</run_address>
         <size>0x38f</size>
         <input_file_ref idref="fl-13"/>
      </object_component>
      <object_component id="oc-2eb">
         <name>.debug_info</name>
         <load_address>0xcd56</load_address>
         <run_address>0xcd56</run_address>
         <size>0x62</size>
         <input_file_ref idref="fl-13"/>
      </object_component>
      <object_component id="oc-1b5">
         <name>.debug_info</name>
         <load_address>0xcdb8</load_address>
         <run_address>0xcdb8</run_address>
         <size>0x2c7</size>
         <input_file_ref idref="fl-14"/>
      </object_component>
      <object_component id="oc-210">
         <name>.debug_info</name>
         <load_address>0xd07f</load_address>
         <run_address>0xd07f</run_address>
         <size>0x114</size>
         <input_file_ref idref="fl-14"/>
      </object_component>
      <object_component id="oc-20d">
         <name>.debug_info</name>
         <load_address>0xd193</load_address>
         <run_address>0xd193</run_address>
         <size>0x11c</size>
         <input_file_ref idref="fl-14"/>
      </object_component>
      <object_component id="oc-20a">
         <name>.debug_info</name>
         <load_address>0xd2af</load_address>
         <run_address>0xd2af</run_address>
         <size>0x120</size>
         <input_file_ref idref="fl-14"/>
      </object_component>
      <object_component id="oc-217">
         <name>.debug_info</name>
         <load_address>0xd3cf</load_address>
         <run_address>0xd3cf</run_address>
         <size>0x225</size>
         <input_file_ref idref="fl-14"/>
      </object_component>
      <object_component id="oc-1af">
         <name>.debug_info</name>
         <load_address>0xd5f4</load_address>
         <run_address>0xd5f4</run_address>
         <size>0x357</size>
         <input_file_ref idref="fl-14"/>
      </object_component>
      <object_component id="oc-137">
         <name>.debug_info</name>
         <load_address>0xd94b</load_address>
         <run_address>0xd94b</run_address>
         <size>0x1f2</size>
         <input_file_ref idref="fl-14"/>
      </object_component>
      <object_component id="oc-212">
         <name>.debug_info</name>
         <load_address>0xdb3d</load_address>
         <run_address>0xdb3d</run_address>
         <size>0x270</size>
         <input_file_ref idref="fl-14"/>
      </object_component>
      <object_component id="oc-1a8">
         <name>.debug_info</name>
         <load_address>0xddad</load_address>
         <run_address>0xddad</run_address>
         <size>0x288</size>
         <input_file_ref idref="fl-14"/>
      </object_component>
      <object_component id="oc-25">
         <name>.debug_info</name>
         <load_address>0xe035</load_address>
         <run_address>0xe035</run_address>
         <size>0x160</size>
         <input_file_ref idref="fl-d0"/>
      </object_component>
      <object_component id="oc-ba">
         <name>.debug_info</name>
         <load_address>0xe195</load_address>
         <run_address>0xe195</run_address>
         <size>0x293</size>
         <input_file_ref idref="fl-d1"/>
      </object_component>
      <object_component id="oc-13">
         <name>.debug_info</name>
         <load_address>0xe428</load_address>
         <run_address>0xe428</run_address>
         <size>0x245</size>
         <input_file_ref idref="fl-d1"/>
      </object_component>
      <object_component id="oc-52">
         <name>.debug_info</name>
         <load_address>0xe66d</load_address>
         <run_address>0xe66d</run_address>
         <size>0x60</size>
         <input_file_ref idref="fl-d1"/>
      </object_component>
      <object_component id="oc-b5">
         <name>.debug_info</name>
         <load_address>0xe6cd</load_address>
         <run_address>0xe6cd</run_address>
         <size>0x46</size>
         <input_file_ref idref="fl-d1"/>
      </object_component>
      <object_component id="oc-67">
         <name>.debug_info</name>
         <load_address>0xe713</load_address>
         <run_address>0xe713</run_address>
         <size>0x2da</size>
         <input_file_ref idref="fl-d2"/>
      </object_component>
      <object_component id="oc-19">
         <name>.debug_info</name>
         <load_address>0xe9ed</load_address>
         <run_address>0xe9ed</run_address>
         <size>0x1df</size>
         <input_file_ref idref="fl-d2"/>
      </object_component>
      <object_component id="oc-62">
         <name>.debug_info</name>
         <load_address>0xebcc</load_address>
         <run_address>0xebcc</run_address>
         <size>0x46</size>
         <input_file_ref idref="fl-d2"/>
      </object_component>
      <object_component id="oc-bc">
         <name>.debug_info</name>
         <load_address>0xec12</load_address>
         <run_address>0xec12</run_address>
         <size>0x2c</size>
         <input_file_ref idref="fl-d2"/>
      </object_component>
      <object_component id="oc-73">
         <name>.debug_info</name>
         <load_address>0xec3e</load_address>
         <run_address>0xec3e</run_address>
         <size>0x2c9</size>
         <input_file_ref idref="fl-d3"/>
      </object_component>
      <object_component id="oc-1f">
         <name>.debug_info</name>
         <load_address>0xef07</load_address>
         <run_address>0xef07</run_address>
         <size>0x1aa</size>
         <input_file_ref idref="fl-d3"/>
      </object_component>
      <object_component id="oc-6e">
         <name>.debug_info</name>
         <load_address>0xf0b1</load_address>
         <run_address>0xf0b1</run_address>
         <size>0x46</size>
         <input_file_ref idref="fl-d3"/>
      </object_component>
      <object_component id="oc-c4">
         <name>.debug_info</name>
         <load_address>0xf0f7</load_address>
         <run_address>0xf0f7</run_address>
         <size>0x2c</size>
         <input_file_ref idref="fl-d3"/>
      </object_component>
      <object_component id="oc-ea">
         <name>.debug_info</name>
         <load_address>0xf123</load_address>
         <run_address>0xf123</run_address>
         <size>0x3ce</size>
         <input_file_ref idref="fl-d4"/>
      </object_component>
      <object_component id="oc-e4">
         <name>.debug_info</name>
         <load_address>0xf4f1</load_address>
         <run_address>0xf4f1</run_address>
         <size>0x185</size>
         <input_file_ref idref="fl-d4"/>
      </object_component>
      <object_component id="oc-8d">
         <name>.debug_info</name>
         <load_address>0xf676</load_address>
         <run_address>0xf676</run_address>
         <size>0x214</size>
         <input_file_ref idref="fl-d4"/>
      </object_component>
      <object_component id="oc-5d">
         <name>.debug_info</name>
         <load_address>0xf88a</load_address>
         <run_address>0xf88a</run_address>
         <size>0x111</size>
         <input_file_ref idref="fl-da"/>
      </object_component>
      <object_component id="oc-69">
         <name>.debug_info</name>
         <load_address>0xf99b</load_address>
         <run_address>0xf99b</run_address>
         <size>0x13f</size>
         <input_file_ref idref="fl-db"/>
      </object_component>
      <object_component id="oc-75">
         <name>.debug_info</name>
         <load_address>0xfada</load_address>
         <run_address>0xfada</run_address>
         <size>0x138</size>
         <input_file_ref idref="fl-dc"/>
      </object_component>
      <object_component id="oc-7b">
         <name>.debug_info</name>
         <load_address>0xfc12</load_address>
         <run_address>0xfc12</run_address>
         <size>0x148</size>
         <input_file_ref idref="fl-dd"/>
      </object_component>
      <object_component id="oc-93">
         <name>.debug_info</name>
         <load_address>0xfd5a</load_address>
         <run_address>0xfd5a</run_address>
         <size>0x109</size>
         <input_file_ref idref="fl-de"/>
      </object_component>
      <object_component id="oc-21d">
         <name>.debug_info</name>
         <load_address>0xfe63</load_address>
         <run_address>0xfe63</run_address>
         <size>0x13a</size>
         <input_file_ref idref="fl-df"/>
      </object_component>
      <object_component id="oc-163">
         <name>.debug_info</name>
         <load_address>0xff9d</load_address>
         <run_address>0xff9d</run_address>
         <size>0x2be</size>
         <input_file_ref idref="fl-e0"/>
      </object_component>
      <object_component id="oc-e7">
         <name>.debug_info</name>
         <load_address>0x1025b</load_address>
         <run_address>0x1025b</run_address>
         <size>0x113</size>
         <input_file_ref idref="fl-e0"/>
      </object_component>
      <object_component id="oc-15c">
         <name>.debug_info</name>
         <load_address>0x1036e</load_address>
         <run_address>0x1036e</run_address>
         <size>0x21f</size>
         <input_file_ref idref="fl-e0"/>
      </object_component>
      <object_component id="oc-e2">
         <name>.debug_info</name>
         <load_address>0x1058d</load_address>
         <run_address>0x1058d</run_address>
         <size>0x300</size>
         <input_file_ref idref="fl-e1"/>
      </object_component>
      <object_component id="oc-87">
         <name>.debug_info</name>
         <load_address>0x1088d</load_address>
         <run_address>0x1088d</run_address>
         <size>0x167</size>
         <input_file_ref idref="fl-e1"/>
      </object_component>
      <object_component id="oc-154">
         <name>.debug_info</name>
         <load_address>0x109f4</load_address>
         <run_address>0x109f4</run_address>
         <size>0x5e</size>
         <input_file_ref idref="fl-e1"/>
      </object_component>
      <object_component id="oc-da">
         <name>.debug_info</name>
         <load_address>0x10a52</load_address>
         <run_address>0x10a52</run_address>
         <size>0x483</size>
         <input_file_ref idref="fl-e2"/>
      </object_component>
      <object_component id="oc-81">
         <name>.debug_info</name>
         <load_address>0x10ed5</load_address>
         <run_address>0x10ed5</run_address>
         <size>0x190</size>
         <input_file_ref idref="fl-e2"/>
      </object_component>
      <object_component id="oc-120">
         <name>.debug_info</name>
         <load_address>0x11065</load_address>
         <run_address>0x11065</run_address>
         <size>0x39</size>
         <input_file_ref idref="fl-e2"/>
      </object_component>
      <object_component id="oc-199">
         <name>.debug_info</name>
         <load_address>0x1109e</load_address>
         <run_address>0x1109e</run_address>
         <size>0x39</size>
         <input_file_ref idref="fl-e2"/>
      </object_component>
      <object_component id="oc-125">
         <name>.debug_info</name>
         <load_address>0x110d7</load_address>
         <run_address>0x110d7</run_address>
         <size>0xcd</size>
         <input_file_ref idref="fl-e2"/>
      </object_component>
      <object_component id="oc-11c">
         <name>.debug_info</name>
         <load_address>0x111a4</load_address>
         <run_address>0x111a4</run_address>
         <size>0x37a</size>
         <input_file_ref idref="fl-e3"/>
      </object_component>
      <object_component id="oc-ce">
         <name>.debug_info</name>
         <load_address>0x1151e</load_address>
         <run_address>0x1151e</run_address>
         <size>0x183</size>
         <input_file_ref idref="fl-e3"/>
      </object_component>
      <object_component id="oc-194">
         <name>.debug_info</name>
         <load_address>0x116a1</load_address>
         <run_address>0x116a1</run_address>
         <size>0x2c</size>
         <input_file_ref idref="fl-e3"/>
      </object_component>
      <object_component id="oc-2d8">
         <name>.debug_info</name>
         <load_address>0x116cd</load_address>
         <run_address>0x116cd</run_address>
         <size>0x147</size>
         <input_file_ref idref="fl-e4"/>
      </object_component>
      <object_component id="oc-d4">
         <name>.debug_info</name>
         <load_address>0x11814</load_address>
         <run_address>0x11814</run_address>
         <size>0x145</size>
         <input_file_ref idref="fl-e5"/>
      </object_component>
      <object_component id="oc-3aa">
         <name>.debug_info</name>
         <load_address>0x11959</load_address>
         <run_address>0x11959</run_address>
         <size>0x230</size>
         <input_file_ref idref="fl-e6"/>
      </object_component>
      <object_component id="oc-3a7">
         <name>.debug_info</name>
         <load_address>0x11b89</load_address>
         <run_address>0x11b89</run_address>
         <size>0x15b</size>
         <input_file_ref idref="fl-e6"/>
      </object_component>
      <object_component id="oc-377">
         <name>.debug_info</name>
         <load_address>0x11ce4</load_address>
         <run_address>0x11ce4</run_address>
[...]
         <used_space>0x794c</used_space>
         <unused_space>0x6b4</unused_space>
         <attributes>RWX</attributes>
         <usage_details>
            <allocated_space>
               <start_address>0x20000000</start_address>
               <size>0x76f0</size>
               <logical_group_ref idref="lg-b"/>
            </allocated_space>
            <allocated_space>
               <start_address>0x200076f0</start_address>
               <size>0x200</size>
               <logical_group_ref idref="lg-d"/>
            </allocated_space>
            <allocated_space>
               <start_address>0x200078f0</start_address>
               <size>0x5c</size>
               <logical_group_ref idref="lg-a"/>
            </allocated_space>
            <available_space>
               <start_address>0x2000794c</start_address>
               <size>0x6b4</size>
            </available_space>
         </usage_details>
      </memory_area>
   </placement_map>
   <cptbl_list>
      <cptbl>
         <name>__TI_cinit_table</name>
         <cprec>
            <name>.data</name>
            <load_address>0x1f10</load_address>
            <load_size>0x19</load_size>
            <run_address>0x200078f0</run_address>
            <run_size>0x5c</run_size>
            <compression>lzss</compression>
         </cprec>
         <cprec>
            <name>.bss</name>
            <load_address>0x1f38</load_address>
            <load_size>0x8</load_size>
            <run_address>0x20000000</run_address>
            <run_size>0x76f0</run_size>
            <compression>zero_init</compression>
         </cprec>
      </cptbl>
   </cptbl_list>
   <handler_table>
      <handler_table_name>__TI_handler_table</handler_table_name>
      <handler>
         <index>0x0</index>
         <name>__TI_decompress_lzss</name>
      </handler>
      <handler>
         <index>0x1</index>
         <name>__TI_decompress_none</name>
      </handler>
      <handler>
         <index>0x2</index>
         <name>__TI_zero_init</name>
      </handler>
   </handler_table>
   <symbol_table>
      <symbol id="sm-1">
         <name>__STACK_TOP</name>
         <value>0x200078f0</value>
      </symbol>
      <symbol id="sm-2">
         <name>__TI_CINIT_Base</name>
         <value>0x1f40</value>
      </symbol>
      <symbol id="sm-3">
         <name>__TI_CINIT_Limit</name>
         <value>0x1f50</value>
      </symbol>
      <symbol id="sm-4">
         <name>__TI_Handler_Table_Base</name>
         <value>0x1f2c</value>
      </symbol>
      <symbol id="sm-5">
         <name>__TI_Handler_Table_Limit</name>
         <value>0x1f38</value>
      </symbol>
      <symbol id="sm-6">
         <name>binit</name>
         <value>0xffffffff</value>
      </symbol>
      <symbol id="sm-7">
         <name>__binit__</name>
         <value>0xffffffff</value>
      </symbol>
      <symbol id="sm-8">
         <name>__STACK_SIZE</name>
         <value>0x200</value>
      </symbol>
      <symbol id="sm-9">
         <name>__STACK_END</name>
         <value>0x200078f0</value>
      </symbol>
      <symbol id="sm-a">
         <name>__c_args__</name>
         <value>0xffffffff</value>
      </symbol>
      <symbol id="sm-b">
         <name>__TI_pprof_out_hndl</name>
         <value>0xffffffff</value>
      </symbol>
      <symbol id="sm-c">
         <name>__TI_prof_data_start</name>
         <value>0xffffffff</value>
      </symbol>
      <symbol id="sm-d">
         <name>__TI_prof_data_size</name>
         <value>0xffffffff</value>
      </symbol>
      <symbol id="sm-7c">
         <name>g_pUARTSemaphore</name>
         <value>0x200076ec</value>
      </symbol>
      <symbol id="sm-7d">
         <name>vApplicationStackOverflowHook</name>
         <value>0x1bd7</value>
         <object_component_ref idref="oc-f9"/>
      </symbol>
      <symbol id="sm-7e">
         <name>main</name>
         <value>0xf69</value>
         <object_component_ref idref="oc-db"/>
      </symbol>
      <symbol id="sm-7f">
         <name>ConfigureUART</name>
         <value>0x1321</value>
         <object_component_ref idref="oc-130"/>
      </symbol>
      <symbol id="sm-b0">
         <name>ResetISR</name>
         <value>0x1db7</value>
         <object_component_ref idref="oc-2b"/>
      </symbol>
      <symbol id="sm-b1">
         <name>g_pfnVectors</name>
         <value>0x0</value>
         <object_component_ref idref="oc-f"/>
      </symbol>
      <symbol id="sm-db">
         <name>L293D_set</name>
         <value>0xc35</value>
         <object_component_ref idref="oc-2a5"/>
      </symbol>
      <symbol id="sm-dc">
         <name>L293D_init</name>
         <value>0x1a55</value>
         <object_component_ref idref="oc-29f"/>
      </symbol>
      <symbol id="sm-118">
         <name>motor_task_init</name>
         <value>0x19e5</value>
         <object_component_ref idref="oc-142"/>
      </symbol>
      <symbol id="sm-14e">
         <name>uxListRemove</name>
         <value>0x1bb7</value>
         <object_component_ref idref="oc-109"/>
      </symbol>
      <symbol id="sm-14f">
         <name>vListInsert</name>
         <value>0x1a1d</value>
         <object_component_ref idref="oc-300"/>
      </symbol>
      <symbol id="sm-150">
         <name>vListInitialiseItem</name>
         <value>0x1dc9</value>
         <object_component_ref idref="oc-31f"/>
      </symbol>
      <symbol id="sm-151">
         <name>vListInsertEnd</name>
         <value>0x1c85</value>
         <object_component_ref idref="oc-10f"/>
      </symbol>
      <symbol id="sm-152">
         <name>vListInitialise</name>
         <value>0x1ccd</value>
         <object_component_ref idref="oc-1c1"/>
      </symbol>
      <symbol id="sm-1a2">
         <name>xQueueCreateMutex</name>
         <value>0x1809</value>
         <object_component_ref idref="oc-13c"/>
      </symbol>
      <symbol id="sm-1a3">
         <name>xQueueGenericSend</name>
         <value>0x995</value>
         <object_component_ref idref="oc-1c7"/>
      </symbol>
      <symbol id="sm-33f">
         <name>vTaskDelay</name>
         <value>0x156d</value>
         <object_component_ref idref="oc-2ab"/>
      </symbol>
      <symbol id="sm-340">
         <name>vTaskSuspendAll</name>
         <value>0x1d65</value>
         <object_component_ref idref="oc-224"/>
      </symbol>
      <symbol id="sm-341">
         <name>vTaskPlaceOnEventList</name>
         <value>0x1385</value>
         <object_component_ref idref="oc-266"/>
      </symbol>
      <symbol id="sm-342">
         <name>xTaskCheckForTimeOut</name>
         <value>0x171d</value>
         <object_component_ref idref="oc-254"/>
      </symbol>
      <symbol id="sm-343">
         <name>xTaskPriorityDisinherit</name>
         <value>0x1069</value>
         <object_component_ref idref="oc-310"/>
      </symbol>
      <symbol id="sm-344">
         <name>vTaskStartScheduler</name>
         <value>0x150d</value>
         <object_component_ref idref="oc-148"/>
      </symbol>
      <symbol id="sm-345">
         <name>vTaskMissedYield</name>
         <value>0x1d9d</value>
         <object_component_ref idref="oc-2f8"/>
      </symbol>
      <symbol id="sm-346">
         <name>xTaskResumeAll</name>
         <value>0xa7d</value>
         <object_component_ref idref="oc-230"/>
      </symbol>
      <symbol id="sm-347">
         <name>xTaskGenericCreate</name>
         <value>0x699</value>
         <object_component_ref idref="oc-1d5"/>
      </symbol>
      <symbol id="sm-348">
         <name>pxCurrentTCB</name>
         <value>0x200078f0</value>
         <object_component_ref idref="oc-9a"/>
      </symbol>
      <symbol id="sm-349">
         <name>vTaskSetTimeOutState</name>
         <value>0x1cb5</value>
         <object_component_ref idref="oc-242"/>
      </symbol>
      <symbol id="sm-34a">
         <name>xTaskIncrementTick</name>
         <value>0x79d</value>
         <object_component_ref idref="oc-a7"/>
      </symbol>
      <symbol id="sm-34b">
         <name>vTaskSwitchContext</name>
         <value>0xedd</value>
         <object_component_ref idref="oc-a0"/>
      </symbol>
      <symbol id="sm-34c">
         <name>xTaskRemoveFromEventList</name>
         <value>0x1161</value>
         <object_component_ref idref="oc-272"/>
      </symbol>
      <symbol id="sm-3a6">
         <name>ulMaxSyscallInterruptPriority</name>
         <value>0x1f0c</value>
         <object_component_ref idref="oc-9d"/>
      </symbol>
      <symbol id="sm-3a7">
         <name>vPortSetupTimerInterrupt</name>
         <value>0x1bd9</value>
         <object_component_ref idref="oc-2bb"/>
      </symbol>
      <symbol id="sm-3a8">
         <name>xPortSysTickHandler</name>
         <value>0x1aed</value>
         <object_component_ref idref="oc-48"/>
      </symbol>
      <symbol id="sm-3a9">
         <name>pxPortInitialiseStack</name>
         <value>0x1b6d</value>
         <object_component_ref idref="oc-28c"/>
      </symbol>
      <symbol id="sm-3aa">
         <name>vPortExitCritical</name>
         <value>0x1c9d</value>
         <object_component_ref idref="oc-248"/>
      </symbol>
      <symbol id="sm-3ab">
         <name>xPortStartScheduler</name>
         <value>0x1969</value>
         <object_component_ref idref="oc-1e2"/>
      </symbol>
      <symbol id="sm-3ac">
         <name>vPortEnterCritical</name>
         <value>0x1c35</value>
         <object_component_ref idref="oc-24e"/>
      </symbol>
      <symbol id="sm-3bb">
         <name>vPortStartFirstTask</name>
         <value>0xc09</value>
         <object_component_ref idref="oc-43"/>
      </symbol>
      <symbol id="sm-3bc">
         <name>ulPortGetIPSR</name>
         <value>0xb71</value>
         <object_component_ref idref="oc-43"/>
      </symbol>
      <symbol id="sm-3bd">
         <name>vPortEnableVFP</name>
         <value>0xc25</value>
         <object_component_ref idref="oc-43"/>
      </symbol>
      <symbol id="sm-3be">
         <name>xPortPendSVHandler</name>
         <value>0xb89</value>
         <object_component_ref idref="oc-43"/>
      </symbol>
      <symbol id="sm-3bf">
         <name>vPortSVCHandler</name>
         <value>0xbe9</value>
         <object_component_ref idref="oc-43"/>
      </symbol>
      <symbol id="sm-414">
         <name>pvPortMalloc</name>
         <value>0xcf9</value>
         <object_component_ref idref="oc-1bb"/>
      </symbol>
      <symbol id="sm-415">
         <name>vPortFree</name>
         <value>0x18e5</value>
         <object_component_ref idref="oc-318"/>
      </symbol>
      <symbol id="sm-483">
         <name>UARTStdioConfig</name>
         <value>0x144d</value>
         <object_component_ref idref="oc-1a7"/>
      </symbol>
      <symbol id="sm-484">
         <name>UARTwrite</name>
         <value>0x189d</value>
         <object_component_ref idref="oc-216"/>
      </symbol>
      <symbol id="sm-485">
         <name>UARTprintf</name>
         <value>0x1c51</value>
         <object_component_ref idref="oc-136"/>
      </symbol>
      <symbol id="sm-486">
         <name>UARTvprintf</name>
         <value>0x26d</value>
         <object_component_ref idref="oc-1ae"/>
      </symbol>
      <symbol id="sm-498">
         <name>_c_int00</name>
         <value>0x1675</value>
         <object_component_ref idref="oc-24"/>
      </symbol>
      <symbol id="sm-499">
         <name>__stack</name>
         <value>0x200076f0</value>
         <object_component_ref idref="oc-2a"/>
      </symbol>
      <symbol id="sm-4b7">
         <name>__TI_decompress_lzss</name>
         <value>0x12b9</value>
         <object_component_ref idref="oc-12"/>
      </symbol>
      <symbol id="sm-4ce">
         <name>__TI_decompress_none</name>
         <value>0x1d75</value>
         <object_component_ref idref="oc-18"/>
      </symbol>
      <symbol id="sm-4e5">
         <name>__TI_zero_init</name>
         <value>0x1d8f</value>
         <object_component_ref idref="oc-1e"/>
      </symbol>
      <symbol id="sm-506">
         <name>C$$EXIT</name>
         <value>0x16c9</value>
         <object_component_ref idref="oc-8c"/>
      </symbol>
      <symbol id="sm-507">
         <name>abort</name>
         <value>0x16cd</value>
         <object_component_ref idref="oc-8c"/>
      </symbol>
      <symbol id="sm-508">
         <name>exit</name>
         <value>0x16d5</value>
         <object_component_ref idref="oc-8c"/>
      </symbol>
      <symbol id="sm-509">
         <name>__TI_dtors_ptr</name>
         <value>0x20007924</value>
         <object_component_ref idref="oc-e3"/>
      </symbol>
      <symbol id="sm-50a">
         <name>__TI_cleanup_ptr</name>
         <value>0x20007920</value>
         <object_component_ref idref="oc-e3"/>
      </symbol>
      <symbol id="sm-50b">
         <name>__TI_enable_exit_profile_output</name>
         <value>0x20007928</value>
         <object_component_ref idref="oc-e3"/>
      </symbol>
      <symbol id="sm-52b">
         <name>memcpy</name>
         <value>0xe41</value>
         <object_component_ref idref="oc-5c"/>
      </symbol>
      <symbol id="sm-52c">
         <name>__aeabi_memcpy</name>
         <value>0xe41</value>
         <object_component_ref idref="oc-5c"/>
      </symbol>
      <symbol id="sm-52d">
         <name>__aeabi_memcpy8</name>
         <value>0xe41</value>
         <object_component_ref idref="oc-5c"/>
      </symbol>
      <symbol id="sm-52e">
         <name>__aeabi_memcpy4</name>
         <value>0xe41</value>
         <object_component_ref idref="oc-5c"/>
      </symbol>
      <symbol id="sm-53d">
         <name>__aeabi_memset</name>
         <value>0x10e7</value>
         <object_component_ref idref="oc-68"/>
      </symbol>
      <symbol id="sm-53e">
         <name>memset</name>
         <value>0x10ed</value>
         <object_component_ref idref="oc-68"/>
      </symbol>
      <symbol id="sm-53f">
         <name>__aeabi_memset8</name>
         <value>0x10e7</value>
         <object_component_ref idref="oc-68"/>
      </symbol>
      <symbol id="sm-540">
         <name>__aeabi_memset4</name>
         <value>0x10e7</value>
         <object_component_ref idref="oc-68"/>
      </symbol>
      <symbol id="sm-541">
         <name>__aeabi_memclr8</name>
         <value>0x10e5</value>
         <object_component_ref idref="oc-68"/>
      </symbol>
      <symbol id="sm-542">
         <name>__aeabi_memclr4</name>
         <value>0x10e5</value>
         <object_component_ref idref="oc-68"/>
      </symbol>
      <symbol id="sm-543">
         <name>__aeabi_memclr</name>
         <value>0x10e5</value>
         <object_component_ref idref="oc-68"/>
      </symbol>
      <symbol id="sm-54d">
         <name>__mpu_init</name>
         <value>0x19e3</value>
         <object_component_ref idref="oc-74"/>
      </symbol>
      <symbol id="sm-557">
         <name>_system_pre_init</name>
         <value>0x1dcf</value>
         <object_component_ref idref="oc-7a"/>
      </symbol>
      <symbol id="sm-55f">
         <name>main_func_sp</name>
         <value>0x20007948</value>
         <object_component_ref idref="oc-92"/>
      </symbol>
      <symbol id="sm-56e">
         <name>__aeabi_uidivmod</name>
         <value>0x1929</value>
         <object_component_ref idref="oc-21c"/>
      </symbol>
      <symbol id="sm-56f">
         <name>__aeabi_uidiv</name>
         <value>0x1929</value>
         <object_component_ref idref="oc-21c"/>
      </symbol>
      <symbol id="sm-588">
         <name>_nop</name>
         <value>0x1d07</value>
         <object_component_ref idref="oc-15b"/>
      </symbol>
      <symbol id="sm-589">
         <name>_lock</name>
         <value>0x2000792c</value>
         <object_component_ref idref="oc-e6"/>
      </symbol>
      <symbol id="sm-58a">
         <name>_unlock</name>
         <value>0x20007930</value>
         <object_component_ref idref="oc-e6"/>
      </symbol>
      <symbol id="sm-58b">
         <name>_register_lock</name>
         <value>0x1cff</value>
         <object_component_ref idref="oc-15b"/>
      </symbol>
      <symbol id="sm-58c">
         <name>_register_unlock</name>
         <value>0x1cf9</value>
         <object_component_ref idref="oc-15b"/>
      </symbol>
      <symbol id="sm-5a0">
         <name>_args_main</name>
         <value>0x1c6d</value>
         <object_component_ref idref="oc-86"/>
      </symbol>
      <symbol id="sm-5ca">
         <name>__TI_auto_init</name>
         <value>0x1249</value>
         <object_component_ref idref="oc-80"/>
      </symbol>
      <symbol id="sm-5e4">
         <name>copy_in</name>
         <value>0x17bd</value>
         <object_component_ref idref="oc-cd"/>
      </symbol>
      <symbol id="sm-5ee">
         <name>__aeabi_idiv0</name>
         <value>0x144b</value>
         <object_component_ref idref="oc-2d7"/>
      </symbol>
      <symbol id="sm-5f8">
         <name>_system_post_cinit</name>
         <value>0x1b43</value>
         <object_component_ref idref="oc-d3"/>
      </symbol>
      <symbol id="sm-632">
         <name>GPIOPinTypePWM</name>
         <value>0x1d0d</value>
         <object_component_ref idref="oc-34f"/>
      </symbol>
      <symbol id="sm-633">
         <name>GPIOPinConfigure</name>
         <value>0x1855</value>
         <object_component_ref idref="oc-349"/>
      </symbol>
      <symbol id="sm-634">
         <name>GPIODirModeSet</name>
         <value>0x1b19</value>
         <object_component_ref idref="oc-3ab"/>
      </symbol>
      <symbol id="sm-635">
         <name>GPIOPinWrite</name>
         <value>0x1db1</value>
         <object_component_ref idref="oc-376"/>
      </symbol>
      <symbol id="sm-636">
         <name>GPIOPadConfigSet</name>
         <value>0x457</value>
         <object_component_ref idref="oc-3b1"/>
      </symbol>
      <symbol id="sm-665">
         <name>PWMGenPeriodSet</name>
         <value>0x1d43</value>
         <object_component_ref idref="oc-35b"/>
      </symbol>
      <symbol id="sm-666">
         <name>PWMPulseWidthSet</name>
         <value>0x1bf9</value>
         <object_component_ref idref="oc-361"/>
      </symbol>
      <symbol id="sm-667">
         <name>PWMOutputState</name>
         <value>0x1d1f</value>
         <object_component_ref idref="oc-36d"/>
      </symbol>
      <symbol id="sm-668">
         <name>PWMGenEnable</name>
         <value>0x1d83</value>
         <object_component_ref idref="oc-367"/>
      </symbol>
      <symbol id="sm-669">
         <name>PWMGenConfigure</name>
         <value>0x1b95</value>
         <object_component_ref idref="oc-355"/>
      </symbol>
      <symbol id="sm-6c6">
         <name>SysCtlClockSet</name>
         <value>0x8a1</value>
         <object_component_ref idref="oc-12a"/>
      </symbol>
      <symbol id="sm-6c7">
         <name>SysCtlDelay</name>
         <value>0x1dbd</value>
         <object_component_ref idref="oc-19e"/>
      </symbol>
      <symbol id="sm-6c8">
         <name>SysCtlPeripheralEnable</name>
         <value>0x1a89</value>
         <object_component_ref idref="oc-33d"/>
      </symbol>
      <symbol id="sm-6c9">
         <name>SysCtlClockGet</name>
         <value>0x589</value>
         <object_component_ref idref="oc-343"/>
      </symbol>
      <symbol id="sm-6ca">
         <name>SysCtlPWMClockSet</name>
         <value>0x1ce5</value>
         <object_component_ref idref="oc-337"/>
      </symbol>
      <symbol id="sm-6d8">
         <name>UARTClockSourceSet</name>
         <value>0x1dc3</value>
         <object_component_ref idref="oc-1a1"/>
      </symbol>
      <symbol id="sm-6da">
         <name>__TI_static_base__</name>
         <value>0x0</value>
      </symbol>
      <symbol id="sm-6dd">
         <name>SHT$$INIT_ARRAY$$Limit</name>
         <value>0x0</value>
      </symbol>
      <symbol id="sm-6de">
         <name>SHT$$INIT_ARRAY$$Base</name>
         <value>0x0</value>
      </symbol>
   </symbol_table>
   <title>Link successful</title>
</link_info>
