<?xml version="1.0"?>
<link_info>
   <banner>TI ARM Linker Unix v16.9.3.LTS</banner>
   <copyright>Copyright (c) 1996-2017 Texas Instruments Incorporated</copyright>
   <link_time>0x59c2ff1b</link_time>
   <link_errors>0x0</link_errors>
   <output_file>war_and_glory.out</output_file>
   <entry_point>
      <name>_c_int00</name>
      <address>0x1865</address>
   </entry_point>
   <input_file_list>
      <input_file id="fl-2">
         <path>./</path>
         <kind>object</kind>
         <file>main.obj</file>
         <name>main.obj</name>
      </input_file>
      <input_file id="fl-3">
         <path>./</path>
         <kind>object</kind>
         <file>startup_ccs.obj</file>
         <name>startup_ccs.obj</name>
      </input_file>
      <input_file id="fl-4">
         <path>./drivers/</path>
         <kind>object</kind>
         <file>buttons.obj</file>
         <name>buttons.obj</name>
      </input_file>
      <input_file id="fl-5">
         <path>./drivers/</path>
         <kind>object</kind>
         <file>rgb.obj</file>
         <name>rgb.obj</name>
      </input_file>
      <input_file id="fl-6">
         <path>./drivers/devices/</path>
         <kind>object</kind>
         <file>L293D.obj</file>
         <name>L293D.obj</name>
      </input_file>
      <input_file id="fl-7">
         <path>./drivers/devices/</path>
         <kind>object</kind>
         <file>PCA9685.obj</file>
         <name>PCA9685.obj</name>
      </input_file>
      <input_file id="fl-8">
         <path>./drivers/peripherals/</path>
         <kind>object</kind>
         <file>i2c.obj</file>
         <name>i2c.obj</name>
      </input_file>
      <input_file id="fl-9">
         <path>./drivers/peripherals/</path>
         <kind>object</kind>
         <file>spi.obj</file>
         <name>spi.obj</name>
      </input_file>
      <input_file id="fl-a">
         <path>./drivers/peripherals/</path>
         <kind>object</kind>
         <file>timer.obj</file>
         <name>timer.obj</name>
      </input_file>
      <input_file id="fl-b">
         <path>./task/</path>
         <kind>object</kind>
         <file>ble_task.obj</file>
         <name>ble_task.obj</name>
      </input_file>
      <input_file id="fl-c">
         <path>./task/</path>
         <kind>object</kind>
         <file>led_task.obj</file>
         <name>led_task.obj</name>
      </input_file>
      <input_file id="fl-d">
         <path>./task/</path>
         <kind>object</kind>
         <file>motor_task.obj</file>
         <name>motor_task.obj</name>
      </input_file>
      <input_file id="fl-e">
         <path>./task/</path>
         <kind>object</kind>
         <file>switch_task.obj</file>
         <name>switch_task.obj</name>
      </input_file>
      <input_file id="fl-f">
         <path>./third_party/FreeRTOS/Source/</path>
         <kind>object</kind>
         <file>list.obj</file>
         <name>list.obj</name>
      </input_file>
      <input_file id="fl-10">
         <path>./third_party/FreeRTOS/Source/</path>
         <kind>object</kind>
         <file>queue.obj</file>
         <name>queue.obj</name>
      </input_file>
      <input_file id="fl-11">
         <path>./third_party/FreeRTOS/Source/</path>
         <kind>object</kind>
         <file>tasks.obj</file>
         <name>tasks.obj</name>
      </input_file>
      <input_file id="fl-12">
         <path>./third_party/FreeRTOS/Source/portable/CCS/ARM_CM4F/</path>
         <kind>object</kind>
         <file>port.obj</file>
         <name>port.obj</name>
      </input_file>
      <input_file id="fl-13">
         <path>./third_party/FreeRTOS/Source/portable/CCS/ARM_CM4F/</path>
         <kind>object</kind>
         <file>portasm.obj</file>
         <name>portasm.obj</name>
      </input_file>
      <input_file id="fl-14">
         <path>./third_party/FreeRTOS/Source/portable/MemMang/</path>
         <kind>object</kind>
         <file>heap_2.obj</file>
         <name>heap_2.obj</name>
      </input_file>
      <input_file id="fl-15">
         <path>./utils/</path>
         <kind>object</kind>
         <file>uartstdio.obj</file>
         <name>uartstdio.obj</name>
      </input_file>
      <input_file id="fl-16">
         <path>./utils/</path>
         <kind>object</kind>
         <file>ustdlib.obj</file>
         <name>ustdlib.obj</name>
      </input_file>
      <input_file id="fl-1b">
         <kind>object</kind>
         <file>&lt;internal&gt;</file>
         <name>&lt;internal&gt;</name>
      </input_file>
      <input_file id="fl-d1">
         <path>/home/bigbywolf/ti/ccsv7/tools/compiler/ti-cgt-arm_16.9.3.LTS/lib/</path>
         <kind>archive</kind>
         <file>rtsv7M4_T_le_v4SPD16_eabi.lib</file>
         <name>boot.obj</name>
      </input_file>
      <input_file id="fl-d2">
         <path>/home/bigbywolf/ti/ccsv7/tools/compiler/ti-cgt-arm_16.9.3.LTS/lib/</path>
         <kind>archive</kind>
         <file>rtsv7M4_T_le_v4SPD16_eabi.lib</file>
         <name>copy_decompress_lzss.obj</name>
      </input_file>
      <input_file id="fl-d3">
         <path>/home/bigbywolf/ti/ccsv7/tools/compiler/ti-cgt-arm_16.9.3.LTS/lib/</path>
         <kind>archive</kind>
         <file>rtsv7M4_T_le_v4SPD16_eabi.lib</file>
         <name>copy_decompress_none.obj</name>
      </input_file>
      <input_file id="fl-d4">
         <path>/home/bigbywolf/ti/ccsv7/tools/compiler/ti-cgt-arm_16.9.3.LTS/lib/</path>
         <kind>archive</kind>
         <file>rtsv7M4_T_le_v4SPD16_eabi.lib</file>
         <name>copy_zero_init.obj</name>
      </input_file>
      <input_file id="fl-d5">
         <path>/home/bigbywolf/ti/ccsv7/tools/compiler/ti-cgt-arm_16.9.3.LTS/lib/</path>
         <kind>archive</kind>
         <file>rtsv7M4_T_le_v4SPD16_eabi.lib</file>
         <name>exit.obj</name>
      </input_file>
      <input_file id="fl-d6">
         <path>/home/bigbywolf/ti/ccsv7/tools/compiler/ti-cgt-arm_16.9.3.LTS/lib/</path>
         <kind>archive</kind>
         <file>rtsv7M4_T_le_v4SPD16_eabi.lib</file>
         <name>fd_add_t2.obj</name>
      </input_file>
      <input_file id="fl-d7">
         <path>/home/bigbywolf/ti/ccsv7/tools/compiler/ti-cgt-arm_16.9.3.LTS/lib/</path>
         <kind>archive</kind>
         <file>rtsv7M4_T_le_v4SPD16_eabi.lib</file>
         <name>fd_div_t2.obj</name>
      </input_file>
      <input_file id="fl-d8">
         <path>/home/bigbywolf/ti/ccsv7/tools/compiler/ti-cgt-arm_16.9.3.LTS/lib/</path>
         <kind>archive</kind>
         <file>rtsv7M4_T_le_v4SPD16_eabi.lib</file>
         <name>fd_tou_t2.obj</name>
      </input_file>
      <input_file id="fl-d9">
         <path>/home/bigbywolf/ti/ccsv7/tools/compiler/ti-cgt-arm_16.9.3.LTS/lib/</path>
         <kind>archive</kind>
         <file>rtsv7M4_T_le_v4SPD16_eabi.lib</file>
         <name>fs_toull_t2.obj</name>
      </input_file>
      <input_file id="fl-da">
         <path>/home/bigbywolf/ti/ccsv7/tools/compiler/ti-cgt-arm_16.9.3.LTS/lib/</path>
         <kind>archive</kind>
         <file>rtsv7M4_T_le_v4SPD16_eabi.lib</file>
         <name>i_tofd_t2.obj</name>
      </input_file>
      <input_file id="fl-db">
         <path>/home/bigbywolf/ti/ccsv7/tools/compiler/ti-cgt-arm_16.9.3.LTS/lib/</path>
         <kind>archive</kind>
         <file>rtsv7M4_T_le_v4SPD16_eabi.lib</file>
         <name>memcpy_t2.obj</name>
      </input_file>
      <input_file id="fl-dc">
         <path>/home/bigbywolf/ti/ccsv7/tools/compiler/ti-cgt-arm_16.9.3.LTS/lib/</path>
         <kind>archive</kind>
         <file>rtsv7M4_T_le_v4SPD16_eabi.lib</file>
         <name>memset_t2.obj</name>
      </input_file>
      <input_file id="fl-dd">
         <path>/home/bigbywolf/ti/ccsv7/tools/compiler/ti-cgt-arm_16.9.3.LTS/lib/</path>
         <kind>archive</kind>
         <file>rtsv7M4_T_le_v4SPD16_eabi.lib</file>
         <name>mpu_init.obj</name>
      </input_file>
      <input_file id="fl-de">
         <path>/home/bigbywolf/ti/ccsv7/tools/compiler/ti-cgt-arm_16.9.3.LTS/lib/</path>
         <kind>archive</kind>
         <file>rtsv7M4_T_le_v4SPD16_eabi.lib</file>
         <name>pre_init.obj</name>
      </input_file>
      <input_file id="fl-df">
         <path>/home/bigbywolf/ti/ccsv7/tools/compiler/ti-cgt-arm_16.9.3.LTS/lib/</path>
         <kind>archive</kind>
         <file>rtsv7M4_T_le_v4SPD16_eabi.lib</file>
         <name>stkdepth_vars.obj</name>
      </input_file>
      <input_file id="fl-e0">
         <path>/home/bigbywolf/ti/ccsv7/tools/compiler/ti-cgt-arm_16.9.3.LTS/lib/</path>
         <kind>archive</kind>
         <file>rtsv7M4_T_le_v4SPD16_eabi.lib</file>
         <name>u_divt2.obj</name>
      </input_file>
      <input_file id="fl-e1">
         <path>/home/bigbywolf/ti/ccsv7/tools/compiler/ti-cgt-arm_16.9.3.LTS/lib/</path>
         <kind>archive</kind>
         <file>rtsv7M4_T_le_v4SPD16_eabi.lib</file>
         <name>_lock.obj</name>
      </input_file>
      <input_file id="fl-e2">
         <path>/home/bigbywolf/ti/ccsv7/tools/compiler/ti-cgt-arm_16.9.3.LTS/lib/</path>
         <kind>archive</kind>
         <file>rtsv7M4_T_le_v4SPD16_eabi.lib</file>
         <name>args_main.obj</name>
      </input_file>
      <input_file id="fl-e3">
         <path>/home/bigbywolf/ti/ccsv7/tools/compiler/ti-cgt-arm_16.9.3.LTS/lib/</path>
         <kind>archive</kind>
         <file>rtsv7M4_T_le_v4SPD16_eabi.lib</file>
         <name>autoinit.obj</name>
      </input_file>
      <input_file id="fl-e4">
         <path>/home/bigbywolf/ti/ccsv7/tools/compiler/ti-cgt-arm_16.9.3.LTS/lib/</path>
         <kind>archive</kind>
         <file>rtsv7M4_T_le_v4SPD16_eabi.lib</file>
         <name>cpy_tbl.obj</name>
      </input_file>
      <input_file id="fl-e5">
         <path>/home/bigbywolf/ti/ccsv7/tools/compiler/ti-cgt-arm_16.9.3.LTS/lib/</path>
         <kind>archive</kind>
         <file>rtsv7M4_T_le_v4SPD16_eabi.lib</file>
         <name>i_div0.obj</name>
      </input_file>
      <input_file id="fl-e6">
         <path>/home/bigbywolf/ti/ccsv7/tools/compiler/ti-cgt-arm_16.9.3.LTS/lib/</path>
         <kind>archive</kind>
         <file>rtsv7M4_T_le_v4SPD16_eabi.lib</file>
         <name>startup.obj</name>
      </input_file>
      <input_file id="fl-e7">
         <path>/home/bigbywolf/ti/TivaWare_C_Series-2.1.3.156/driverlib/ccs/Debug/</path>
         <kind>archive</kind>
         <file>driverlib.lib</file>
         <name>gpio.obj</name>
      </input_file>
      <input_file id="fl-e8">
         <path>/home/bigbywolf/ti/TivaWare_C_Series-2.1.3.156/driverlib/ccs/Debug/</path>
         <kind>archive</kind>
         <file>driverlib.lib</file>
         <name>i2c.obj</name>
      </input_file>
      <input_file id="fl-e9">
         <path>/home/bigbywolf/ti/TivaWare_C_Series-2.1.3.156/driverlib/ccs/Debug/</path>
         <kind>archive</kind>
         <file>driverlib.lib</file>
         <name>interrupt.obj</name>
      </input_file>
      <input_file id="fl-ea">
         <path>/home/bigbywolf/ti/TivaWare_C_Series-2.1.3.156/driverlib/ccs/Debug/</path>
         <kind>archive</kind>
         <file>driverlib.lib</file>
         <name>pwm.obj</name>
      </input_file>
      <input_file id="fl-eb">
         <path>/home/bigbywolf/ti/TivaWare_C_Series-2.1.3.156/driverlib/ccs/Debug/</path>
         <kind>archive</kind>
         <file>driverlib.lib</file>
         <name>ssi.obj</name>
      </input_file>
      <input_file id="fl-ec">
         <path>/home/bigbywolf/ti/TivaWare_C_Series-2.1.3.156/driverlib/ccs/Debug/</path>
         <kind>archive</kind>
         <file>driverlib.lib</file>
         <name>sysctl.obj</name>
      </input_file>
      <input_file id="fl-ed">
         <path>/home/bigbywolf/ti/TivaWare_C_Series-2.1.3.156/driverlib/ccs/Debug/</path>
         <kind>archive</kind>
         <file>driverlib.lib</file>
         <name>timer.obj</name>
      </input_file>
      <input_file id="fl-ee">
         <path>/home/bigbywolf/ti/TivaWare_C_Series-2.1.3.156/driverlib/ccs/Debug/</path>
         <kind>archive</kind>
         <file>driverlib.lib</file>
         <name>uart.obj</name>
      </input_file>
      <input_file id="fl-ef">
         <path>/home/bigbywolf/ti/TivaWare_C_Series-2.1.3.156/driverlib/ccs/Debug/</path>
         <kind>archive</kind>
         <file>driverlib.lib</file>
         <name>cpu.obj</name>
      </input_file>
   </input_file_list>
   <object_component_list>
      <object_component id="oc-f">
         <name>.intvecs</name>
         <load_address>0x0</load_address>
         <run_address>0x0</run_address>
         <size>0x26c</size>
         <input_file_ref idref="fl-3"/>
      </object_component>
      <object_component id="oc-1b4">
         <name>.text:UARTvprintf</name>
         <load_address>0x26c</load_address>
         <run_address>0x26c</run_address>
         <size>0x1ea</size>
         <input_file_ref idref="fl-15"/>
      </object_component>
      <object_component id="oc-403">
         <name>.text:GPIOPadConfigSet</name>
         <load_address>0x456</load_address>
         <run_address>0x456</run_address>
         <size>0x132</size>
         <input_file_ref idref="fl-e7"/>
      </object_component>
      <object_component id="oc-2ce">
         <name>.text:spi_init</name>
         <load_address>0x588</load_address>
         <run_address>0x588</run_address>
         <size>0x120</size>
         <input_file_ref idref="fl-9"/>
      </object_component>
      <object_component id="oc-2c8">
         <name>.text:SysCtlClockGet</name>
         <load_address>0x6a8</load_address>
         <run_address>0x6a8</run_address>
         <size>0x110</size>
         <input_file_ref idref="fl-ec"/>
      </object_component>
      <object_component id="oc-1db">
         <name>.text:xTaskGenericCreate</name>
         <load_address>0x7b8</load_address>
         <run_address>0x7b8</run_address>
         <size>0x104</size>
         <input_file_ref idref="fl-11"/>
      </object_component>
      <object_component id="oc-a7">
         <name>.text:xTaskIncrementTick</name>
         <load_address>0x8bc</load_address>
         <run_address>0x8bc</run_address>
         <size>0x104</size>
         <input_file_ref idref="fl-11"/>
      </object_component>
      <object_component id="oc-12a">
         <name>.text:SysCtlClockSet</name>
         <load_address>0x9c0</load_address>
         <run_address>0x9c0</run_address>
         <size>0xf4</size>
         <input_file_ref idref="fl-ec"/>
      </object_component>
      <object_component id="oc-1cd">
         <name>.text:xQueueGenericSend</name>
         <load_address>0xab4</load_address>
         <run_address>0xab4</run_address>
         <size>0xe8</size>
         <input_file_ref idref="fl-10"/>
      </object_component>
      <object_component id="oc-23d">
         <name>.text:xTaskResumeAll</name>
         <load_address>0xb9c</load_address>
         <run_address>0xb9c</run_address>
         <size>0xe4</size>
         <input_file_ref idref="fl-11"/>
      </object_component>
      <object_component id="oc-43">
         <name>.text</name>
         <load_address>0xc80</load_address>
         <run_address>0xc80</run_address>
         <size>0xd2</size>
         <input_file_ref idref="fl-13"/>
      </object_component>
      <object_component id="oc-37">
         <name>.text:FaultISR</name>
         <load_address>0xd52</load_address>
         <run_address>0xd52</run_address>
         <size>0x2</size>
         <input_file_ref idref="fl-3"/>
      </object_component>
      <object_component id="oc-2b2">
         <name>.text:L293D_set</name>
         <load_address>0xd54</load_address>
         <run_address>0xd54</run_address>
         <size>0xc4</size>
         <input_file_ref idref="fl-6"/>
      </object_component>
      <object_component id="oc-db">
         <name>.text:main</name>
         <load_address>0xe18</load_address>
         <run_address>0xe18</run_address>
         <size>0xb0</size>
         <input_file_ref idref="fl-2"/>
      </object_component>
      <object_component id="oc-1c1">
         <name>.text:pvPortMalloc</name>
         <load_address>0xec8</load_address>
         <run_address>0xec8</run_address>
         <size>0xac</size>
         <input_file_ref idref="fl-14"/>
      </object_component>
      <object_component id="oc-1e8">
         <name>.text:ble_task</name>
         <load_address>0xf74</load_address>
         <run_address>0xf74</run_address>
         <size>0xa4</size>
         <input_file_ref idref="fl-b"/>
      </object_component>
      <object_component id="oc-2a6">
         <name>.text:pwm_init</name>
         <load_address>0x1018</load_address>
         <run_address>0x1018</run_address>
         <size>0x9c</size>
         <input_file_ref idref="fl-d"/>
      </object_component>
      <object_component id="oc-5c">
         <name>.text</name>
         <load_address>0x10b4</load_address>
         <run_address>0x10b4</run_address>
         <size>0x9c</size>
         <input_file_ref idref="fl-db"/>
      </object_component>
      <object_component id="oc-a0">
         <name>.text:vTaskSwitchContext</name>
         <load_address>0x1150</load_address>
         <run_address>0x1150</run_address>
         <size>0x8c</size>
         <input_file_ref idref="fl-11"/>
      </object_component>
      <object_component id="oc-1e1">
         <name>.text:motor_task</name>
         <load_address>0x11dc</load_address>
         <run_address>0x11dc</run_address>
         <size>0x7c</size>
         <input_file_ref idref="fl-d"/>
      </object_component>
      <object_component id="oc-347">
         <name>.text:xTaskPriorityDisinherit</name>
         <load_address>0x1258</load_address>
         <run_address>0x1258</run_address>
         <size>0x7c</size>
         <input_file_ref idref="fl-11"/>
      </object_component>
      <object_component id="oc-68">
         <name>.text</name>
         <load_address>0x12d4</load_address>
         <run_address>0x12d4</run_address>
         <size>0x7a</size>
         <input_file_ref idref="fl-dc"/>
      </object_component>
      <object_component id="oc-3d">
         <name>.text:IntDefaultHandler</name>
         <load_address>0x134e</load_address>
         <run_address>0x134e</run_address>
         <size>0x2</size>
         <input_file_ref idref="fl-3"/>
      </object_component>
      <object_component id="oc-27f">
         <name>.text:xTaskRemoveFromEventList</name>
         <load_address>0x1350</load_address>
         <run_address>0x1350</run_address>
         <size>0x74</size>
         <input_file_ref idref="fl-11"/>
      </object_component>
      <object_component id="oc-279">
         <name>.text:prvCopyDataToQueue</name>
         <load_address>0x13c4</load_address>
         <run_address>0x13c4</run_address>
         <size>0x72</size>
         <input_file_ref idref="fl-10"/>
      </object_component>
      <object_component id="oc-31">
         <name>.text:NmiSR</name>
         <load_address>0x1436</load_address>
         <run_address>0x1436</run_address>
         <size>0x2</size>
         <input_file_ref idref="fl-3"/>
      </object_component>
      <object_component id="oc-80">
         <name>.text</name>
         <load_address>0x1438</load_address>
         <run_address>0x1438</run_address>
         <size>0x70</size>
         <input_file_ref idref="fl-e3"/>
      </object_component>
      <object_component id="oc-12">
         <name>.text:decompress:lzss</name>
         <load_address>0x14a8</load_address>
         <run_address>0x14a8</run_address>
         <size>0x68</size>
         <input_file_ref idref="fl-d2"/>
      </object_component>
      <object_component id="oc-130">
         <name>.text:ConfigureUART</name>
         <load_address>0x1510</load_address>
         <run_address>0x1510</run_address>
         <size>0x64</size>
         <input_file_ref idref="fl-2"/>
      </object_component>
      <object_component id="oc-273">
         <name>.text:vTaskPlaceOnEventList</name>
         <load_address>0x1574</load_address>
         <run_address>0x1574</run_address>
         <size>0x64</size>
         <input_file_ref idref="fl-11"/>
      </object_component>
      <object_component id="oc-267">
         <name>.text:prvUnlockQueue</name>
         <load_address>0x15d8</load_address>
         <run_address>0x15d8</run_address>
         <size>0x62</size>
         <input_file_ref idref="fl-10"/>
      </object_component>
      <object_component id="oc-30e">
         <name>.text</name>
         <load_address>0x163a</load_address>
         <run_address>0x163a</run_address>
         <size>0x2</size>
         <input_file_ref idref="fl-e5"/>
      </object_component>
      <object_component id="oc-1ad">
         <name>.text:UARTStdioConfig</name>
         <load_address>0x163c</load_address>
         <run_address>0x163c</run_address>
         <size>0x60</size>
         <input_file_ref idref="fl-15"/>
      </object_component>
      <object_component id="oc-29f">
         <name>.text:prvInitialiseTaskLists</name>
         <load_address>0x169c</load_address>
         <run_address>0x169c</run_address>
         <size>0x60</size>
         <input_file_ref idref="fl-11"/>
      </object_component>
      <object_component id="oc-14e">
         <name>.text:vTaskStartScheduler</name>
         <load_address>0x16fc</load_address>
         <run_address>0x16fc</run_address>
         <size>0x60</size>
         <input_file_ref idref="fl-11"/>
      </object_component>
      <object_component id="oc-2b8">
         <name>.text:vTaskDelay</name>
         <load_address>0x175c</load_address>
         <run_address>0x175c</run_address>
         <size>0x5c</size>
         <input_file_ref idref="fl-11"/>
      </object_component>
      <object_component id="oc-2fc">
         <name>.text:prvCheckTasksWaitingTermination</name>
         <load_address>0x17b8</load_address>
         <run_address>0x17b8</run_address>
         <size>0x58</size>
         <input_file_ref idref="fl-11"/>
      </object_component>
      <object_component id="oc-293">
         <name>.text:prvInitialiseTCBVariables</name>
         <load_address>0x1810</load_address>
         <run_address>0x1810</run_address>
         <size>0x54</size>
         <input_file_ref idref="fl-11"/>
      </object_component>
      <object_component id="oc-24">
         <name>.text</name>
         <load_address>0x1864</load_address>
         <run_address>0x1864</run_address>
         <size>0x54</size>
         <input_file_ref idref="fl-d1"/>
      </object_component>
      <object_component id="oc-8c">
         <name>.text</name>
         <load_address>0x18b8</load_address>
         <run_address>0x18b8</run_address>
         <size>0x54</size>
         <input_file_ref idref="fl-d5"/>
      </object_component>
      <object_component id="oc-261">
         <name>.text:xTaskCheckForTimeOut</name>
         <load_address>0x190c</load_address>
         <run_address>0x190c</run_address>
         <size>0x54</size>
         <input_file_ref idref="fl-11"/>
      </object_component>
      <object_component id="oc-33d">
         <name>.text:prvAddCurrentTaskToDelayedList</name>
         <load_address>0x1960</load_address>
         <run_address>0x1960</run_address>
         <size>0x4c</size>
         <input_file_ref idref="fl-11"/>
      </object_component>
      <object_component id="oc-cd">
         <name>.text</name>
         <load_address>0x19ac</load_address>
         <run_address>0x19ac</run_address>
         <size>0x4c</size>
         <input_file_ref idref="fl-e4"/>
      </object_component>
      <object_component id="oc-13c">
         <name>.text:xQueueCreateMutex</name>
         <load_address>0x19f8</load_address>
         <run_address>0x19f8</run_address>
         <size>0x4c</size>
         <input_file_ref idref="fl-10"/>
      </object_component>
      <object_component id="oc-37a">
         <name>.text:GPIOPinConfigure</name>
         <load_address>0x1a44</load_address>
         <run_address>0x1a44</run_address>
         <size>0x48</size>
         <input_file_ref idref="fl-e7"/>
      </object_component>
      <object_component id="oc-223">
         <name>.text:UARTwrite</name>
         <load_address>0x1a8c</load_address>
         <run_address>0x1a8c</run_address>
         <size>0x48</size>
         <input_file_ref idref="fl-15"/>
      </object_component>
      <object_component id="oc-34f">
         <name>.text:vPortFree</name>
         <load_address>0x1ad4</load_address>
         <run_address>0x1ad4</run_address>
         <size>0x44</size>
         <input_file_ref idref="fl-14"/>
      </object_component>
      <object_component id="oc-229">
         <name>.text</name>
         <load_address>0x1b18</load_address>
         <run_address>0x1b18</run_address>
         <size>0x40</size>
         <input_file_ref idref="fl-e0"/>
      </object_component>
      <object_component id="oc-1ef">
         <name>.text:xPortStartScheduler</name>
         <load_address>0x1b58</load_address>
         <run_address>0x1b58</run_address>
         <size>0x40</size>
         <input_file_ref idref="fl-12"/>
      </object_component>
      <object_component id="oc-2da">
         <name>.text:spi_transfer</name>
         <load_address>0x1b98</load_address>
         <run_address>0x1b98</run_address>
         <size>0x3e</size>
         <input_file_ref idref="fl-9"/>
      </object_component>
      <object_component id="oc-28d">
         <name>.text:prvAllocateTCBAndStack</name>
         <load_address>0x1bd6</load_address>
         <run_address>0x1bd6</run_address>
         <size>0x3a</size>
         <input_file_ref idref="fl-11"/>
      </object_component>
      <object_component id="oc-3b7">
         <name>.text:SysCtlPeripheralReady</name>
         <load_address>0x1c10</load_address>
         <run_address>0x1c10</run_address>
         <size>0x38</size>
         <input_file_ref idref="fl-ec"/>
      </object_component>
      <object_component id="oc-142">
         <name>.text:motor_task_init</name>
         <load_address>0x1c48</load_address>
         <run_address>0x1c48</run_address>
         <size>0x38</size>
         <input_file_ref idref="fl-d"/>
      </object_component>
      <object_component id="oc-337">
         <name>.text:vListInsert</name>
         <load_address>0x1c80</load_address>
         <run_address>0x1c80</run_address>
         <size>0x38</size>
         <input_file_ref idref="fl-f"/>
      </object_component>
      <object_component id="oc-2ac">
         <name>.text:L293D_init</name>
         <load_address>0x1cb8</load_address>
         <run_address>0x1cb8</run_address>
         <size>0x34</size>
         <input_file_ref idref="fl-6"/>
      </object_component>
      <object_component id="oc-374">
         <name>.text:SysCtlPeripheralEnable</name>
         <load_address>0x1cec</load_address>
         <run_address>0x1cec</run_address>
         <size>0x34</size>
         <input_file_ref idref="fl-ec"/>
      </object_component>
      <object_component id="oc-148">
         <name>.text:ble_task_init</name>
         <load_address>0x1d20</load_address>
         <run_address>0x1d20</run_address>
         <size>0x30</size>
         <input_file_ref idref="fl-b"/>
      </object_component>
      <object_component id="oc-237">
         <name>.text:prvHeapInit</name>
         <load_address>0x1d50</load_address>
         <run_address>0x1d50</run_address>
         <size>0x30</size>
         <input_file_ref idref="fl-14"/>
      </object_component>
      <object_component id="oc-48">
         <name>.text:xPortSysTickHandler</name>
         <load_address>0x1d80</load_address>
         <run_address>0x1d80</run_address>
         <size>0x2c</size>
         <input_file_ref idref="fl-12"/>
      </object_component>
      <object_component id="oc-3fd">
         <name>.text:GPIODirModeSet</name>
         <load_address>0x1dac</load_address>
         <run_address>0x1dac</run_address>
         <size>0x2a</size>
         <input_file_ref idref="fl-e7"/>
      </object_component>
      <object_component id="oc-74">
         <name>.text</name>
         <load_address>0x1dd6</load_address>
         <run_address>0x1dd6</run_address>
         <size>0x2</size>
         <input_file_ref idref="fl-dd"/>
      </object_component>
      <object_component id="oc-103">
         <name>.text:prvResetNextTaskUnblockTime</name>
         <load_address>0x1dd8</load_address>
         <run_address>0x1dd8</run_address>
         <size>0x28</size>
         <input_file_ref idref="fl-11"/>
      </object_component>
      <object_component id="oc-299">
         <name>.text:pxPortInitialiseStack</name>
         <load_address>0x1e00</load_address>
         <run_address>0x1e00</run_address>
         <size>0x28</size>
         <input_file_ref idref="fl-12"/>
      </object_component>
      <object_component id="oc-386">
         <name>.text:PWMGenConfigure</name>
         <load_address>0x1e28</load_address>
         <run_address>0x1e28</run_address>
         <size>0x22</size>
         <input_file_ref idref="fl-ea"/>
      </object_component>
      <object_component id="oc-109">
         <name>.text:uxListRemove</name>
         <load_address>0x1e4a</load_address>
         <run_address>0x1e4a</run_address>
         <size>0x20</size>
         <input_file_ref idref="fl-f"/>
      </object_component>
      <object_component id="oc-d3">
         <name>.text</name>
         <load_address>0x1e6a</load_address>
         <run_address>0x1e6a</run_address>
         <size>0x2</size>
         <input_file_ref idref="fl-e6"/>
      </object_component>
      <object_component id="oc-2f2">
         <name>.text:vPortSetupTimerInterrupt</name>
         <load_address>0x1e6c</load_address>
         <run_address>0x1e6c</run_address>
         <size>0x20</size>
         <input_file_ref idref="fl-12"/>
      </object_component>
      <object_component id="oc-392">
         <name>.text:PWMPulseWidthSet</name>
         <load_address>0x1e8c</load_address>
         <run_address>0x1e8c</run_address>
         <size>0x1e</size>
         <input_file_ref idref="fl-ea"/>
      </object_component>
      <object_component id="oc-26d">
         <name>.text:prvIsQueueFull</name>
         <load_address>0x1eaa</load_address>
         <run_address>0x1eaa</run_address>
         <size>0x1c</size>
         <input_file_ref idref="fl-10"/>
      </object_component>
      <object_component id="oc-f9">
         <name>.text:vApplicationStackOverflowHook</name>
         <load_address>0x1ec6</load_address>
         <run_address>0x1ec6</run_address>
         <size>0x2</size>
         <input_file_ref idref="fl-2"/>
      </object_component>
      <object_component id="oc-25b">
         <name>.text:vPortEnterCritical</name>
         <load_address>0x1ec8</load_address>
         <run_address>0x1ec8</run_address>
         <size>0x1c</size>
         <input_file_ref idref="fl-12"/>
      </object_component>
      <object_component id="oc-136">
         <name>.text:UARTprintf</name>
         <load_address>0x1ee4</load_address>
         <run_address>0x1ee4</run_address>
         <size>0x1a</size>
         <input_file_ref idref="fl-15"/>
      </object_component>
      <object_component id="oc-86">
         <name>.text</name>
         <load_address>0x1f00</load_address>
         <run_address>0x1f00</run_address>
         <size>0x18</size>
         <input_file_ref idref="fl-e2"/>
      </object_component>
      <object_component id="oc-10f">
         <name>.text:vListInsertEnd</name>
         <load_address>0x1f18</load_address>
         <run_address>0x1f18</run_address>
         <size>0x18</size>
         <input_file_ref idref="fl-f"/>
      </object_component>
      <object_component id="oc-255">
         <name>.text:vPortExitCritical</name>
         <load_address>0x1f30</load_address>
         <run_address>0x1f30</run_address>
         <size>0x18</size>
         <input_file_ref idref="fl-12"/>
      </object_component>
      <object_component id="oc-24f">
         <name>.text:vTaskSetTimeOutState</name>
         <load_address>0x1f48</load_address>
         <run_address>0x1f48</run_address>
         <size>0x18</size>
         <input_file_ref idref="fl-11"/>
      </object_component>
      <object_component id="oc-1c7">
         <name>.text:vListInitialise</name>
         <load_address>0x1f60</load_address>
         <run_address>0x1f60</run_address>
         <size>0x16</size>
         <input_file_ref idref="fl-f"/>
      </object_component>
      <object_component id="oc-36e">
         <name>.text:SysCtlPWMClockSet</name>
         <load_address>0x1f78</load_address>
         <run_address>0x1f78</run_address>
         <size>0x14</size>
         <input_file_ref idref="fl-ec"/>
      </object_component>
      <object_component id="oc-161">
         <name>.text</name>
         <load_address>0x1f8c</load_address>
         <run_address>0x1f8c</run_address>
         <size>0x14</size>
         <input_file_ref idref="fl-e1"/>
      </object_component>
      <object_component id="oc-380">
         <name>.text:GPIOPinTypePWM</name>
         <load_address>0x1fa0</load_address>
         <run_address>0x1fa0</run_address>
         <size>0x12</size>
         <input_file_ref idref="fl-e7"/>
      </object_component>
      <object_component id="oc-39e">
         <name>.text:PWMOutputState</name>
         <load_address>0x1fb2</load_address>
         <run_address>0x1fb2</run_address>
         <size>0x12</size>
         <input_file_ref idref="fl-ea"/>
      </object_component>
      <object_component id="oc-3db">
         <name>.text:prvDeleteTCB</name>
         <load_address>0x1fc4</load_address>
         <run_address>0x1fc4</run_address>
         <size>0x12</size>
         <input_file_ref idref="fl-11"/>
      </object_component>
      <object_component id="oc-38c">
         <name>.text:PWMGenPeriodSet</name>
         <load_address>0x1fd6</load_address>
         <run_address>0x1fd6</run_address>
         <size>0x10</size>
         <input_file_ref idref="fl-ea"/>
      </object_component>
      <object_component id="oc-35d">
         <name>.text:prvTaskExitError</name>
         <load_address>0x1fe6</load_address>
         <run_address>0x1fe6</run_address>
         <size>0x10</size>
         <input_file_ref idref="fl-12"/>
      </object_component>
      <object_component id="oc-231">
         <name>.text:vTaskSuspendAll</name>
         <load_address>0x1ff8</load_address>
         <run_address>0x1ff8</run_address>
         <size>0x10</size>
         <input_file_ref idref="fl-11"/>
      </object_component>
      <object_component id="oc-18">
         <name>.text:decompress:none</name>
         <load_address>0x2008</load_address>
         <run_address>0x2008</run_address>
         <size>0xe</size>
         <input_file_ref idref="fl-d3"/>
      </object_component>
      <object_component id="oc-398">
         <name>.text:PWMGenEnable</name>
         <load_address>0x2016</load_address>
         <run_address>0x2016</run_address>
         <size>0xc</size>
         <input_file_ref idref="fl-ea"/>
      </object_component>
      <object_component id="oc-3cc">
         <name>.text:SSIDataGet</name>
         <load_address>0x2022</load_address>
         <run_address>0x2022</run_address>
         <size>0xc</size>
         <input_file_ref idref="fl-eb"/>
      </object_component>
      <object_component id="oc-1e">
         <name>.text:decompress:ZI</name>
         <load_address>0x202e</load_address>
         <run_address>0x202e</run_address>
         <size>0xc</size>
         <input_file_ref idref="fl-d4"/>
      </object_component>
      <object_component id="oc-2e0">
         <name>.text:spi_cs_disable</name>
         <load_address>0x203a</load_address>
         <run_address>0x203a</run_address>
         <size>0xc</size>
         <input_file_ref idref="fl-9"/>
      </object_component>
      <object_component id="oc-2d4">
         <name>.text:spi_cs_enable</name>
         <load_address>0x2046</load_address>
         <run_address>0x2046</run_address>
         <size>0xc</size>
         <input_file_ref idref="fl-9"/>
      </object_component>
      <object_component id="oc-32f">
         <name>.text:vTaskMissedYield</name>
         <load_address>0x2054</load_address>
         <run_address>0x2054</run_address>
         <size>0xc</size>
         <input_file_ref idref="fl-11"/>
      </object_component>
      <object_component id="oc-3c0">
         <name>.text:SSIDataPut</name>
         <load_address>0x2060</load_address>
         <run_address>0x2060</run_address>
         <size>0xa</size>
         <input_file_ref idref="fl-eb"/>
      </object_component>
      <object_component id="oc-3c6">
         <name>.text:SSIBusy</name>
         <load_address>0x206a</load_address>
         <run_address>0x206a</run_address>
         <size>0x8</size>
         <input_file_ref idref="fl-eb"/>
      </object_component>
      <object_component id="oc-1f5">
         <name>.text:prvIdleTask</name>
         <load_address>0x2072</load_address>
         <run_address>0x2072</run_address>
         <size>0x8</size>
         <input_file_ref idref="fl-11"/>
      </object_component>
      <object_component id="oc-3a7">
         <name>.text:GPIOPinWrite</name>
         <load_address>0x207a</load_address>
         <run_address>0x207a</run_address>
         <size>0x6</size>
         <input_file_ref idref="fl-e7"/>
      </object_component>
      <object_component id="oc-2b">
         <name>.text:ResetISR</name>
         <load_address>0x2080</load_address>
         <run_address>0x2080</run_address>
         <size>0x6</size>
         <input_file_ref idref="fl-3"/>
      </object_component>
      <object_component id="oc-1a4">
         <name>.text:SysCtlDelay</name>
         <load_address>0x2086</load_address>
         <run_address>0x2086</run_address>
         <size>0x6</size>
         <input_file_ref idref="fl-ec"/>
      </object_component>
      <object_component id="oc-1a7">
         <name>.text:UARTClockSourceSet</name>
         <load_address>0x208c</load_address>
         <run_address>0x208c</run_address>
         <size>0x6</size>
         <input_file_ref idref="fl-ee"/>
      </object_component>
      <object_component id="oc-356">
         <name>.text:vListInitialiseItem</name>
         <load_address>0x2092</load_address>
         <run_address>0x2092</run_address>
         <size>0x6</size>
         <input_file_ref idref="fl-f"/>
      </object_component>
      <object_component id="oc-7a">
         <name>.text</name>
         <load_address>0x2098</load_address>
         <run_address>0x2098</run_address>
         <size>0x4</size>
         <input_file_ref idref="fl-de"/>
      </object_component>
      <object_component id="oc-3f8">
         <name>.const:g_pui32GPIOBaseAddrs</name>
         <load_address>0x209c</load_address>
         <run_address>0x209c</run_address>
         <size>0x90</size>
         <input_file_ref idref="fl-e7"/>
      </object_component>
      <object_component id="oc-3b3">
         <name>.const:g_pui32Xtals</name>
         <load_address>0x212c</load_address>
         <run_address>0x212c</run_address>
         <size>0x6c</size>
         <input_file_ref idref="fl-ec"/>
      </object_component>
      <object_component id="oc-2e6">
         <name>.const:$P$T0$1</name>
         <load_address>0x2198</load_address>
         <run_address>0x2198</run_address>
         <size>0x24</size>
         <input_file_ref idref="fl-b"/>
      </object_component>
      <object_component id="oc-2be">
         <name>.const:$P$T0$1</name>
         <load_address>0x21bc</load_address>
         <run_address>0x21bc</run_address>
         <size>0x24</size>
         <input_file_ref idref="fl-d"/>
      </object_component>
      <object_component id="oc-219">
         <name>.const:g_ui32UARTBase</name>
         <load_address>0x21e0</load_address>
         <run_address>0x21e0</run_address>
         <size>0xc</size>
         <input_file_ref idref="fl-15"/>
      </object_component>
      <object_component id="oc-216">
         <name>.const:g_ui32UARTPeriph</name>
         <load_address>0x21ec</load_address>
         <run_address>0x21ec</run_address>
         <size>0xc</size>
         <input_file_ref idref="fl-15"/>
      </object_component>
      <object_component id="oc-9d">
         <name>.const</name>
         <load_address>0x21f8</load_address>
         <run_address>0x21f8</run_address>
         <size>0x4</size>
         <input_file_ref idref="fl-12"/>
      </object_component>
      <object_component id="oc-448">
         <name>.cinit..data.load</name>
         <load_address>0x2200</load_address>
         <run_address>0x2200</run_address>
         <size>0x19</size>
      </object_component>
      <object_component id="oc-446">
         <name>__TI_handler_table</name>
         <load_address>0x221c</load_address>
         <run_address>0x221c</run_address>
         <size>0xc</size>
      </object_component>
      <object_component id="oc-449">
         <name>.cinit..bss.load</name>
         <load_address>0x2228</load_address>
         <run_address>0x2228</run_address>
         <size>0x8</size>
      </object_component>
      <object_component id="oc-447">
         <name>__TI_cinit_table</name>
         <load_address>0x2230</load_address>
         <run_address>0x2230</run_address>
         <size>0x10</size>
      </object_component>
      <object_component id="oc-9a">
         <name>.data</name>
         <load_address>0x200078f4</load_address>
         <run_address>0x200078f4</run_address>
         <size>0x30</size>
         <input_file_ref idref="fl-11"/>
      </object_component>
      <object_component id="oc-2f8">
         <name>.data</name>
         <load_address>0x20007948</load_address>
         <run_address>0x20007948</run_address>
         <size>0x4</size>
         <input_file_ref idref="fl-12"/>
      </object_component>
      <object_component id="oc-243">
         <name>.data</name>
         <load_address>0x20007938</load_address>
         <run_address>0x20007938</run_address>
         <size>0x8</size>
         <input_file_ref idref="fl-14"/>
      </object_component>
      <object_component id="oc-21c">
         <name>.data</name>
         <load_address>0x20007940</load_address>
         <run_address>0x20007940</run_address>
         <size>0x5</size>
         <input_file_ref idref="fl-15"/>
      </object_component>
      <object_component id="oc-e3">
         <name>.data:$O1$$</name>
         <load_address>0x20007924</load_address>
         <run_address>0x20007924</run_address>
         <size>0xc</size>
         <input_file_ref idref="fl-d5"/>
      </object_component>
      <object_component id="oc-92">
         <name>.data</name>
         <load_address>0x2000794c</load_address>
         <run_address>0x2000794c</run_address>
         <size>0x4</size>
         <input_file_ref idref="fl-df"/>
      </object_component>
      <object_component id="oc-e6">
         <name>.data:$O1$$</name>
         <load_address>0x20007930</load_address>
         <run_address>0x20007930</run_address>
         <size>0x8</size>
         <input_file_ref idref="fl-e1"/>
      </object_component>
      <object_component id="oc-ff">
         <name>.bss:pxReadyTasksLists</name>
         <uninitialized>true</uninitialized>
         <run_address>0x20007530</run_address>
         <size>0x140</size>
         <input_file_ref idref="fl-11"/>
      </object_component>
      <object_component id="oc-364">
         <name>.bss:xDelayedTaskList1</name>
         <uninitialized>true</uninitialized>
         <run_address>0x20007670</run_address>
         <size>0x14</size>
         <input_file_ref idref="fl-11"/>
      </object_component>
      <object_component id="oc-367">
         <name>.bss:xDelayedTaskList2</name>
         <uninitialized>true</uninitialized>
         <run_address>0x20007684</run_address>
         <size>0x14</size>
         <input_file_ref idref="fl-11"/>
      </object_component>
      <object_component id="oc-115">
         <name>.bss</name>
         <uninitialized>true</uninitialized>
         <run_address>0x200076d4</run_address>
         <size>0x8</size>
         <input_file_ref idref="fl-11"/>
      </object_component>
      <object_component id="oc-31a">
         <name>.bss:xPendingReadyList</name>
         <uninitialized>true</uninitialized>
         <run_address>0x20007698</run_address>
         <size>0x14</size>
         <input_file_ref idref="fl-11"/>
      </object_component>
      <object_component id="oc-36a">
         <name>.bss:xTasksWaitingTermination</name>
         <uninitialized>true</uninitialized>
         <run_address>0x200076c0</run_address>
         <size>0x14</size>
         <input_file_ref idref="fl-11"/>
      </object_component>
      <object_component id="oc-343">
         <name>.bss:xSuspendedTaskList</name>
         <uninitialized>true</uninitialized>
         <run_address>0x200076ac</run_address>
         <size>0x14</size>
         <input_file_ref idref="fl-11"/>
      </object_component>
      <object_component id="oc-316">
         <name>.bss:ucHeap</name>
         <uninitialized>true</uninitialized>
         <run_address>0x20000000</run_address>
         <size>0x7530</size>
         <input_file_ref idref="fl-14"/>
      </object_component>
      <object_component id="oc-246">
         <name>.bss:xStart</name>
         <uninitialized>true</uninitialized>
         <run_address>0x200076e4</run_address>
         <size>0x8</size>
         <input_file_ref idref="fl-14"/>
      </object_component>
      <object_component id="oc-249">
         <name>.bss:xEnd</name>
         <uninitialized>true</uninitialized>
         <run_address>0x200076dc</run_address>
         <size>0x8</size>
         <input_file_ref idref="fl-14"/>
      </object_component>
      <object_component id="oc-154">
         <name>.common:g_pUARTSemaphore</name>
         <uninitialized>true</uninitialized>
         <run_address>0x200076ec</run_address>
         <size>0x4</size>
      </object_component>
      <object_component id="oc-2e9">
         <name>.common:spiMutex</name>
         <uninitialized>true</uninitialized>
         <run_address>0x200076f0</run_address>
         <size>0x4</size>
      </object_component>
      <object_component id="oc-2a">
         <name>.stack</name>
         <uninitialized>true</uninitialized>
         <run_address>0x200076f4</run_address>
         <size>0x0</size>
         <input_file_ref idref="fl-d1"/>
      </object_component>
      <object_component id="oc-44a">
         <name>.stack</name>
         <uninitialized>true</uninitialized>
         <run_address>0x200076f4</run_address>
         <size>0x0</size>
      </object_component>
      <object_component id="oc-155">
         <name>.debug_info</name>
         <load_address>0x0</load_address>
         <run_address>0x0</run_address>
         <size>0x477</size>
         <input_file_ref idref="fl-2"/>
      </object_component>
      <object_component id="oc-fa">
         <name>.debug_info</name>
         <load_address>0x477</load_address>
         <run_address>0x477</run_address>
         <size>0x155</size>
         <input_file_ref idref="fl-2"/>
      </object_component>
      <object_component id="oc-131">
         <name>.debug_info</name>
         <load_address>0x5cc</load_address>
         <run_address>0x5cc</run_address>
         <size>0x15b</size>
         <input_file_ref idref="fl-2"/>
      </object_component>
      <object_component id="oc-dc">
         <name>.debug_info</name>
         <load_address>0x727</load_address>
         <run_address>0x727</run_address>
         <size>0x1ad</size>
         <input_file_ref idref="fl-2"/>
      </object_component>
      <object_component id="oc-17e">
         <name>.debug_info</name>
         <load_address>0x8d4</load_address>
         <run_address>0x8d4</run_address>
         <size>0x2ef</size>
         <input_file_ref idref="fl-2"/>
      </object_component>
      <object_component id="oc-57">
         <name>.debug_info</name>
         <load_address>0xbc3</load_address>
         <run_address>0xbc3</run_address>
         <size>0x84</size>
         <input_file_ref idref="fl-2"/>
      </object_component>
      <object_component id="oc-1d4">
         <name>.debug_info</name>
         <load_address>0xc47</load_address>
         <run_address>0xc47</run_address>
         <size>0x46</size>
         <input_file_ref idref="fl-2"/>
      </object_component>
      <object_component id="oc-1fe">
         <name>.debug_info</name>
         <load_address>0xc8d</load_address>
         <run_address>0xc8d</run_address>
         <size>0x2c</size>
         <input_file_ref idref="fl-2"/>
      </object_component>
      <object_component id="oc-16f">
         <name>.debug_info</name>
         <load_address>0xcb9</load_address>
         <run_address>0xcb9</run_address>
         <size>0x2c</size>
         <input_file_ref idref="fl-2"/>
      </object_component>
      <object_component id="oc-b0">
         <name>.debug_info</name>
         <load_address>0xce5</load_address>
         <run_address>0xce5</run_address>
         <size>0x18b</size>
         <input_file_ref idref="fl-2"/>
      </object_component>
      <object_component id="oc-f1">
         <name>.debug_info</name>
         <load_address>0xe70</load_address>
         <run_address>0xe70</run_address>
         <size>0x53</size>
         <input_file_ref idref="fl-2"/>
      </object_component>
      <object_component id="oc-1bc">
         <name>.debug_info</name>
         <load_address>0xec3</load_address>
         <run_address>0xec3</run_address>
         <size>0x4e</size>
         <input_file_ref idref="fl-2"/>
      </object_component>
      <object_component id="oc-188">
         <name>.debug_info</name>
         <load_address>0xf11</load_address>
         <run_address>0xf11</run_address>
         <size>0x14c</size>
         <input_file_ref idref="fl-2"/>
      </object_component>
      <object_component id="oc-50">
         <name>.debug_info</name>
         <load_address>0x105d</load_address>
         <run_address>0x105d</run_address>
         <size>0x313</size>
         <input_file_ref idref="fl-3"/>
      </object_component>
      <object_component id="oc-10">
         <name>.debug_info</name>
         <load_address>0x1370</load_address>
         <run_address>0x1370</run_address>
         <size>0xe4</size>
         <input_file_ref idref="fl-3"/>
      </object_component>
      <object_component id="oc-2c">
         <name>.debug_info</name>
         <load_address>0x1454</load_address>
         <run_address>0x1454</run_address>
         <size>0x114</size>
         <input_file_ref idref="fl-3"/>
      </object_component>
      <object_component id="oc-32">
         <name>.debug_info</name>
         <load_address>0x1568</load_address>
         <run_address>0x1568</run_address>
         <size>0x105</size>
         <input_file_ref idref="fl-3"/>
      </object_component>
      <object_component id="oc-3e">
         <name>.debug_info</name>
         <load_address>0x166d</load_address>
         <run_address>0x166d</run_address>
         <size>0x11d</size>
         <input_file_ref idref="fl-3"/>
      </object_component>
      <object_component id="oc-38">
         <name>.debug_info</name>
         <load_address>0x178a</load_address>
         <run_address>0x178a</run_address>
         <size>0x10b</size>
         <input_file_ref idref="fl-3"/>
      </object_component>
      <object_component id="oc-3a6">
         <name>.debug_info</name>
         <load_address>0x1895</load_address>
         <run_address>0x1895</run_address>
         <size>0x319</size>
         <input_file_ref idref="fl-6"/>
      </object_component>
      <object_component id="oc-2b3">
         <name>.debug_info</name>
         <load_address>0x1bae</load_address>
         <run_address>0x1bae</run_address>
         <size>0x1fa</size>
         <input_file_ref idref="fl-6"/>
      </object_component>
      <object_component id="oc-2ad">
         <name>.debug_info</name>
         <load_address>0x1da8</load_address>
         <run_address>0x1da8</run_address>
         <size>0x174</size>
         <input_file_ref idref="fl-6"/>
      </object_component>
      <object_component id="oc-2c3">
         <name>.debug_info</name>
         <load_address>0x1f1c</load_address>
         <run_address>0x1f1c</run_address>
         <size>0xea</size>
         <input_file_ref idref="fl-6"/>
      </object_component>
      <object_component id="oc-20f">
         <name>.debug_info</name>
         <load_address>0x2006</load_address>
         <run_address>0x2006</run_address>
         <size>0x8b</size>
         <input_file_ref idref="fl-6"/>
      </object_component>
      <object_component id="oc-3be">
         <name>.debug_info</name>
         <load_address>0x2091</load_address>
         <run_address>0x2091</run_address>
         <size>0x36b</size>
         <input_file_ref idref="fl-9"/>
      </object_component>
      <object_component id="oc-2db">
         <name>.debug_info</name>
         <load_address>0x23fc</load_address>
         <run_address>0x23fc</run_address>
         <size>0x242</size>
         <input_file_ref idref="fl-9"/>
      </object_component>
      <object_component id="oc-2cf">
         <name>.debug_info</name>
         <load_address>0x263e</load_address>
         <run_address>0x263e</run_address>
         <size>0x1fe</size>
         <input_file_ref idref="fl-9"/>
      </object_component>
      <object_component id="oc-2d5">
         <name>.debug_info</name>
         <load_address>0x283c</load_address>
         <run_address>0x283c</run_address>
         <size>0x16e</size>
         <input_file_ref idref="fl-9"/>
      </object_component>
      <object_component id="oc-2e1">
         <name>.debug_info</name>
         <load_address>0x29aa</load_address>
         <run_address>0x29aa</run_address>
         <size>0x170</size>
         <input_file_ref idref="fl-9"/>
      </object_component>
      <object_component id="oc-2ed">
         <name>.debug_info</name>
         <load_address>0x2b1a</load_address>
         <run_address>0x2b1a</run_address>
         <size>0xee</size>
         <input_file_ref idref="fl-9"/>
      </object_component>
      <object_component id="oc-2ea">
         <name>.debug_info</name>
         <load_address>0x2c08</load_address>
         <run_address>0x2c08</run_address>
         <size>0x517</size>
         <input_file_ref idref="fl-b"/>
      </object_component>
      <object_component id="oc-2e7">
         <name>.debug_info</name>
         <load_address>0x311f</load_address>
         <run_address>0x311f</run_address>
         <size>0xdb</size>
         <input_file_ref idref="fl-b"/>
      </object_component>
      <object_component id="oc-149">
         <name>.debug_info</name>
         <load_address>0x31fa</load_address>
         <run_address>0x31fa</run_address>
         <size>0x141</size>
         <input_file_ref idref="fl-b"/>
      </object_component>
      <object_component id="oc-1e9">
         <name>.debug_info</name>
         <load_address>0x333b</load_address>
         <run_address>0x333b</run_address>
         <size>0x209</size>
         <input_file_ref idref="fl-b"/>
      </object_component>
      <object_component id="oc-2c2">
         <name>.debug_info</name>
         <load_address>0x3544</load_address>
         <run_address>0x3544</run_address>
         <size>0x5eb</size>
         <input_file_ref idref="fl-d"/>
      </object_component>
      <object_component id="oc-2bf">
         <name>.debug_info</name>
         <load_address>0x3b2f</load_address>
         <run_address>0x3b2f</run_address>
         <size>0xdd</size>
         <input_file_ref idref="fl-d"/>
      </object_component>
      <object_component id="oc-143">
         <name>.debug_info</name>
         <load_address>0x3c0c</load_address>
         <run_address>0x3c0c</run_address>
         <size>0x14b</size>
         <input_file_ref idref="fl-d"/>
      </object_component>
      <object_component id="oc-2a7">
         <name>.debug_info</name>
         <load_address>0x3d57</load_address>
         <run_address>0x3d57</run_address>
         <size>0x268</size>
         <input_file_ref idref="fl-d"/>
      </object_component>
      <object_component id="oc-1e2">
         <name>.debug_info</name>
         <load_address>0x3fbf</load_address>
         <run_address>0x3fbf</run_address>
         <size>0x1f4</size>
         <input_file_ref idref="fl-d"/>
      </object_component>
      <object_component id="oc-194">
         <name>.debug_info</name>
         <load_address>0x41b3</load_address>
         <run_address>0x41b3</run_address>
         <size>0x303</size>
         <input_file_ref idref="fl-f"/>
      </object_component>
      <object_component id="oc-110">
         <name>.debug_info</name>
         <load_address>0x44b6</load_address>
         <run_address>0x44b6</run_address>
         <size>0x26a</size>
         <input_file_ref idref="fl-f"/>
      </object_component>
      <object_component id="oc-338">
         <name>.debug_info</name>
         <load_address>0x4720</load_address>
         <run_address>0x4720</run_address>
         <size>0x295</size>
         <input_file_ref idref="fl-f"/>
      </object_component>
      <object_component id="oc-357">
         <name>.debug_info</name>
         <load_address>0x49b5</load_address>
         <run_address>0x49b5</run_address>
         <size>0x217</size>
         <input_file_ref idref="fl-f"/>
      </object_component>
      <object_component id="oc-1c8">
         <name>.debug_info</name>
         <load_address>0x4bcc</load_address>
         <run_address>0x4bcc</run_address>
         <size>0x20f</size>
         <input_file_ref idref="fl-f"/>
      </object_component>
      <object_component id="oc-10a">
         <name>.debug_info</name>
         <load_address>0x4ddb</load_address>
         <run_address>0x4ddb</run_address>
         <size>0x242</size>
         <input_file_ref idref="fl-f"/>
      </object_component>
      <object_component id="oc-174">
         <name>.debug_info</name>
         <load_address>0x501d</load_address>
         <run_address>0x501d</run_address>
         <size>0x110</size>
         <input_file_ref idref="fl-f"/>
      </object_component>
      <object_component id="oc-1d9">
         <name>.debug_info</name>
         <load_address>0x512d</load_address>
         <run_address>0x512d</run_address>
         <size>0x7c0</size>
         <input_file_ref idref="fl-10"/>
      </object_component>
      <object_component id="oc-268">
         <name>.debug_info</name>
         <load_address>0x58ed</load_address>
         <run_address>0x58ed</run_address>
         <size>0x2e4</size>
         <input_file_ref idref="fl-10"/>
      </object_component>
      <object_component id="oc-26e">
         <name>.debug_info</name>
         <load_address>0x5bd1</load_address>
         <run_address>0x5bd1</run_address>
         <size>0x262</size>
         <input_file_ref idref="fl-10"/>
      </object_component>
      <object_component id="oc-27a">
         <name>.debug_info</name>
         <load_address>0x5e33</load_address>
         <run_address>0x5e33</run_address>
         <size>0x2ca</size>
         <input_file_ref idref="fl-10"/>
      </object_component>
      <object_component id="oc-1ce">
         <name>.debug_info</name>
         <load_address>0x60fd</load_address>
         <run_address>0x60fd</run_address>
         <size>0x4fd</size>
         <input_file_ref idref="fl-10"/>
      </object_component>
      <object_component id="oc-13d">
         <name>.debug_info</name>
         <load_address>0x65fa</load_address>
         <run_address>0x65fa</run_address>
         <size>0x2a5</size>
         <input_file_ref idref="fl-10"/>
      </object_component>
      <object_component id="oc-288">
         <name>.debug_info</name>
         <load_address>0x689f</load_address>
         <run_address>0x689f</run_address>
         <size>0x1cd</size>
         <input_file_ref idref="fl-10"/>
      </object_component>
      <object_component id="oc-f0">
         <name>.debug_info</name>
         <load_address>0x6a6c</load_address>
         <run_address>0x6a6c</run_address>
         <size>0x79d</size>
         <input_file_ref idref="fl-11"/>
      </object_component>
      <object_component id="oc-9b">
         <name>.debug_info</name>
         <load_address>0x7209</load_address>
         <run_address>0x7209</run_address>
         <size>0x333</size>
         <input_file_ref idref="fl-11"/>
      </object_component>
      <object_component id="oc-100">
         <name>.debug_info</name>
         <load_address>0x753c</load_address>
         <run_address>0x753c</run_address>
         <size>0x12f</size>
         <input_file_ref idref="fl-11"/>
      </object_component>
      <object_component id="oc-365">
         <name>.debug_info</name>
         <load_address>0x766b</load_address>
         <run_address>0x766b</run_address>
         <size>0x12f</size>
         <input_file_ref idref="fl-11"/>
      </object_component>
      <object_component id="oc-368">
         <name>.debug_info</name>
         <load_address>0x779a</load_address>
         <run_address>0x779a</run_address>
         <size>0x12f</size>
         <input_file_ref idref="fl-11"/>
      </object_component>
      <object_component id="oc-116">
         <name>.debug_info</name>
         <load_address>0x78c9</load_address>
         <run_address>0x78c9</run_address>
         <size>0x171</size>
         <input_file_ref idref="fl-11"/>
      </object_component>
      <object_component id="oc-31b">
         <name>.debug_info</name>
         <load_address>0x7a3a</load_address>
         <run_address>0x7a3a</run_address>
         <size>0x12f</size>
         <input_file_ref idref="fl-11"/>
      </object_component>
      <object_component id="oc-36b">
         <name>.debug_info</name>
         <load_address>0x7b69</load_address>
         <run_address>0x7b69</run_address>
         <size>0x13d</size>
         <input_file_ref idref="fl-11"/>
      </object_component>
      <object_component id="oc-344">
         <name>.debug_info</name>
         <load_address>0x7ca6</load_address>
         <run_address>0x7ca6</run_address>
         <size>0x131</size>
         <input_file_ref idref="fl-11"/>
      </object_component>
      <object_component id="oc-104">
         <name>.debug_info</name>
         <load_address>0x7dd7</load_address>
         <run_address>0x7dd7</run_address>
         <size>0x215</size>
         <input_file_ref idref="fl-11"/>
      </object_component>
      <object_component id="oc-a8">
         <name>.debug_info</name>
         <load_address>0x7fec</load_address>
         <run_address>0x7fec</run_address>
         <size>0x2e5</size>
         <input_file_ref idref="fl-11"/>
      </object_component>
      <object_component id="oc-23e">
         <name>.debug_info</name>
         <load_address>0x82d1</load_address>
         <run_address>0x82d1</run_address>
         <size>0x2ad</size>
         <input_file_ref idref="fl-11"/>
      </object_component>
      <object_component id="oc-280">
         <name>.debug_info</name>
         <load_address>0x857e</load_address>
         <run_address>0x857e</run_address>
         <size>0x2b6</size>
         <input_file_ref idref="fl-11"/>
      </object_component>
      <object_component id="oc-348">
         <name>.debug_info</name>
         <load_address>0x8834</load_address>
         <run_address>0x8834</run_address>
         <size>0x297</size>
         <input_file_ref idref="fl-11"/>
      </object_component>
      <object_component id="oc-33e">
         <name>.debug_info</name>
         <load_address>0x8acb</load_address>
         <run_address>0x8acb</run_address>
         <size>0x270</size>
         <input_file_ref idref="fl-11"/>
      </object_component>
      <object_component id="oc-28e">
         <name>.debug_info</name>
         <load_address>0x8d3b</load_address>
         <run_address>0x8d3b</run_address>
         <size>0x2fb</size>
         <input_file_ref idref="fl-11"/>
      </object_component>
      <object_component id="oc-294">
         <name>.debug_info</name>
         <load_address>0x9036</load_address>
         <run_address>0x9036</run_address>
         <size>0x2f7</size>
         <input_file_ref idref="fl-11"/>
      </object_component>
      <object_component id="oc-2a0">
         <name>.debug_info</name>
         <load_address>0x932d</load_address>
         <run_address>0x932d</run_address>
         <size>0x27c</size>
         <input_file_ref idref="fl-11"/>
      </object_component>
      <object_component id="oc-1dc">
         <name>.debug_info</name>
         <load_address>0x95a9</load_address>
         <run_address>0x95a9</run_address>
         <size>0x4b3</size>
         <input_file_ref idref="fl-11"/>
      </object_component>
      <object_component id="oc-250">
         <name>.debug_info</name>
         <load_address>0x9a5c</load_address>
         <run_address>0x9a5c</run_address>
         <size>0x22b</size>
         <input_file_ref idref="fl-11"/>
      </object_component>
      <object_component id="oc-262">
         <name>.debug_info</name>
         <load_address>0x9c87</load_address>
         <run_address>0x9c87</run_address>
         <size>0x2ff</size>
         <input_file_ref idref="fl-11"/>
      </object_component>
      <object_component id="oc-a1">
         <name>.debug_info</name>
         <load_address>0x9f86</load_address>
         <run_address>0x9f86</run_address>
         <size>0x276</size>
         <input_file_ref idref="fl-11"/>
      </object_component>
      <object_component id="oc-232">
         <name>.debug_info</name>
         <load_address>0xa1fc</load_address>
         <run_address>0xa1fc</run_address>
         <size>0x1eb</size>
         <input_file_ref idref="fl-11"/>
      </object_component>
      <object_component id="oc-14f">
         <name>.debug_info</name>
         <load_address>0xa3e7</load_address>
         <run_address>0xa3e7</run_address>
         <size>0x226</size>
         <input_file_ref idref="fl-11"/>
      </object_component>
      <object_component id="oc-274">
         <name>.debug_info</name>
         <load_address>0xa60d</load_address>
         <run_address>0xa60d</run_address>
         <size>0x2dc</size>
         <input_file_ref idref="fl-11"/>
      </object_component>
      <object_component id="oc-330">
         <name>.debug_info</name>
         <load_address>0xa8e9</load_address>
         <run_address>0xa8e9</run_address>
         <size>0x1ed</size>
         <input_file_ref idref="fl-11"/>
      </object_component>
      <object_component id="oc-2b9">
         <name>.debug_info</name>
         <load_address>0xaad6</load_address>
         <run_address>0xaad6</run_address>
         <size>0x2a9</size>
         <input_file_ref idref="fl-11"/>
      </object_component>
      <object_component id="oc-3dc">
         <name>.debug_info</name>
         <load_address>0xad7f</load_address>
         <run_address>0xad7f</run_address>
         <size>0x22a</size>
         <input_file_ref idref="fl-11"/>
      </object_component>
      <object_component id="oc-2fd">
         <name>.debug_info</name>
         <load_address>0xafa9</load_address>
         <run_address>0xafa9</run_address>
         <size>0x2c0</size>
         <input_file_ref idref="fl-11"/>
      </object_component>
      <object_component id="oc-1f6">
         <name>.debug_info</name>
         <load_address>0xb269</load_address>
         <run_address>0xb269</run_address>
         <size>0x223</size>
         <input_file_ref idref="fl-11"/>
      </object_component>
      <object_component id="oc-179">
         <name>.debug_info</name>
         <load_address>0xb48c</load_address>
         <run_address>0xb48c</run_address>
         <size>0x169</size>
         <input_file_ref idref="fl-11"/>
      </object_component>
      <object_component id="oc-183">
         <name>.debug_info</name>
         <load_address>0xb5f5</load_address>
         <run_address>0xb5f5</run_address>
         <size>0x46</size>
         <input_file_ref idref="fl-11"/>
      </object_component>
      <object_component id="oc-f8">
         <name>.debug_info</name>
         <load_address>0xb63b</load_address>
         <run_address>0xb63b</run_address>
         <size>0x40c</size>
         <input_file_ref idref="fl-12"/>
      </object_component>
      <object_component id="oc-9e">
         <name>.debug_info</name>
         <load_address>0xba47</load_address>
         <run_address>0xba47</run_address>
         <size>0x15d</size>
         <input_file_ref idref="fl-12"/>
      </object_component>
      <object_component id="oc-2f9">
         <name>.debug_info</name>
         <load_address>0xbba4</load_address>
         <run_address>0xbba4</run_address>
         <size>0x144</size>
         <input_file_ref idref="fl-12"/>
      </object_component>
      <object_component id="oc-49">
         <name>.debug_info</name>
         <load_address>0xbce8</load_address>
         <run_address>0xbce8</run_address>
         <size>0x24b</size>
         <input_file_ref idref="fl-12"/>
      </object_component>
      <object_component id="oc-2f3">
         <name>.debug_info</name>
         <load_address>0xbf33</load_address>
         <run_address>0xbf33</run_address>
         <size>0x251</size>
         <input_file_ref idref="fl-12"/>
      </object_component>
      <object_component id="oc-1f0">
         <name>.debug_info</name>
         <load_address>0xc184</load_address>
         <run_address>0xc184</run_address>
         <size>0x284</size>
         <input_file_ref idref="fl-12"/>
      </object_component>
      <object_component id="oc-256">
         <name>.debug_info</name>
         <load_address>0xc408</load_address>
         <run_address>0xc408</run_address>
         <size>0x22e</size>
         <input_file_ref idref="fl-12"/>
      </object_component>
      <object_component id="oc-25c">
         <name>.debug_info</name>
         <load_address>0xc636</load_address>
         <run_address>0xc636</run_address>
         <size>0x230</size>
         <input_file_ref idref="fl-12"/>
      </object_component>
      <object_component id="oc-29a">
         <name>.debug_info</name>
         <load_address>0xc866</load_address>
         <run_address>0xc866</run_address>
         <size>0x2e5</size>
         <input_file_ref idref="fl-12"/>
      </object_component>
      <object_component id="oc-35e">
         <name>.debug_info</name>
         <load_address>0xcb4b</load_address>
         <run_address>0xcb4b</run_address>
         <size>0x21e</size>
         <input_file_ref idref="fl-12"/>
      </object_component>
      <object_component id="oc-44">
         <name>.debug_info</name>
         <load_address>0xcd69</load_address>
         <run_address>0xcd69</run_address>
         <size>0x295</size>
         <input_file_ref idref="fl-13"/>
      </object_component>
      <object_component id="oc-24d">
         <name>.debug_info</name>
         <load_address>0xcffe</load_address>
         <run_address>0xcffe</run_address>
         <size>0x3b1</size>
         <input_file_ref idref="fl-14"/>
      </object_component>
      <object_component id="oc-317">
         <name>.debug_info</name>
         <load_address>0xd3af</load_address>
         <run_address>0xd3af</run_address>
         <size>0x12b</size>
         <input_file_ref idref="fl-14"/>
      </object_component>
      <object_component id="oc-247">
         <name>.debug_info</name>
         <load_address>0xd4da</load_address>
         <run_address>0xd4da</run_address>
         <size>0x12b</size>
         <input_file_ref idref="fl-14"/>
      </object_component>
      <object_component id="oc-24a">
         <name>.debug_info</name>
         <load_address>0xd605</load_address>
         <run_address>0xd605</run_address>
         <size>0x127</size>
         <input_file_ref idref="fl-14"/>
      </object_component>
      <object_component id="oc-244">
         <name>.debug_info</name>
         <load_address>0xd72c</load_address>
         <run_address>0xd72c</run_address>
         <size>0x145</size>
         <input_file_ref idref="fl-14"/>
      </object_component>
      <object_component id="oc-350">
         <name>.debug_info</name>
         <load_address>0xd871</load_address>
         <run_address>0xd871</run_address>
         <size>0x2b6</size>
         <input_file_ref idref="fl-14"/>
      </object_component>
      <object_component id="oc-238">
         <name>.debug_info</name>
         <load_address>0xdb27</load_address>
         <run_address>0xdb27</run_address>
         <size>0x218</size>
         <input_file_ref idref="fl-14"/>
      </object_component>
      <object_component id="oc-1c2">
         <name>.debug_info</name>
         <load_address>0xdd3f</load_address>
         <run_address>0xdd3f</run_address>
         <size>0x38a</size>
         <input_file_ref idref="fl-14"/>
      </object_component>
      <object_component id="oc-322">
         <name>.debug_info</name>
         <load_address>0xe0c9</load_address>
         <run_address>0xe0c9</run_address>
         <size>0x62</size>
         <input_file_ref idref="fl-14"/>
      </object_component>
      <object_component id="oc-1bb">
         <name>.debug_info</name>
         <load_address>0xe12b</load_address>
         <run_address>0xe12b</run_address>
         <size>0x2c2</size>
         <input_file_ref idref="fl-15"/>
      </object_component>
      <object_component id="oc-21d">
         <name>.debug_info</name>
         <load_address>0xe3ed</load_address>
         <run_address>0xe3ed</run_address>
         <size>0x10f</size>
         <input_file_ref idref="fl-15"/>
      </object_component>
      <object_component id="oc-21a">
         <name>.debug_info</name>
         <load_address>0xe4fc</load_address>
         <run_address>0xe4fc</run_address>
         <size>0x117</size>
         <input_file_ref idref="fl-15"/>
      </object_component>
      <object_component id="oc-217">
         <name>.debug_info</name>
         <load_address>0xe613</load_address>
         <run_address>0xe613</run_address>
         <size>0x11b</size>
         <input_file_ref idref="fl-15"/>
      </object_component>
      <object_component id="oc-224">
         <name>.debug_info</name>
         <load_address>0xe72e</load_address>
         <run_address>0xe72e</run_address>
         <size>0x220</size>
         <input_file_ref idref="fl-15"/>
      </object_component>
      <object_component id="oc-1b5">
         <name>.debug_info</name>
         <load_address>0xe94e</load_address>
         <run_address>0xe94e</run_address>
         <size>0x352</size>
         <input_file_ref idref="fl-15"/>
      </object_component>
      <object_component id="oc-137">
         <name>.debug_info</name>
         <load_address>0xeca0</load_address>
         <run_address>0xeca0</run_address>
         <size>0x1ed</size>
         <input_file_ref idref="fl-15"/>
      </object_component>
      <object_component id="oc-21f">
         <name>.debug_info</name>
         <load_address>0xee8d</load_address>
         <run_address>0xee8d</run_address>
         <size>0x26b</size>
         <input_file_ref idref="fl-15"/>
      </object_component>
      <object_component id="oc-1ae">
         <name>.debug_info</name>
         <load_address>0xf0f8</load_address>
         <run_address>0xf0f8</run_address>
         <size>0x283</size>
         <input_file_ref idref="fl-15"/>
      </object_component>
      <object_component id="oc-25">
         <name>.debug_info</name>
         <load_address>0xf37b</load_address>
         <run_address>0xf37b</run_address>
         <size>0x160</size>
         <input_file_ref idref="fl-d1"/>
      </object_component>
      <object_component id="oc-ba">
         <name>.debug_info</name>
         <load_address>0xf4db</load_address>
         <run_address>0xf4db</run_address>
         <size>0x293</size>
         <input_file_ref idref="fl-d2"/>
      </object_component>
      <object_component id="oc-13">
         <name>.debug_info</name>
         <load_address>0xf76e</load_address>
         <run_address>0xf76e</run_address>
         <size>0x245</size>
         <input_file_ref idref="fl-d2"/>
      </object_component>
      <object_component id="oc-52">
         <name>.debug_info</name>
         <load_address>0xf9b3</load_address>
         <run_address>0xf9b3</run_address>
         <size>0x60</size>
         <input_file_ref idref="fl-d2"/>
      </object_component>
      <object_component id="oc-b5">
         <name>.debug_info</name>
         <load_address>0xfa13</load_address>
         <run_address>0xfa13</run_address>
         <size>0x46</size>
         <input_file_ref idref="fl-d2"/>
      </object_component>
      <object_component id="oc-67">
         <name>.debug_info</name>
         <load_address>0xfa59</load_address>
         <run_address>0xfa59</run_address>
         <size>0x2da</size>
         <input_file_ref idref="fl-d3"/>
      </object_component>
      <object_component id="oc-19">
         <name>.debug_info</name>
         <load_address>0xfd33</load_address>
         <run_address>0xfd33</run_address>
         <size>0x1df</size>
         <input_file_ref idref="fl-d3"/>
      </object_component>
      <object_component id="oc-62">
         <name>.debug_info</name>
         <load_address>0xff12</load_address>
         <run_address>0xff12</run_address>
         <size>0x46</size>
         <input_file_ref idref="fl-d3"/>
      </object_component>
      <object_component id="oc-bc">
         <name>.debug_info</name>
         <load_address>0xff58</load_address>
         <run_address>0xff58</run_address>
         <size>0x2c</size>
         <input_file_ref idref="fl-d3"/>
      </object_component>
      <object_component id="oc-73">
         <name>.debug_info</name>
         <load_address>0xff84</load_address>
         <run_address>0xff84</run_address>
         <size>0x2c9</size>
         <input_file_ref idref="fl-d4"/>
      </object_component>
      <object_component id="oc-1f">
         <name>.debug_info</name>
         <load_address>0x1024d</load_address>
         <run_address>0x1024d</run_address>
         <size>0x1aa</size>
         <input_file_ref idref="fl-d4"/>
      </object_component>
      <object_component id="oc-6e">
         <name>.debug_info</name>
         <load_address>0x103f7</load_address>
         <run_address>0x103f7</run_address>
         <size>0x46</size>
         <input_file_ref idref="fl-d4"/>
      </object_component>
      <object_component id="oc-c4">
         <name>.debug_info</name>
         <load_address>0x1043d</load_address>
         <run_address>0x1043d</run_address>
         <size>0x2c</size>
         <input_file_ref idref="fl-d4"/>
      </object_component>
      <object_component id="oc-ea">
         <name>.debug_info</name>
         <load_address>0x10469</load_address>
         <run_address>0x10469</run_address>
         <size>0x3ce</size>
         <input_file_ref idref="fl-d5"/>
      </object_component>
      <object_component id="oc-e4">
         <name>.debug_info</name>
         <load_address>0x10837</load_address>
         <run_address>0x10837</run_address>
         <size>0x185</size>
         <input_file_ref idref="fl-d5"/>
      </object_component>
      <object_component id="oc-8d">
         <name>.debug_info</name>
         <load_address>0x109bc</load_address>
         <run_address>0x109bc</run_address>
         <size>0x214</size>
         <input_file_ref idref="fl-d5"/>
      </object_component>
      <object_component id="oc-5d">
         <name>.debug_info</name>
         <load_address>0x10bd0</load_address>
         <run_address>0x10bd0</run_address>
         <size>0x111</size>
         <input_file_ref idref="fl-db"/>
      </object_component>
      <object_component id="oc-69">
         <name>.debug_info</name>
         <load_address>0x10ce1</load_address>
         <run_address>0x10ce1</run_address>
         <size>0x13f</size>
         <input_file_ref idref="fl-dc"/>
[...]
            <run_size>0x76f4</run_size>
            <compression>zero_init</compression>
         </cprec>
      </cptbl>
   </cptbl_list>
   <handler_table>
      <handler_table_name>__TI_handler_table</handler_table_name>
      <handler>
         <index>0x0</index>
         <name>__TI_decompress_lzss</name>
      </handler>
      <handler>
         <index>0x1</index>
         <name>__TI_decompress_none</name>
      </handler>
      <handler>
         <index>0x2</index>
         <name>__TI_zero_init</name>
      </handler>
   </handler_table>
   <symbol_table>
      <symbol id="sm-1">
         <name>__STACK_TOP</name>
         <value>0x200078f4</value>
      </symbol>
      <symbol id="sm-2">
         <name>__TI_CINIT_Base</name>
         <value>0x2230</value>
      </symbol>
      <symbol id="sm-3">
         <name>__TI_CINIT_Limit</name>
         <value>0x2240</value>
      </symbol>
      <symbol id="sm-4">
         <name>__TI_Handler_Table_Base</name>
         <value>0x221c</value>
      </symbol>
      <symbol id="sm-5">
         <name>__TI_Handler_Table_Limit</name>
         <value>0x2228</value>
      </symbol>
      <symbol id="sm-6">
         <name>binit</name>
         <value>0xffffffff</value>
      </symbol>
      <symbol id="sm-7">
         <name>__binit__</name>
         <value>0xffffffff</value>
      </symbol>
      <symbol id="sm-8">
         <name>__STACK_SIZE</name>
         <value>0x200</value>
      </symbol>
      <symbol id="sm-9">
         <name>__STACK_END</name>
         <value>0x200078f4</value>
      </symbol>
      <symbol id="sm-a">
         <name>__c_args__</name>
         <value>0xffffffff</value>
      </symbol>
      <symbol id="sm-b">
         <name>__TI_pprof_out_hndl</name>
         <value>0xffffffff</value>
      </symbol>
      <symbol id="sm-c">
         <name>__TI_prof_data_start</name>
         <value>0xffffffff</value>
      </symbol>
      <symbol id="sm-d">
         <name>__TI_prof_data_size</name>
         <value>0xffffffff</value>
      </symbol>
      <symbol id="sm-7f">
         <name>g_pUARTSemaphore</name>
         <value>0x200076ec</value>
      </symbol>
      <symbol id="sm-80">
         <name>vApplicationStackOverflowHook</name>
         <value>0x1ec7</value>
         <object_component_ref idref="oc-f9"/>
      </symbol>
      <symbol id="sm-81">
         <name>main</name>
         <value>0xe19</value>
         <object_component_ref idref="oc-db"/>
      </symbol>
      <symbol id="sm-82">
         <name>ConfigureUART</name>
         <value>0x1511</value>
         <object_component_ref idref="oc-130"/>
      </symbol>
      <symbol id="sm-b3">
         <name>ResetISR</name>
         <value>0x2081</value>
         <object_component_ref idref="oc-2b"/>
      </symbol>
      <symbol id="sm-b4">
         <name>g_pfnVectors</name>
         <value>0x0</value>
         <object_component_ref idref="oc-f"/>
      </symbol>
      <symbol id="sm-de">
         <name>L293D_set</name>
         <value>0xd55</value>
         <object_component_ref idref="oc-2b2"/>
      </symbol>
      <symbol id="sm-df">
         <name>L293D_init</name>
         <value>0x1cb9</value>
         <object_component_ref idref="oc-2ac"/>
      </symbol>
      <symbol id="sm-11e">
         <name>spi_cs_disable</name>
         <value>0x203b</value>
         <object_component_ref idref="oc-2e0"/>
      </symbol>
      <symbol id="sm-11f">
         <name>spi_transfer</name>
         <value>0x1b99</value>
         <object_component_ref idref="oc-2da"/>
      </symbol>
      <symbol id="sm-120">
         <name>spi_init</name>
         <value>0x589</value>
         <object_component_ref idref="oc-2ce"/>
      </symbol>
      <symbol id="sm-121">
         <name>spi_cs_enable</name>
         <value>0x2047</value>
         <object_component_ref idref="oc-2d4"/>
      </symbol>
      <symbol id="sm-14e">
         <name>spiMutex</name>
         <value>0x200076f0</value>
      </symbol>
      <symbol id="sm-14f">
         <name>ble_task_init</name>
         <value>0x1d21</value>
         <object_component_ref idref="oc-148"/>
      </symbol>
      <symbol id="sm-187">
         <name>motor_task_init</name>
         <value>0x1c49</value>
         <object_component_ref idref="oc-142"/>
      </symbol>
      <symbol id="sm-1bd">
         <name>uxListRemove</name>
         <value>0x1e4b</value>
         <object_component_ref idref="oc-109"/>
      </symbol>
      <symbol id="sm-1be">
         <name>vListInsert</name>
         <value>0x1c81</value>
         <object_component_ref idref="oc-337"/>
      </symbol>
      <symbol id="sm-1bf">
         <name>vListInitialiseItem</name>
         <value>0x2093</value>
         <object_component_ref idref="oc-356"/>
      </symbol>
      <symbol id="sm-1c0">
         <name>vListInsertEnd</name>
         <value>0x1f19</value>
         <object_component_ref idref="oc-10f"/>
      </symbol>
      <symbol id="sm-1c1">
         <name>vListInitialise</name>
         <value>0x1f61</value>
         <object_component_ref idref="oc-1c7"/>
      </symbol>
      <symbol id="sm-211">
         <name>xQueueCreateMutex</name>
         <value>0x19f9</value>
         <object_component_ref idref="oc-13c"/>
      </symbol>
      <symbol id="sm-212">
         <name>xQueueGenericSend</name>
         <value>0xab5</value>
         <object_component_ref idref="oc-1cd"/>
      </symbol>
      <symbol id="sm-3ae">
         <name>vTaskDelay</name>
         <value>0x175d</value>
         <object_component_ref idref="oc-2b8"/>
      </symbol>
      <symbol id="sm-3af">
         <name>vTaskSuspendAll</name>
         <value>0x1ff9</value>
         <object_component_ref idref="oc-231"/>
      </symbol>
      <symbol id="sm-3b0">
         <name>vTaskPlaceOnEventList</name>
         <value>0x1575</value>
         <object_component_ref idref="oc-273"/>
      </symbol>
      <symbol id="sm-3b1">
         <name>xTaskCheckForTimeOut</name>
         <value>0x190d</value>
         <object_component_ref idref="oc-261"/>
      </symbol>
      <symbol id="sm-3b2">
         <name>xTaskPriorityDisinherit</name>
         <value>0x1259</value>
         <object_component_ref idref="oc-347"/>
      </symbol>
      <symbol id="sm-3b3">
         <name>vTaskStartScheduler</name>
         <value>0x16fd</value>
         <object_component_ref idref="oc-14e"/>
      </symbol>
      <symbol id="sm-3b4">
         <name>vTaskMissedYield</name>
         <value>0x2055</value>
         <object_component_ref idref="oc-32f"/>
      </symbol>
      <symbol id="sm-3b5">
         <name>xTaskResumeAll</name>
         <value>0xb9d</value>
         <object_component_ref idref="oc-23d"/>
      </symbol>
      <symbol id="sm-3b6">
         <name>xTaskGenericCreate</name>
         <value>0x7b9</value>
         <object_component_ref idref="oc-1db"/>
      </symbol>
      <symbol id="sm-3b7">
         <name>pxCurrentTCB</name>
         <value>0x200078f4</value>
         <object_component_ref idref="oc-9a"/>
      </symbol>
      <symbol id="sm-3b8">
         <name>vTaskSetTimeOutState</name>
         <value>0x1f49</value>
         <object_component_ref idref="oc-24f"/>
      </symbol>
      <symbol id="sm-3b9">
         <name>xTaskIncrementTick</name>
         <value>0x8bd</value>
         <object_component_ref idref="oc-a7"/>
      </symbol>
      <symbol id="sm-3ba">
         <name>vTaskSwitchContext</name>
         <value>0x1151</value>
         <object_component_ref idref="oc-a0"/>
      </symbol>
      <symbol id="sm-3bb">
         <name>xTaskRemoveFromEventList</name>
         <value>0x1351</value>
         <object_component_ref idref="oc-27f"/>
      </symbol>
      <symbol id="sm-415">
         <name>ulMaxSyscallInterruptPriority</name>
         <value>0x21f8</value>
         <object_component_ref idref="oc-9d"/>
      </symbol>
      <symbol id="sm-416">
         <name>vPortSetupTimerInterrupt</name>
         <value>0x1e6d</value>
         <object_component_ref idref="oc-2f2"/>
      </symbol>
      <symbol id="sm-417">
         <name>xPortSysTickHandler</name>
         <value>0x1d81</value>
         <object_component_ref idref="oc-48"/>
      </symbol>
      <symbol id="sm-418">
         <name>pxPortInitialiseStack</name>
         <value>0x1e01</value>
         <object_component_ref idref="oc-299"/>
      </symbol>
      <symbol id="sm-419">
         <name>vPortExitCritical</name>
         <value>0x1f31</value>
         <object_component_ref idref="oc-255"/>
      </symbol>
      <symbol id="sm-41a">
         <name>xPortStartScheduler</name>
         <value>0x1b59</value>
         <object_component_ref idref="oc-1ef"/>
      </symbol>
      <symbol id="sm-41b">
         <name>vPortEnterCritical</name>
         <value>0x1ec9</value>
         <object_component_ref idref="oc-25b"/>
      </symbol>
      <symbol id="sm-42a">
         <name>vPortStartFirstTask</name>
         <value>0xd29</value>
         <object_component_ref idref="oc-43"/>
      </symbol>
      <symbol id="sm-42b">
         <name>ulPortGetIPSR</name>
         <value>0xc91</value>
         <object_component_ref idref="oc-43"/>
      </symbol>
      <symbol id="sm-42c">
         <name>vPortEnableVFP</name>
         <value>0xd45</value>
         <object_component_ref idref="oc-43"/>
      </symbol>
      <symbol id="sm-42d">
         <name>xPortPendSVHandler</name>
         <value>0xca9</value>
         <object_component_ref idref="oc-43"/>
      </symbol>
      <symbol id="sm-42e">
         <name>vPortSVCHandler</name>
         <value>0xd09</value>
         <object_component_ref idref="oc-43"/>
      </symbol>
      <symbol id="sm-483">
         <name>pvPortMalloc</name>
         <value>0xec9</value>
         <object_component_ref idref="oc-1c1"/>
      </symbol>
      <symbol id="sm-484">
         <name>vPortFree</name>
         <value>0x1ad5</value>
         <object_component_ref idref="oc-34f"/>
      </symbol>
      <symbol id="sm-4f2">
         <name>UARTStdioConfig</name>
         <value>0x163d</value>
         <object_component_ref idref="oc-1ad"/>
      </symbol>
      <symbol id="sm-4f3">
         <name>UARTwrite</name>
         <value>0x1a8d</value>
         <object_component_ref idref="oc-223"/>
      </symbol>
      <symbol id="sm-4f4">
         <name>UARTprintf</name>
         <value>0x1ee5</value>
         <object_component_ref idref="oc-136"/>
      </symbol>
      <symbol id="sm-4f5">
         <name>UARTvprintf</name>
         <value>0x26d</value>
         <object_component_ref idref="oc-1b4"/>
      </symbol>
      <symbol id="sm-507">
         <name>_c_int00</name>
         <value>0x1865</value>
         <object_component_ref idref="oc-24"/>
      </symbol>
      <symbol id="sm-508">
         <name>__stack</name>
         <value>0x200076f4</value>
         <object_component_ref idref="oc-2a"/>
      </symbol>
      <symbol id="sm-526">
         <name>__TI_decompress_lzss</name>
         <value>0x14a9</value>
         <object_component_ref idref="oc-12"/>
      </symbol>
      <symbol id="sm-53d">
         <name>__TI_decompress_none</name>
         <value>0x2009</value>
         <object_component_ref idref="oc-18"/>
      </symbol>
      <symbol id="sm-554">
         <name>__TI_zero_init</name>
         <value>0x202f</value>
         <object_component_ref idref="oc-1e"/>
      </symbol>
      <symbol id="sm-575">
         <name>C$$EXIT</name>
         <value>0x18b9</value>
         <object_component_ref idref="oc-8c"/>
      </symbol>
      <symbol id="sm-576">
         <name>abort</name>
         <value>0x18bd</value>
         <object_component_ref idref="oc-8c"/>
      </symbol>
      <symbol id="sm-577">
         <name>exit</name>
         <value>0x18c5</value>
         <object_component_ref idref="oc-8c"/>
      </symbol>
      <symbol id="sm-578">
         <name>__TI_dtors_ptr</name>
         <value>0x20007928</value>
         <object_component_ref idref="oc-e3"/>
      </symbol>
      <symbol id="sm-579">
         <name>__TI_cleanup_ptr</name>
         <value>0x20007924</value>
         <object_component_ref idref="oc-e3"/>
      </symbol>
      <symbol id="sm-57a">
         <name>__TI_enable_exit_profile_output</name>
         <value>0x2000792c</value>
         <object_component_ref idref="oc-e3"/>
      </symbol>
      <symbol id="sm-59a">
         <name>memcpy</name>
         <value>0x10b5</value>
         <object_component_ref idref="oc-5c"/>
      </symbol>
      <symbol id="sm-59b">
         <name>__aeabi_memcpy</name>
         <value>0x10b5</value>
         <object_component_ref idref="oc-5c"/>
      </symbol>
      <symbol id="sm-59c">
         <name>__aeabi_memcpy8</name>
         <value>0x10b5</value>
         <object_component_ref idref="oc-5c"/>
      </symbol>
      <symbol id="sm-59d">
         <name>__aeabi_memcpy4</name>
         <value>0x10b5</value>
         <object_component_ref idref="oc-5c"/>
      </symbol>
      <symbol id="sm-5ac">
         <name>__aeabi_memset</name>
         <value>0x12d7</value>
         <object_component_ref idref="oc-68"/>
      </symbol>
      <symbol id="sm-5ad">
         <name>memset</name>
         <value>0x12dd</value>
         <object_component_ref idref="oc-68"/>
      </symbol>
      <symbol id="sm-5ae">
         <name>__aeabi_memset8</name>
         <value>0x12d7</value>
         <object_component_ref idref="oc-68"/>
      </symbol>
      <symbol id="sm-5af">
         <name>__aeabi_memset4</name>
         <value>0x12d7</value>
         <object_component_ref idref="oc-68"/>
      </symbol>
      <symbol id="sm-5b0">
         <name>__aeabi_memclr8</name>
         <value>0x12d5</value>
         <object_component_ref idref="oc-68"/>
      </symbol>
      <symbol id="sm-5b1">
         <name>__aeabi_memclr4</name>
         <value>0x12d5</value>
         <object_component_ref idref="oc-68"/>
      </symbol>
      <symbol id="sm-5b2">
         <name>__aeabi_memclr</name>
         <value>0x12d5</value>
         <object_component_ref idref="oc-68"/>
      </symbol>
      <symbol id="sm-5bc">
         <name>__mpu_init</name>
         <value>0x1dd7</value>
         <object_component_ref idref="oc-74"/>
      </symbol>
      <symbol id="sm-5c6">
         <name>_system_pre_init</name>
         <value>0x2099</value>
         <object_component_ref idref="oc-7a"/>
      </symbol>
      <symbol id="sm-5ce">
         <name>main_func_sp</name>
         <value>0x2000794c</value>
         <object_component_ref idref="oc-92"/>
      </symbol>
      <symbol id="sm-5dd">
         <name>__aeabi_uidivmod</name>
         <value>0x1b19</value>
         <object_component_ref idref="oc-229"/>
      </symbol>
      <symbol id="sm-5de">
         <name>__aeabi_uidiv</name>
         <value>0x1b19</value>
         <object_component_ref idref="oc-229"/>
      </symbol>
      <symbol id="sm-5f7">
         <name>_nop</name>
         <value>0x1f9b</value>
         <object_component_ref idref="oc-161"/>
      </symbol>
      <symbol id="sm-5f8">
         <name>_lock</name>
         <value>0x20007930</value>
         <object_component_ref idref="oc-e6"/>
      </symbol>
      <symbol id="sm-5f9">
         <name>_unlock</name>
         <value>0x20007934</value>
         <object_component_ref idref="oc-e6"/>
      </symbol>
      <symbol id="sm-5fa">
         <name>_register_lock</name>
         <value>0x1f93</value>
         <object_component_ref idref="oc-161"/>
      </symbol>
      <symbol id="sm-5fb">
         <name>_register_unlock</name>
         <value>0x1f8d</value>
         <object_component_ref idref="oc-161"/>
      </symbol>
      <symbol id="sm-60f">
         <name>_args_main</name>
         <value>0x1f01</value>
         <object_component_ref idref="oc-86"/>
      </symbol>
      <symbol id="sm-639">
         <name>__TI_auto_init</name>
         <value>0x1439</value>
         <object_component_ref idref="oc-80"/>
      </symbol>
      <symbol id="sm-653">
         <name>copy_in</name>
         <value>0x19ad</value>
         <object_component_ref idref="oc-cd"/>
      </symbol>
      <symbol id="sm-65d">
         <name>__aeabi_idiv0</name>
         <value>0x163b</value>
         <object_component_ref idref="oc-30e"/>
      </symbol>
      <symbol id="sm-667">
         <name>_system_post_cinit</name>
         <value>0x1e6b</value>
         <object_component_ref idref="oc-d3"/>
      </symbol>
      <symbol id="sm-6a1">
         <name>GPIOPinTypePWM</name>
         <value>0x1fa1</value>
         <object_component_ref idref="oc-380"/>
      </symbol>
      <symbol id="sm-6a2">
         <name>GPIOPinConfigure</name>
         <value>0x1a45</value>
         <object_component_ref idref="oc-37a"/>
      </symbol>
      <symbol id="sm-6a3">
         <name>GPIODirModeSet</name>
         <value>0x1dad</value>
         <object_component_ref idref="oc-3fd"/>
      </symbol>
      <symbol id="sm-6a4">
         <name>GPIOPinWrite</name>
         <value>0x207b</value>
         <object_component_ref idref="oc-3a7"/>
      </symbol>
      <symbol id="sm-6a5">
         <name>GPIOPadConfigSet</name>
         <value>0x457</value>
         <object_component_ref idref="oc-403"/>
      </symbol>
      <symbol id="sm-6d4">
         <name>PWMGenPeriodSet</name>
         <value>0x1fd7</value>
         <object_component_ref idref="oc-38c"/>
      </symbol>
      <symbol id="sm-6d5">
         <name>PWMPulseWidthSet</name>
         <value>0x1e8d</value>
         <object_component_ref idref="oc-392"/>
      </symbol>
      <symbol id="sm-6d6">
         <name>PWMOutputState</name>
         <value>0x1fb3</value>
         <object_component_ref idref="oc-39e"/>
      </symbol>
      <symbol id="sm-6d7">
         <name>PWMGenEnable</name>
         <value>0x2017</value>
         <object_component_ref idref="oc-398"/>
      </symbol>
      <symbol id="sm-6d8">
         <name>PWMGenConfigure</name>
         <value>0x1e29</value>
         <object_component_ref idref="oc-386"/>
      </symbol>
      <symbol id="sm-6f7">
         <name>SSIDataPut</name>
         <value>0x2061</value>
         <object_component_ref idref="oc-3c0"/>
      </symbol>
      <symbol id="sm-6f8">
         <name>SSIDataGet</name>
         <value>0x2023</value>
         <object_component_ref idref="oc-3cc"/>
      </symbol>
      <symbol id="sm-6f9">
         <name>SSIBusy</name>
         <value>0x206b</value>
         <object_component_ref idref="oc-3c6"/>
      </symbol>
      <symbol id="sm-760">
         <name>SysCtlClockSet</name>
         <value>0x9c1</value>
         <object_component_ref idref="oc-12a"/>
      </symbol>
      <symbol id="sm-761">
         <name>SysCtlDelay</name>
         <value>0x2087</value>
         <object_component_ref idref="oc-1a4"/>
      </symbol>
      <symbol id="sm-762">
         <name>SysCtlPeripheralEnable</name>
         <value>0x1ced</value>
         <object_component_ref idref="oc-374"/>
      </symbol>
      <symbol id="sm-763">
         <name>SysCtlClockGet</name>
         <value>0x6a9</value>
         <object_component_ref idref="oc-2c8"/>
      </symbol>
      <symbol id="sm-764">
         <name>SysCtlPWMClockSet</name>
         <value>0x1f79</value>
         <object_component_ref idref="oc-36e"/>
      </symbol>
      <symbol id="sm-765">
         <name>SysCtlPeripheralReady</name>
         <value>0x1c11</value>
         <object_component_ref idref="oc-3b7"/>
      </symbol>
      <symbol id="sm-773">
         <name>UARTClockSourceSet</name>
         <value>0x208d</value>
         <object_component_ref idref="oc-1a7"/>
      </symbol>
      <symbol id="sm-775">
         <name>__TI_static_base__</name>
         <value>0x0</value>
      </symbol>
      <symbol id="sm-778">
         <name>SHT$$INIT_ARRAY$$Limit</name>
         <value>0x0</value>
      </symbol>
      <symbol id="sm-779">
         <name>SHT$$INIT_ARRAY$$Base</name>
         <value>0x0</value>
      </symbol>
   </symbol_table>
   <title>Link successful</title>
</link_info>
