<?xml version="1.0"?>
<link_info>
   <banner>TI ARM Linker Unix v16.9.3.LTS</banner>
   <copyright>Copyright (c) 1996-2017 Texas Instruments Incorporated</copyright>
   <link_time>0x598773e0</link_time>
   <link_errors>0x0</link_errors>
   <output_file>freertos_demo.out</output_file>
   <entry_point>
      <name>_c_int00</name>
      <address>0x1a3d</address>
   </entry_point>
   <input_file_list>
      <input_file id="fl-2">
         <path>./</path>
         <kind>object</kind>
         <file>freertos_demo.obj</file>
         <name>freertos_demo.obj</name>
      </input_file>
      <input_file id="fl-3">
         <path>./</path>
         <kind>object</kind>
         <file>led_task.obj</file>
         <name>led_task.obj</name>
      </input_file>
      <input_file id="fl-4">
         <path>./</path>
         <kind>object</kind>
         <file>startup_ccs.obj</file>
         <name>startup_ccs.obj</name>
      </input_file>
      <input_file id="fl-5">
         <path>./</path>
         <kind>object</kind>
         <file>switch_task.obj</file>
         <name>switch_task.obj</name>
      </input_file>
      <input_file id="fl-6">
         <path>./drivers/</path>
         <kind>object</kind>
         <file>buttons.obj</file>
         <name>buttons.obj</name>
      </input_file>
      <input_file id="fl-7">
         <path>./drivers/</path>
         <kind>object</kind>
         <file>rgb.obj</file>
         <name>rgb.obj</name>
      </input_file>
      <input_file id="fl-8">
         <path>./drivers/peripherals/</path>
         <kind>object</kind>
         <file>i2c.obj</file>
         <name>i2c.obj</name>
      </input_file>
      <input_file id="fl-9">
         <path>./drivers/peripherals/</path>
         <kind>object</kind>
         <file>spi.obj</file>
         <name>spi.obj</name>
      </input_file>
      <input_file id="fl-a">
         <path>./drivers/peripherals/</path>
         <kind>object</kind>
         <file>timer.obj</file>
         <name>timer.obj</name>
      </input_file>
      <input_file id="fl-b">
         <path>./task/</path>
         <kind>object</kind>
         <file>motor_task.obj</file>
         <name>motor_task.obj</name>
      </input_file>
      <input_file id="fl-c">
         <path>./third_party/FreeRTOS/Source/</path>
         <kind>object</kind>
         <file>list.obj</file>
         <name>list.obj</name>
      </input_file>
      <input_file id="fl-d">
         <path>./third_party/FreeRTOS/Source/</path>
         <kind>object</kind>
         <file>queue.obj</file>
         <name>queue.obj</name>
      </input_file>
      <input_file id="fl-e">
         <path>./third_party/FreeRTOS/Source/</path>
         <kind>object</kind>
         <file>tasks.obj</file>
         <name>tasks.obj</name>
      </input_file>
      <input_file id="fl-f">
         <path>./third_party/FreeRTOS/Source/portable/CCS/ARM_CM4F/</path>
         <kind>object</kind>
         <file>port.obj</file>
         <name>port.obj</name>
      </input_file>
      <input_file id="fl-10">
         <path>./third_party/FreeRTOS/Source/portable/CCS/ARM_CM4F/</path>
         <kind>object</kind>
         <file>portasm.obj</file>
         <name>portasm.obj</name>
      </input_file>
      <input_file id="fl-11">
         <path>./third_party/FreeRTOS/Source/portable/MemMang/</path>
         <kind>object</kind>
         <file>heap_2.obj</file>
         <name>heap_2.obj</name>
      </input_file>
      <input_file id="fl-12">
         <path>./utils/</path>
         <kind>object</kind>
         <file>uartstdio.obj</file>
         <name>uartstdio.obj</name>
      </input_file>
      <input_file id="fl-13">
         <path>./utils/</path>
         <kind>object</kind>
         <file>ustdlib.obj</file>
         <name>ustdlib.obj</name>
      </input_file>
      <input_file id="fl-18">
         <kind>object</kind>
         <file>&lt;internal&gt;</file>
         <name>&lt;internal&gt;</name>
      </input_file>
      <input_file id="fl-ce">
         <path>/home/bigbywolf/ti/ccsv7/tools/compiler/ti-cgt-arm_16.9.3.LTS/lib/</path>
         <kind>archive</kind>
         <file>rtsv7M4_T_le_v4SPD16_eabi.lib</file>
         <name>boot.obj</name>
      </input_file>
      <input_file id="fl-cf">
         <path>/home/bigbywolf/ti/ccsv7/tools/compiler/ti-cgt-arm_16.9.3.LTS/lib/</path>
         <kind>archive</kind>
         <file>rtsv7M4_T_le_v4SPD16_eabi.lib</file>
         <name>copy_decompress_lzss.obj</name>
      </input_file>
      <input_file id="fl-d0">
         <path>/home/bigbywolf/ti/ccsv7/tools/compiler/ti-cgt-arm_16.9.3.LTS/lib/</path>
         <kind>archive</kind>
         <file>rtsv7M4_T_le_v4SPD16_eabi.lib</file>
         <name>copy_decompress_none.obj</name>
      </input_file>
      <input_file id="fl-d1">
         <path>/home/bigbywolf/ti/ccsv7/tools/compiler/ti-cgt-arm_16.9.3.LTS/lib/</path>
         <kind>archive</kind>
         <file>rtsv7M4_T_le_v4SPD16_eabi.lib</file>
         <name>copy_zero_init.obj</name>
      </input_file>
      <input_file id="fl-d2">
         <path>/home/bigbywolf/ti/ccsv7/tools/compiler/ti-cgt-arm_16.9.3.LTS/lib/</path>
         <kind>archive</kind>
         <file>rtsv7M4_T_le_v4SPD16_eabi.lib</file>
         <name>exit.obj</name>
      </input_file>
      <input_file id="fl-d3">
         <path>/home/bigbywolf/ti/ccsv7/tools/compiler/ti-cgt-arm_16.9.3.LTS/lib/</path>
         <kind>archive</kind>
         <file>rtsv7M4_T_le_v4SPD16_eabi.lib</file>
         <name>fs_toull_t2.obj</name>
      </input_file>
      <input_file id="fl-d4">
         <path>/home/bigbywolf/ti/ccsv7/tools/compiler/ti-cgt-arm_16.9.3.LTS/lib/</path>
         <kind>archive</kind>
         <file>rtsv7M4_T_le_v4SPD16_eabi.lib</file>
         <name>memcpy_t2.obj</name>
      </input_file>
      <input_file id="fl-d5">
         <path>/home/bigbywolf/ti/ccsv7/tools/compiler/ti-cgt-arm_16.9.3.LTS/lib/</path>
         <kind>archive</kind>
         <file>rtsv7M4_T_le_v4SPD16_eabi.lib</file>
         <name>memset_t2.obj</name>
      </input_file>
      <input_file id="fl-d6">
         <path>/home/bigbywolf/ti/ccsv7/tools/compiler/ti-cgt-arm_16.9.3.LTS/lib/</path>
         <kind>archive</kind>
         <file>rtsv7M4_T_le_v4SPD16_eabi.lib</file>
         <name>mpu_init.obj</name>
      </input_file>
      <input_file id="fl-d7">
         <path>/home/bigbywolf/ti/ccsv7/tools/compiler/ti-cgt-arm_16.9.3.LTS/lib/</path>
         <kind>archive</kind>
         <file>rtsv7M4_T_le_v4SPD16_eabi.lib</file>
         <name>pre_init.obj</name>
      </input_file>
      <input_file id="fl-d8">
         <path>/home/bigbywolf/ti/ccsv7/tools/compiler/ti-cgt-arm_16.9.3.LTS/lib/</path>
         <kind>archive</kind>
         <file>rtsv7M4_T_le_v4SPD16_eabi.lib</file>
         <name>stkdepth_vars.obj</name>
      </input_file>
      <input_file id="fl-d9">
         <path>/home/bigbywolf/ti/ccsv7/tools/compiler/ti-cgt-arm_16.9.3.LTS/lib/</path>
         <kind>archive</kind>
         <file>rtsv7M4_T_le_v4SPD16_eabi.lib</file>
         <name>u_divt2.obj</name>
      </input_file>
      <input_file id="fl-da">
         <path>/home/bigbywolf/ti/ccsv7/tools/compiler/ti-cgt-arm_16.9.3.LTS/lib/</path>
         <kind>archive</kind>
         <file>rtsv7M4_T_le_v4SPD16_eabi.lib</file>
         <name>_lock.obj</name>
      </input_file>
      <input_file id="fl-db">
         <path>/home/bigbywolf/ti/ccsv7/tools/compiler/ti-cgt-arm_16.9.3.LTS/lib/</path>
         <kind>archive</kind>
         <file>rtsv7M4_T_le_v4SPD16_eabi.lib</file>
         <name>args_main.obj</name>
      </input_file>
      <input_file id="fl-dc">
         <path>/home/bigbywolf/ti/ccsv7/tools/compiler/ti-cgt-arm_16.9.3.LTS/lib/</path>
         <kind>archive</kind>
         <file>rtsv7M4_T_le_v4SPD16_eabi.lib</file>
         <name>autoinit.obj</name>
      </input_file>
      <input_file id="fl-dd">
         <path>/home/bigbywolf/ti/ccsv7/tools/compiler/ti-cgt-arm_16.9.3.LTS/lib/</path>
         <kind>archive</kind>
         <file>rtsv7M4_T_le_v4SPD16_eabi.lib</file>
         <name>cpy_tbl.obj</name>
      </input_file>
      <input_file id="fl-de">
         <path>/home/bigbywolf/ti/ccsv7/tools/compiler/ti-cgt-arm_16.9.3.LTS/lib/</path>
         <kind>archive</kind>
         <file>rtsv7M4_T_le_v4SPD16_eabi.lib</file>
         <name>i_div0.obj</name>
      </input_file>
      <input_file id="fl-df">
         <path>/home/bigbywolf/ti/ccsv7/tools/compiler/ti-cgt-arm_16.9.3.LTS/lib/</path>
         <kind>archive</kind>
         <file>rtsv7M4_T_le_v4SPD16_eabi.lib</file>
         <name>startup.obj</name>
      </input_file>
      <input_file id="fl-e0">
         <path>/home/bigbywolf/ti/TivaWare_C_Series-2.1.3.156/driverlib/ccs/Debug/</path>
         <kind>archive</kind>
         <file>driverlib.lib</file>
         <name>gpio.obj</name>
      </input_file>
      <input_file id="fl-e1">
         <path>/home/bigbywolf/ti/TivaWare_C_Series-2.1.3.156/driverlib/ccs/Debug/</path>
         <kind>archive</kind>
         <file>driverlib.lib</file>
         <name>i2c.obj</name>
      </input_file>
      <input_file id="fl-e2">
         <path>/home/bigbywolf/ti/TivaWare_C_Series-2.1.3.156/driverlib/ccs/Debug/</path>
         <kind>archive</kind>
         <file>driverlib.lib</file>
         <name>interrupt.obj</name>
      </input_file>
      <input_file id="fl-e3">
         <path>/home/bigbywolf/ti/TivaWare_C_Series-2.1.3.156/driverlib/ccs/Debug/</path>
         <kind>archive</kind>
         <file>driverlib.lib</file>
         <name>ssi.obj</name>
      </input_file>
      <input_file id="fl-e4">
         <path>/home/bigbywolf/ti/TivaWare_C_Series-2.1.3.156/driverlib/ccs/Debug/</path>
         <kind>archive</kind>
         <file>driverlib.lib</file>
         <name>sysctl.obj</name>
      </input_file>
      <input_file id="fl-e5">
         <path>/home/bigbywolf/ti/TivaWare_C_Series-2.1.3.156/driverlib/ccs/Debug/</path>
         <kind>archive</kind>
         <file>driverlib.lib</file>
         <name>timer.obj</name>
      </input_file>
      <input_file id="fl-e6">
         <path>/home/bigbywolf/ti/TivaWare_C_Series-2.1.3.156/driverlib/ccs/Debug/</path>
         <kind>archive</kind>
         <file>driverlib.lib</file>
         <name>uart.obj</name>
      </input_file>
      <input_file id="fl-e7">
         <path>/home/bigbywolf/ti/TivaWare_C_Series-2.1.3.156/driverlib/ccs/Debug/</path>
         <kind>archive</kind>
         <file>driverlib.lib</file>
         <name>cpu.obj</name>
      </input_file>
   </input_file_list>
   <object_component_list>
      <object_component id="oc-f">
         <name>.intvecs</name>
         <load_address>0x0</load_address>
         <run_address>0x0</run_address>
         <size>0x26c</size>
         <input_file_ref idref="fl-4"/>
      </object_component>
      <object_component id="oc-1ab">
         <name>.text:UARTvprintf</name>
         <load_address>0x26c</load_address>
         <run_address>0x26c</run_address>
         <size>0x1ea</size>
         <input_file_ref idref="fl-12"/>
      </object_component>
      <object_component id="oc-37">
         <name>.text:FaultISR</name>
         <load_address>0x456</load_address>
         <run_address>0x456</run_address>
         <size>0x2</size>
         <input_file_ref idref="fl-4"/>
      </object_component>
      <object_component id="oc-1f9">
         <name>.text:LEDTask</name>
         <load_address>0x458</load_address>
         <run_address>0x458</run_address>
         <size>0x11c</size>
         <input_file_ref idref="fl-3"/>
      </object_component>
      <object_component id="oc-2db">
         <name>.text:xQueueGenericReceive</name>
         <load_address>0x574</load_address>
         <run_address>0x574</run_address>
         <size>0x118</size>
         <input_file_ref idref="fl-d"/>
      </object_component>
      <object_component id="oc-1d2">
         <name>.text:RGBInit</name>
         <load_address>0x68c</load_address>
         <run_address>0x68c</run_address>
         <size>0x104</size>
         <input_file_ref idref="fl-7"/>
      </object_component>
      <object_component id="oc-1ea">
         <name>.text:xTaskGenericCreate</name>
         <load_address>0x790</load_address>
         <run_address>0x790</run_address>
         <size>0x104</size>
         <input_file_ref idref="fl-e"/>
      </object_component>
      <object_component id="oc-a7">
         <name>.text:xTaskIncrementTick</name>
         <load_address>0x894</load_address>
         <run_address>0x894</run_address>
         <size>0x104</size>
         <input_file_ref idref="fl-e"/>
      </object_component>
      <object_component id="oc-206">
         <name>.text:SwitchTask</name>
         <load_address>0x998</load_address>
         <run_address>0x998</run_address>
         <size>0xfc</size>
         <input_file_ref idref="fl-5"/>
      </object_component>
      <object_component id="oc-1c4">
         <name>.text:xQueueGenericSend</name>
         <load_address>0xa94</load_address>
         <run_address>0xa94</run_address>
         <size>0xe8</size>
         <input_file_ref idref="fl-d"/>
      </object_component>
      <object_component id="oc-24f">
         <name>.text:xTaskResumeAll</name>
         <load_address>0xb7c</load_address>
         <run_address>0xb7c</run_address>
         <size>0xe4</size>
         <input_file_ref idref="fl-e"/>
      </object_component>
      <object_component id="oc-43">
         <name>.text</name>
         <load_address>0xc60</load_address>
         <run_address>0xc60</run_address>
         <size>0xd2</size>
         <input_file_ref idref="fl-10"/>
      </object_component>
      <object_component id="oc-3d">
         <name>.text:IntDefaultHandler</name>
         <load_address>0xd32</load_address>
         <run_address>0xd32</run_address>
         <size>0x2</size>
         <input_file_ref idref="fl-4"/>
      </object_component>
      <object_component id="oc-13c">
         <name>.text:LEDTaskInit</name>
         <load_address>0xd34</load_address>
         <run_address>0xd34</run_address>
         <size>0xc8</size>
         <input_file_ref idref="fl-3"/>
      </object_component>
      <object_component id="oc-29f">
         <name>.text:RGBEnable</name>
         <load_address>0xdfc</load_address>
         <run_address>0xdfc</run_address>
         <size>0xc0</size>
         <input_file_ref idref="fl-7"/>
      </object_component>
      <object_component id="oc-1b8">
         <name>.text:pvPortMalloc</name>
         <load_address>0xebc</load_address>
         <run_address>0xebc</run_address>
         <size>0xac</size>
         <input_file_ref idref="fl-11"/>
      </object_component>
      <object_component id="oc-5c">
         <name>.text</name>
         <load_address>0xf68</load_address>
         <run_address>0xf68</run_address>
         <size>0x9c</size>
         <input_file_ref idref="fl-d4"/>
      </object_component>
      <object_component id="oc-38a">
         <name>.text:vTaskPriorityInherit</name>
         <load_address>0x1004</load_address>
         <run_address>0x1004</run_address>
         <size>0x94</size>
         <input_file_ref idref="fl-e"/>
      </object_component>
      <object_component id="oc-1de">
         <name>.text:RGBColorSet</name>
         <load_address>0x1098</load_address>
         <run_address>0x1098</run_address>
         <size>0x90</size>
         <input_file_ref idref="fl-7"/>
      </object_component>
      <object_component id="oc-2f5">
         <name>.text:ButtonsPoll</name>
         <load_address>0x1128</load_address>
         <run_address>0x1128</run_address>
         <size>0x8c</size>
         <input_file_ref idref="fl-6"/>
      </object_component>
      <object_component id="oc-a0">
         <name>.text:vTaskSwitchContext</name>
         <load_address>0x11b4</load_address>
         <run_address>0x11b4</run_address>
         <size>0x8c</size>
         <input_file_ref idref="fl-e"/>
      </object_component>
      <object_component id="oc-2e1">
         <name>.text:vTaskDelayUntil</name>
         <load_address>0x1240</load_address>
         <run_address>0x1240</run_address>
         <size>0x84</size>
         <input_file_ref idref="fl-e"/>
      </object_component>
      <object_component id="oc-2af">
         <name>.text:xQueueGenericReset</name>
         <load_address>0x12c4</load_address>
         <run_address>0x12c4</run_address>
         <size>0x84</size>
         <input_file_ref idref="fl-d"/>
      </object_component>
      <object_component id="oc-354">
         <name>.text:xTaskPriorityDisinherit</name>
         <load_address>0x1348</load_address>
         <run_address>0x1348</run_address>
         <size>0x7c</size>
         <input_file_ref idref="fl-e"/>
      </object_component>
      <object_component id="oc-68">
         <name>.text</name>
         <load_address>0x13c4</load_address>
         <run_address>0x13c4</run_address>
         <size>0x7a</size>
         <input_file_ref idref="fl-d5"/>
      </object_component>
      <object_component id="oc-31">
         <name>.text:NmiSR</name>
         <load_address>0x143e</load_address>
         <run_address>0x143e</run_address>
         <size>0x2</size>
         <input_file_ref idref="fl-4"/>
      </object_component>
      <object_component id="oc-db">
         <name>.text:main</name>
         <load_address>0x1440</load_address>
         <run_address>0x1440</run_address>
         <size>0x74</size>
         <input_file_ref idref="fl-2"/>
      </object_component>
      <object_component id="oc-291">
         <name>.text:xTaskRemoveFromEventList</name>
         <load_address>0x14b4</load_address>
         <run_address>0x14b4</run_address>
         <size>0x74</size>
         <input_file_ref idref="fl-e"/>
      </object_component>
      <object_component id="oc-28b">
         <name>.text:prvCopyDataToQueue</name>
         <load_address>0x1528</load_address>
         <run_address>0x1528</run_address>
         <size>0x72</size>
         <input_file_ref idref="fl-d"/>
      </object_component>
      <object_component id="oc-31b">
         <name>.text</name>
         <load_address>0x159a</load_address>
         <run_address>0x159a</run_address>
         <size>0x2</size>
         <input_file_ref idref="fl-de"/>
      </object_component>
      <object_component id="oc-80">
         <name>.text</name>
         <load_address>0x159c</load_address>
         <run_address>0x159c</run_address>
         <size>0x70</size>
         <input_file_ref idref="fl-dc"/>
      </object_component>
      <object_component id="oc-200">
         <name>.text:ButtonsInit</name>
         <load_address>0x160c</load_address>
         <run_address>0x160c</run_address>
         <size>0x68</size>
         <input_file_ref idref="fl-6"/>
      </object_component>
      <object_component id="oc-2e7">
         <name>.text:RGBDisable</name>
         <load_address>0x1674</load_address>
         <run_address>0x1674</run_address>
         <size>0x68</size>
         <input_file_ref idref="fl-7"/>
      </object_component>
      <object_component id="oc-12">
         <name>.text:decompress:lzss</name>
         <load_address>0x16dc</load_address>
         <run_address>0x16dc</run_address>
         <size>0x68</size>
         <input_file_ref idref="fl-cf"/>
      </object_component>
      <object_component id="oc-12a">
         <name>.text:ConfigureUART</name>
         <load_address>0x1744</load_address>
         <run_address>0x1744</run_address>
         <size>0x64</size>
         <input_file_ref idref="fl-2"/>
      </object_component>
      <object_component id="oc-285">
         <name>.text:vTaskPlaceOnEventList</name>
         <load_address>0x17a8</load_address>
         <run_address>0x17a8</run_address>
         <size>0x64</size>
         <input_file_ref idref="fl-e"/>
      </object_component>
      <object_component id="oc-279">
         <name>.text:prvUnlockQueue</name>
         <load_address>0x180c</load_address>
         <run_address>0x180c</run_address>
         <size>0x62</size>
         <input_file_ref idref="fl-d"/>
      </object_component>
      <object_component id="oc-74">
         <name>.text</name>
         <load_address>0x186e</load_address>
         <run_address>0x186e</run_address>
         <size>0x2</size>
         <input_file_ref idref="fl-d6"/>
      </object_component>
      <object_component id="oc-1a4">
         <name>.text:UARTStdioConfig</name>
         <load_address>0x1870</load_address>
         <run_address>0x1870</run_address>
         <size>0x60</size>
         <input_file_ref idref="fl-12"/>
      </object_component>
      <object_component id="oc-2c8">
         <name>.text:prvInitialiseTaskLists</name>
         <load_address>0x18d0</load_address>
         <run_address>0x18d0</run_address>
         <size>0x60</size>
         <input_file_ref idref="fl-e"/>
      </object_component>
      <object_component id="oc-148">
         <name>.text:vTaskStartScheduler</name>
         <load_address>0x1930</load_address>
         <run_address>0x1930</run_address>
         <size>0x60</size>
         <input_file_ref idref="fl-e"/>
      </object_component>
      <object_component id="oc-304">
         <name>.text:prvCheckTasksWaitingTermination</name>
         <load_address>0x1990</load_address>
         <run_address>0x1990</run_address>
         <size>0x58</size>
         <input_file_ref idref="fl-e"/>
      </object_component>
      <object_component id="oc-2bc">
         <name>.text:prvInitialiseTCBVariables</name>
         <load_address>0x19e8</load_address>
         <run_address>0x19e8</run_address>
         <size>0x54</size>
         <input_file_ref idref="fl-e"/>
      </object_component>
      <object_component id="oc-24">
         <name>.text</name>
         <load_address>0x1a3c</load_address>
         <run_address>0x1a3c</run_address>
         <size>0x54</size>
         <input_file_ref idref="fl-ce"/>
      </object_component>
      <object_component id="oc-8c">
         <name>.text</name>
         <load_address>0x1a90</load_address>
         <run_address>0x1a90</run_address>
         <size>0x54</size>
         <input_file_ref idref="fl-d2"/>
      </object_component>
      <object_component id="oc-273">
         <name>.text:xTaskCheckForTimeOut</name>
         <load_address>0x1ae4</load_address>
         <run_address>0x1ae4</run_address>
         <size>0x54</size>
         <input_file_ref idref="fl-e"/>
      </object_component>
      <object_component id="oc-34a">
         <name>.text:prvAddCurrentTaskToDelayedList</name>
         <load_address>0x1b38</load_address>
         <run_address>0x1b38</run_address>
         <size>0x4c</size>
         <input_file_ref idref="fl-e"/>
      </object_component>
      <object_component id="oc-cd">
         <name>.text</name>
         <load_address>0x1b84</load_address>
         <run_address>0x1b84</run_address>
         <size>0x4c</size>
         <input_file_ref idref="fl-dd"/>
      </object_component>
      <object_component id="oc-136">
         <name>.text:xQueueCreateMutex</name>
         <load_address>0x1bd0</load_address>
         <run_address>0x1bd0</run_address>
         <size>0x4c</size>
         <input_file_ref idref="fl-d"/>
      </object_component>
      <object_component id="oc-142">
         <name>.text:SwitchTaskInit</name>
         <load_address>0x1c1c</load_address>
         <run_address>0x1c1c</run_address>
         <size>0x48</size>
         <input_file_ref idref="fl-5"/>
      </object_component>
      <object_component id="oc-235">
         <name>.text:UARTwrite</name>
         <load_address>0x1c64</load_address>
         <run_address>0x1c64</run_address>
         <size>0x48</size>
         <input_file_ref idref="fl-12"/>
      </object_component>
      <object_component id="oc-364">
         <name>.text:vPortFree</name>
         <load_address>0x1cac</load_address>
         <run_address>0x1cac</run_address>
         <size>0x44</size>
         <input_file_ref idref="fl-11"/>
      </object_component>
      <object_component id="oc-23b">
         <name>.text</name>
         <load_address>0x1cf0</load_address>
         <run_address>0x1cf0</run_address>
         <size>0x40</size>
         <input_file_ref idref="fl-d9"/>
      </object_component>
      <object_component id="oc-20d">
         <name>.text:xPortStartScheduler</name>
         <load_address>0x1d30</load_address>
         <run_address>0x1d30</run_address>
         <size>0x40</size>
         <input_file_ref idref="fl-f"/>
      </object_component>
      <object_component id="oc-1e4">
         <name>.text:xQueueGenericCreate</name>
         <load_address>0x1d70</load_address>
         <run_address>0x1d70</run_address>
         <size>0x3c</size>
         <input_file_ref idref="fl-d"/>
      </object_component>
      <object_component id="oc-2b6">
         <name>.text:prvAllocateTCBAndStack</name>
         <load_address>0x1dac</load_address>
         <run_address>0x1dac</run_address>
         <size>0x3a</size>
         <input_file_ref idref="fl-e"/>
      </object_component>
      <object_component id="oc-344">
         <name>.text:vListInsert</name>
         <load_address>0x1de6</load_address>
         <run_address>0x1de6</run_address>
         <size>0x38</size>
         <input_file_ref idref="fl-c"/>
      </object_component>
      <object_component id="oc-d3">
         <name>.text</name>
         <load_address>0x1e1e</load_address>
         <run_address>0x1e1e</run_address>
         <size>0x2</size>
         <input_file_ref idref="fl-df"/>
      </object_component>
      <object_component id="oc-249">
         <name>.text:prvHeapInit</name>
         <load_address>0x1e20</load_address>
         <run_address>0x1e20</run_address>
         <size>0x30</size>
         <input_file_ref idref="fl-11"/>
      </object_component>
      <object_component id="oc-48">
         <name>.text:xPortSysTickHandler</name>
         <load_address>0x1e50</load_address>
         <run_address>0x1e50</run_address>
         <size>0x2c</size>
         <input_file_ref idref="fl-f"/>
      </object_component>
      <object_component id="oc-103">
         <name>.text:prvResetNextTaskUnblockTime</name>
         <load_address>0x1e7c</load_address>
         <run_address>0x1e7c</run_address>
         <size>0x28</size>
         <input_file_ref idref="fl-e"/>
      </object_component>
      <object_component id="oc-2c2">
         <name>.text:pxPortInitialiseStack</name>
         <load_address>0x1ea4</load_address>
         <run_address>0x1ea4</run_address>
         <size>0x28</size>
         <input_file_ref idref="fl-f"/>
      </object_component>
      <object_component id="oc-390">
         <name>.text:prvCopyDataFromQueue</name>
         <load_address>0x1ecc</load_address>
         <run_address>0x1ecc</run_address>
         <size>0x26</size>
         <input_file_ref idref="fl-d"/>
      </object_component>
      <object_component id="oc-109">
         <name>.text:uxListRemove</name>
         <load_address>0x1ef2</load_address>
         <run_address>0x1ef2</run_address>
         <size>0x20</size>
         <input_file_ref idref="fl-c"/>
      </object_component>
      <object_component id="oc-27f">
         <name>.text:prvIsQueueFull</name>
         <load_address>0x1f12</load_address>
         <run_address>0x1f12</run_address>
         <size>0x1c</size>
         <input_file_ref idref="fl-d"/>
      </object_component>
      <object_component id="oc-f9">
         <name>.text:vApplicationStackOverflowHook</name>
         <load_address>0x1f2e</load_address>
         <run_address>0x1f2e</run_address>
         <size>0x2</size>
         <input_file_ref idref="fl-2"/>
      </object_component>
      <object_component id="oc-26d">
         <name>.text:vPortEnterCritical</name>
         <load_address>0x1f30</load_address>
         <run_address>0x1f30</run_address>
         <size>0x1c</size>
         <input_file_ref idref="fl-f"/>
      </object_component>
      <object_component id="oc-130">
         <name>.text:UARTprintf</name>
         <load_address>0x1f4c</load_address>
         <run_address>0x1f4c</run_address>
         <size>0x1a</size>
         <input_file_ref idref="fl-12"/>
      </object_component>
      <object_component id="oc-384">
         <name>.text:prvIsQueueEmpty</name>
         <load_address>0x1f66</load_address>
         <run_address>0x1f66</run_address>
         <size>0x1a</size>
         <input_file_ref idref="fl-d"/>
      </object_component>
      <object_component id="oc-396">
         <name>.text:pvTaskIncrementMutexHeldCount</name>
         <load_address>0x1f80</load_address>
         <run_address>0x1f80</run_address>
         <size>0x18</size>
         <input_file_ref idref="fl-e"/>
      </object_component>
      <object_component id="oc-86">
         <name>.text</name>
         <load_address>0x1f98</load_address>
         <run_address>0x1f98</run_address>
         <size>0x18</size>
         <input_file_ref idref="fl-db"/>
      </object_component>
      <object_component id="oc-10f">
         <name>.text:vListInsertEnd</name>
         <load_address>0x1fb0</load_address>
         <run_address>0x1fb0</run_address>
         <size>0x18</size>
         <input_file_ref idref="fl-c"/>
      </object_component>
      <object_component id="oc-267">
         <name>.text:vPortExitCritical</name>
         <load_address>0x1fc8</load_address>
         <run_address>0x1fc8</run_address>
         <size>0x18</size>
         <input_file_ref idref="fl-f"/>
      </object_component>
      <object_component id="oc-261">
         <name>.text:vTaskSetTimeOutState</name>
         <load_address>0x1fe0</load_address>
         <run_address>0x1fe0</run_address>
         <size>0x18</size>
         <input_file_ref idref="fl-e"/>
      </object_component>
      <object_component id="oc-1be">
         <name>.text:vListInitialise</name>
         <load_address>0x1ff8</load_address>
         <run_address>0x1ff8</run_address>
         <size>0x16</size>
         <input_file_ref idref="fl-c"/>
      </object_component>
      <object_component id="oc-1d8">
         <name>.text:RGBIntensitySet</name>
         <load_address>0x2010</load_address>
         <run_address>0x2010</run_address>
         <size>0x14</size>
         <input_file_ref idref="fl-7"/>
      </object_component>
      <object_component id="oc-15b">
         <name>.text</name>
         <load_address>0x2024</load_address>
         <run_address>0x2024</run_address>
         <size>0x14</size>
         <input_file_ref idref="fl-da"/>
      </object_component>
      <object_component id="oc-2fa">
         <name>.text:vPortSetupTimerInterrupt</name>
         <load_address>0x2038</load_address>
         <run_address>0x2038</run_address>
         <size>0x14</size>
         <input_file_ref idref="fl-f"/>
      </object_component>
      <object_component id="oc-3a8">
         <name>.text:prvDeleteTCB</name>
         <load_address>0x204c</load_address>
         <run_address>0x204c</run_address>
         <size>0x12</size>
         <input_file_ref idref="fl-e"/>
      </object_component>
      <object_component id="oc-372">
         <name>.text:prvTaskExitError</name>
         <load_address>0x205e</load_address>
         <run_address>0x205e</run_address>
         <size>0x10</size>
         <input_file_ref idref="fl-f"/>
      </object_component>
      <object_component id="oc-243">
         <name>.text:vTaskSuspendAll</name>
         <load_address>0x2070</load_address>
         <run_address>0x2070</run_address>
         <size>0x10</size>
         <input_file_ref idref="fl-e"/>
      </object_component>
      <object_component id="oc-18">
         <name>.text:decompress:none</name>
         <load_address>0x2080</load_address>
         <run_address>0x2080</run_address>
         <size>0xe</size>
         <input_file_ref idref="fl-d0"/>
      </object_component>
      <object_component id="oc-1e">
         <name>.text:decompress:ZI</name>
         <load_address>0x208e</load_address>
         <run_address>0x208e</run_address>
         <size>0xc</size>
         <input_file_ref idref="fl-d1"/>
      </object_component>
      <object_component id="oc-33c">
         <name>.text:vTaskMissedYield</name>
         <load_address>0x209c</load_address>
         <run_address>0x209c</run_address>
         <size>0xc</size>
         <input_file_ref idref="fl-e"/>
      </object_component>
      <object_component id="oc-2d5">
         <name>.text:xTaskGetTickCount</name>
         <load_address>0x20a8</load_address>
         <run_address>0x20a8</run_address>
         <size>0xc</size>
         <input_file_ref idref="fl-e"/>
      </object_component>
      <object_component id="oc-213">
         <name>.text:prvIdleTask</name>
         <load_address>0x20b4</load_address>
         <run_address>0x20b4</run_address>
         <size>0x8</size>
         <input_file_ref idref="fl-e"/>
      </object_component>
      <object_component id="oc-2b">
         <name>.text:ResetISR</name>
         <load_address>0x20bc</load_address>
         <run_address>0x20bc</run_address>
         <size>0x6</size>
         <input_file_ref idref="fl-4"/>
      </object_component>
      <object_component id="oc-19e">
         <name>.text:UARTClockSourceSet</name>
         <load_address>0x20c2</load_address>
         <run_address>0x20c2</run_address>
         <size>0x6</size>
         <input_file_ref idref="fl-e6"/>
      </object_component>
      <object_component id="oc-36b">
         <name>.text:vListInitialiseItem</name>
         <load_address>0x20c8</load_address>
         <run_address>0x20c8</run_address>
         <size>0x6</size>
         <input_file_ref idref="fl-c"/>
      </object_component>
      <object_component id="oc-7a">
         <name>.text</name>
         <load_address>0x20ce</load_address>
         <run_address>0x20ce</run_address>
         <size>0x4</size>
         <input_file_ref idref="fl-d7"/>
      </object_component>
      <object_component id="oc-22b">
         <name>.const:g_ui32UARTBase</name>
         <load_address>0x20d4</load_address>
         <run_address>0x20d4</run_address>
         <size>0xc</size>
         <input_file_ref idref="fl-12"/>
      </object_component>
      <object_component id="oc-228">
         <name>.const:g_ui32UARTPeriph</name>
         <load_address>0x20e0</load_address>
         <run_address>0x20e0</run_address>
         <size>0xc</size>
         <input_file_ref idref="fl-12"/>
      </object_component>
      <object_component id="oc-9d">
         <name>.const</name>
         <load_address>0x20ec</load_address>
         <run_address>0x20ec</run_address>
         <size>0x4</size>
         <input_file_ref idref="fl-f"/>
      </object_component>
      <object_component id="oc-3eb">
         <name>.cinit..data.load</name>
         <load_address>0x20f0</load_address>
         <run_address>0x20f0</run_address>
         <size>0x21</size>
      </object_component>
      <object_component id="oc-3e9">
         <name>__TI_handler_table</name>
         <load_address>0x2114</load_address>
         <run_address>0x2114</run_address>
         <size>0xc</size>
      </object_component>
      <object_component id="oc-3ec">
         <name>.cinit..bss.load</name>
         <load_address>0x2120</load_address>
         <run_address>0x2120</run_address>
         <size>0x8</size>
      </object_component>
      <object_component id="oc-3ea">
         <name>__TI_cinit_table</name>
         <load_address>0x2128</load_address>
         <run_address>0x2128</run_address>
         <size>0x10</size>
      </object_component>
      <object_component id="oc-1f3">
         <name>.data:g_pui32Colors</name>
         <load_address>0x20007940</load_address>
         <run_address>0x20007940</run_address>
         <size>0xc</size>
         <input_file_ref idref="fl-3"/>
      </object_component>
      <object_component id="oc-2ee">
         <name>.data</name>
         <load_address>0x20007961</load_address>
         <run_address>0x20007961</run_address>
         <size>0x3</size>
         <input_file_ref idref="fl-6"/>
      </object_component>
      <object_component id="oc-2a7">
         <name>.data</name>
         <load_address>0x20007968</load_address>
         <run_address>0x20007968</run_address>
         <size>0x4</size>
         <input_file_ref idref="fl-7"/>
      </object_component>
      <object_component id="oc-9a">
         <name>.data</name>
         <load_address>0x20007904</load_address>
         <run_address>0x20007904</run_address>
         <size>0x30</size>
         <input_file_ref idref="fl-e"/>
      </object_component>
      <object_component id="oc-300">
         <name>.data</name>
         <load_address>0x20007964</load_address>
         <run_address>0x20007964</run_address>
         <size>0x4</size>
         <input_file_ref idref="fl-f"/>
      </object_component>
      <object_component id="oc-255">
         <name>.data</name>
         <load_address>0x20007954</load_address>
         <run_address>0x20007954</run_address>
         <size>0x8</size>
         <input_file_ref idref="fl-11"/>
      </object_component>
      <object_component id="oc-22e">
         <name>.data</name>
         <load_address>0x2000795c</load_address>
         <run_address>0x2000795c</run_address>
         <size>0x5</size>
         <input_file_ref idref="fl-12"/>
      </object_component>
      <object_component id="oc-e3">
         <name>.data:$O1$$</name>
         <load_address>0x20007934</load_address>
         <run_address>0x20007934</run_address>
         <size>0xc</size>
         <input_file_ref idref="fl-d2"/>
      </object_component>
      <object_component id="oc-92">
         <name>.data</name>
         <load_address>0x2000796c</load_address>
         <run_address>0x2000796c</run_address>
         <size>0x4</size>
         <input_file_ref idref="fl-d8"/>
      </object_component>
      <object_component id="oc-e6">
         <name>.data:$O1$$</name>
         <load_address>0x2000794c</load_address>
         <run_address>0x2000794c</run_address>
         <size>0x8</size>
         <input_file_ref idref="fl-da"/>
      </object_component>
      <object_component id="oc-1f0">
         <name>.bss</name>
         <uninitialized>true</uninitialized>
         <run_address>0x20007700</run_address>
         <size>0x1</size>
         <input_file_ref idref="fl-3"/>
      </object_component>
      <object_component id="oc-2aa">
         <name>.bss:g_ui32Colors</name>
         <uninitialized>true</uninitialized>
         <run_address>0x200076d4</run_address>
         <size>0xc</size>
         <input_file_ref idref="fl-7"/>
      </object_component>
      <object_component id="oc-ff">
         <name>.bss:pxReadyTasksLists</name>
         <uninitialized>true</uninitialized>
         <run_address>0x20007530</run_address>
         <size>0x140</size>
         <input_file_ref idref="fl-e"/>
      </object_component>
      <object_component id="oc-379">
         <name>.bss:xDelayedTaskList1</name>
         <uninitialized>true</uninitialized>
         <run_address>0x20007670</run_address>
         <size>0x14</size>
         <input_file_ref idref="fl-e"/>
      </object_component>
      <object_component id="oc-37c">
         <name>.bss:xDelayedTaskList2</name>
         <uninitialized>true</uninitialized>
         <run_address>0x20007684</run_address>
         <size>0x14</size>
         <input_file_ref idref="fl-e"/>
      </object_component>
      <object_component id="oc-115">
         <name>.bss</name>
         <uninitialized>true</uninitialized>
         <run_address>0x200076e0</run_address>
         <size>0x8</size>
         <input_file_ref idref="fl-e"/>
      </object_component>
      <object_component id="oc-327">
         <name>.bss:xPendingReadyList</name>
         <uninitialized>true</uninitialized>
         <run_address>0x20007698</run_address>
         <size>0x14</size>
         <input_file_ref idref="fl-e"/>
      </object_component>
      <object_component id="oc-37f">
         <name>.bss:xTasksWaitingTermination</name>
         <uninitialized>true</uninitialized>
         <run_address>0x200076c0</run_address>
         <size>0x14</size>
         <input_file_ref idref="fl-e"/>
      </object_component>
      <object_component id="oc-350">
         <name>.bss:xSuspendedTaskList</name>
         <uninitialized>true</uninitialized>
         <run_address>0x200076ac</run_address>
         <size>0x14</size>
         <input_file_ref idref="fl-e"/>
      </object_component>
      <object_component id="oc-323">
         <name>.bss:ucHeap</name>
         <uninitialized>true</uninitialized>
         <run_address>0x20000000</run_address>
         <size>0x7530</size>
         <input_file_ref idref="fl-11"/>
      </object_component>
      <object_component id="oc-258">
         <name>.bss:xStart</name>
         <uninitialized>true</uninitialized>
         <run_address>0x200076f0</run_address>
         <size>0x8</size>
         <input_file_ref idref="fl-11"/>
      </object_component>
      <object_component id="oc-25b">
         <name>.bss:xEnd</name>
         <uninitialized>true</uninitialized>
         <run_address>0x200076e8</run_address>
         <size>0x8</size>
         <input_file_ref idref="fl-11"/>
      </object_component>
      <object_component id="oc-14e">
         <name>.common:g_pUARTSemaphore</name>
         <uninitialized>true</uninitialized>
         <run_address>0x200076fc</run_address>
         <size>0x4</size>
      </object_component>
      <object_component id="oc-1f6">
         <name>.common:g_pLEDQueue</name>
         <uninitialized>true</uninitialized>
         <run_address>0x200076f8</run_address>
         <size>0x4</size>
      </object_component>
      <object_component id="oc-2a">
         <name>.stack</name>
         <uninitialized>true</uninitialized>
         <run_address>0x20007704</run_address>
         <size>0x0</size>
         <input_file_ref idref="fl-ce"/>
      </object_component>
      <object_component id="oc-3ed">
         <name>.stack</name>
         <uninitialized>true</uninitialized>
         <run_address>0x20007704</run_address>
         <size>0x0</size>
      </object_component>
      <object_component id="oc-14f">
         <name>.debug_info</name>
         <load_address>0x0</load_address>
         <run_address>0x0</run_address>
         <size>0x44f</size>
         <input_file_ref idref="fl-2"/>
      </object_component>
      <object_component id="oc-fa">
         <name>.debug_info</name>
         <load_address>0x44f</load_address>
         <run_address>0x44f</run_address>
         <size>0x174</size>
         <input_file_ref idref="fl-2"/>
      </object_component>
      <object_component id="oc-12b">
         <name>.debug_info</name>
         <load_address>0x5c3</load_address>
         <run_address>0x5c3</run_address>
         <size>0x17a</size>
         <input_file_ref idref="fl-2"/>
      </object_component>
      <object_component id="oc-dc">
         <name>.debug_info</name>
         <load_address>0x73d</load_address>
         <run_address>0x73d</run_address>
         <size>0x199</size>
         <input_file_ref idref="fl-2"/>
      </object_component>
      <object_component id="oc-178">
         <name>.debug_info</name>
         <load_address>0x8d6</load_address>
         <run_address>0x8d6</run_address>
         <size>0x2ef</size>
         <input_file_ref idref="fl-2"/>
      </object_component>
      <object_component id="oc-57">
         <name>.debug_info</name>
         <load_address>0xbc5</load_address>
         <run_address>0xbc5</run_address>
         <size>0x84</size>
         <input_file_ref idref="fl-2"/>
      </object_component>
      <object_component id="oc-1cb">
         <name>.debug_info</name>
         <load_address>0xc49</load_address>
         <run_address>0xc49</run_address>
         <size>0x46</size>
         <input_file_ref idref="fl-2"/>
      </object_component>
      <object_component id="oc-21c">
         <name>.debug_info</name>
         <load_address>0xc8f</load_address>
         <run_address>0xc8f</run_address>
         <size>0x2c</size>
         <input_file_ref idref="fl-2"/>
      </object_component>
      <object_component id="oc-169">
         <name>.debug_info</name>
         <load_address>0xcbb</load_address>
         <run_address>0xcbb</run_address>
         <size>0x2c</size>
         <input_file_ref idref="fl-2"/>
      </object_component>
      <object_component id="oc-b0">
         <name>.debug_info</name>
         <load_address>0xce7</load_address>
         <run_address>0xce7</run_address>
         <size>0x18b</size>
         <input_file_ref idref="fl-2"/>
      </object_component>
      <object_component id="oc-f1">
         <name>.debug_info</name>
         <load_address>0xe72</load_address>
         <run_address>0xe72</run_address>
         <size>0x53</size>
         <input_file_ref idref="fl-2"/>
      </object_component>
      <object_component id="oc-1b3">
         <name>.debug_info</name>
         <load_address>0xec5</load_address>
         <run_address>0xec5</run_address>
         <size>0x4e</size>
         <input_file_ref idref="fl-2"/>
      </object_component>
      <object_component id="oc-182">
         <name>.debug_info</name>
         <load_address>0xf13</load_address>
         <run_address>0xf13</run_address>
         <size>0x14c</size>
         <input_file_ref idref="fl-2"/>
      </object_component>
      <object_component id="oc-1f7">
         <name>.debug_info</name>
         <load_address>0x105f</load_address>
         <run_address>0x105f</run_address>
         <size>0x5f4</size>
         <input_file_ref idref="fl-3"/>
      </object_component>
      <object_component id="oc-1f4">
         <name>.debug_info</name>
         <load_address>0x1653</load_address>
         <run_address>0x1653</run_address>
         <size>0xe6</size>
         <input_file_ref idref="fl-3"/>
      </object_component>
      <object_component id="oc-1f1">
         <name>.debug_info</name>
         <load_address>0x1739</load_address>
         <run_address>0x1739</run_address>
         <size>0xea</size>
         <input_file_ref idref="fl-3"/>
      </object_component>
      <object_component id="oc-13d">
         <name>.debug_info</name>
         <load_address>0x1823</load_address>
         <run_address>0x1823</run_address>
         <size>0x1a4</size>
         <input_file_ref idref="fl-3"/>
      </object_component>
      <object_component id="oc-1fa">
         <name>.debug_info</name>
         <load_address>0x19c7</load_address>
         <run_address>0x19c7</run_address>
         <size>0x2ac</size>
         <input_file_ref idref="fl-3"/>
      </object_component>
      <object_component id="oc-50">
         <name>.debug_info</name>
         <load_address>0x1c73</load_address>
         <run_address>0x1c73</run_address>
         <size>0x317</size>
         <input_file_ref idref="fl-4"/>
      </object_component>
      <object_component id="oc-10">
         <name>.debug_info</name>
         <load_address>0x1f8a</load_address>
         <run_address>0x1f8a</run_address>
         <size>0xe8</size>
         <input_file_ref idref="fl-4"/>
      </object_component>
      <object_component id="oc-2c">
         <name>.debug_info</name>
         <load_address>0x2072</load_address>
         <run_address>0x2072</run_address>
         <size>0x118</size>
         <input_file_ref idref="fl-4"/>
      </object_component>
      <object_component id="oc-32">
         <name>.debug_info</name>
         <load_address>0x218a</load_address>
         <run_address>0x218a</run_address>
         <size>0x109</size>
         <input_file_ref idref="fl-4"/>
      </object_component>
      <object_component id="oc-3e">
         <name>.debug_info</name>
         <load_address>0x2293</load_address>
         <run_address>0x2293</run_address>
         <size>0x121</size>
         <input_file_ref idref="fl-4"/>
      </object_component>
      <object_component id="oc-38">
         <name>.debug_info</name>
         <load_address>0x23b4</load_address>
         <run_address>0x23b4</run_address>
         <size>0x10f</size>
         <input_file_ref idref="fl-4"/>
      </object_component>
      <object_component id="oc-2f9">
         <name>.debug_info</name>
         <load_address>0x24c3</load_address>
         <run_address>0x24c3</run_address>
         <size>0x529</size>
         <input_file_ref idref="fl-5"/>
      </object_component>
      <object_component id="oc-143">
         <name>.debug_info</name>
         <load_address>0x29ec</load_address>
         <run_address>0x29ec</run_address>
         <size>0x153</size>
         <input_file_ref idref="fl-5"/>
      </object_component>
      <object_component id="oc-207">
         <name>.debug_info</name>
         <load_address>0x2b3f</load_address>
         <run_address>0x2b3f</run_address>
         <size>0x296</size>
         <input_file_ref idref="fl-5"/>
      </object_component>
      <object_component id="oc-3a2">
         <name>.debug_info</name>
         <load_address>0x2dd5</load_address>
         <run_address>0x2dd5</run_address>
         <size>0x2b2</size>
         <input_file_ref idref="fl-6"/>
      </object_component>
      <object_component id="oc-2ef">
         <name>.debug_info</name>
         <load_address>0x3087</load_address>
         <run_address>0x3087</run_address>
         <size>0x13f</size>
         <input_file_ref idref="fl-6"/>
      </object_component>
      <object_component id="oc-2f1">
         <name>.debug_info</name>
         <load_address>0x31c6</load_address>
         <run_address>0x31c6</run_address>
         <size>0x319</size>
         <input_file_ref idref="fl-6"/>
      </object_component>
      <object_component id="oc-201">
         <name>.debug_info</name>
         <load_address>0x34df</load_address>
         <run_address>0x34df</run_address>
         <size>0x224</size>
         <input_file_ref idref="fl-6"/>
      </object_component>
      <object_component id="oc-2a6">
         <name>.debug_info</name>
         <load_address>0x3703</load_address>
         <run_address>0x3703</run_address>
         <size>0x2f5</size>
         <input_file_ref idref="fl-7"/>
      </object_component>
      <object_component id="oc-2ab">
         <name>.debug_info</name>
         <load_address>0x39f8</load_address>
         <run_address>0x39f8</run_address>
         <size>0x131</size>
         <input_file_ref idref="fl-7"/>
      </object_component>
      <object_component id="oc-2a8">
         <name>.debug_info</name>
         <load_address>0x3b29</load_address>
         <run_address>0x3b29</run_address>
         <size>0x131</size>
         <input_file_ref idref="fl-7"/>
      </object_component>
      <object_component id="oc-1df">
         <name>.debug_info</name>
         <load_address>0x3c5a</load_address>
         <run_address>0x3c5a</run_address>
         <size>0x253</size>
         <input_file_ref idref="fl-7"/>
      </object_component>
      <object_component id="oc-1d9">
         <name>.debug_info</name>
         <load_address>0x3ead</load_address>
         <run_address>0x3ead</run_address>
         <size>0x250</size>
         <input_file_ref idref="fl-7"/>
      </object_component>
      <object_component id="oc-2a0">
         <name>.debug_info</name>
         <load_address>0x40fd</load_address>
         <run_address>0x40fd</run_address>
         <size>0x24c</size>
         <input_file_ref idref="fl-7"/>
      </object_component>
      <object_component id="oc-1d3">
         <name>.debug_info</name>
         <load_address>0x4349</load_address>
         <run_address>0x4349</run_address>
         <size>0x28b</size>
         <input_file_ref idref="fl-7"/>
      </object_component>
      <object_component id="oc-2e8">
         <name>.debug_info</name>
         <load_address>0x45d4</load_address>
         <run_address>0x45d4</run_address>
         <size>0x224</size>
         <input_file_ref idref="fl-7"/>
      </object_component>
      <object_component id="oc-30d">
         <name>.debug_info</name>
         <load_address>0x47f8</load_address>
         <run_address>0x47f8</run_address>
         <size>0x8b</size>
         <input_file_ref idref="fl-8"/>
      </object_component>
      <object_component id="oc-18e">
         <name>.debug_info</name>
         <load_address>0x4883</load_address>
         <run_address>0x4883</run_address>
         <size>0x307</size>
         <input_file_ref idref="fl-c"/>
      </object_component>
      <object_component id="oc-110">
         <name>.debug_info</name>
         <load_address>0x4b8a</load_address>
         <run_address>0x4b8a</run_address>
         <size>0x26e</size>
         <input_file_ref idref="fl-c"/>
      </object_component>
      <object_component id="oc-345">
         <name>.debug_info</name>
         <load_address>0x4df8</load_address>
         <run_address>0x4df8</run_address>
         <size>0x299</size>
         <input_file_ref idref="fl-c"/>
      </object_component>
      <object_component id="oc-36c">
         <name>.debug_info</name>
         <load_address>0x5091</load_address>
         <run_address>0x5091</run_address>
         <size>0x21b</size>
         <input_file_ref idref="fl-c"/>
      </object_component>
      <object_component id="oc-1bf">
         <name>.debug_info</name>
         <load_address>0x52ac</load_address>
         <run_address>0x52ac</run_address>
         <size>0x213</size>
         <input_file_ref idref="fl-c"/>
      </object_component>
      <object_component id="oc-10a">
         <name>.debug_info</name>
         <load_address>0x54bf</load_address>
         <run_address>0x54bf</run_address>
         <size>0x246</size>
         <input_file_ref idref="fl-c"/>
      </object_component>
      <object_component id="oc-16e">
         <name>.debug_info</name>
         <load_address>0x5705</load_address>
         <run_address>0x5705</run_address>
         <size>0x110</size>
         <input_file_ref idref="fl-c"/>
      </object_component>
      <object_component id="oc-1d0">
         <name>.debug_info</name>
         <load_address>0x5815</load_address>
         <run_address>0x5815</run_address>
         <size>0x7c4</size>
         <input_file_ref idref="fl-d"/>
      </object_component>
      <object_component id="oc-27a">
         <name>.debug_info</name>
         <load_address>0x5fd9</load_address>
         <run_address>0x5fd9</run_address>
         <size>0x2e8</size>
         <input_file_ref idref="fl-d"/>
      </object_component>
      <object_component id="oc-385">
         <name>.debug_info</name>
         <load_address>0x62c1</load_address>
         <run_address>0x62c1</run_address>
         <size>0x268</size>
         <input_file_ref idref="fl-d"/>
      </object_component>
      <object_component id="oc-391">
         <name>.debug_info</name>
         <load_address>0x6529</load_address>
         <run_address>0x6529</run_address>
         <size>0x265</size>
         <input_file_ref idref="fl-d"/>
      </object_component>
      <object_component id="oc-2dc">
         <name>.debug_info</name>
         <load_address>0x678e</load_address>
         <run_address>0x678e</run_address>
         <size>0x591</size>
         <input_file_ref idref="fl-d"/>
      </object_component>
      <object_component id="oc-280">
         <name>.debug_info</name>
         <load_address>0x6d1f</load_address>
         <run_address>0x6d1f</run_address>
         <size>0x266</size>
         <input_file_ref idref="fl-d"/>
      </object_component>
      <object_component id="oc-28c">
         <name>.debug_info</name>
         <load_address>0x6f85</load_address>
         <run_address>0x6f85</run_address>
         <size>0x2ce</size>
         <input_file_ref idref="fl-d"/>
      </object_component>
      <object_component id="oc-1c5">
         <name>.debug_info</name>
         <load_address>0x7253</load_address>
         <run_address>0x7253</run_address>
         <size>0x501</size>
         <input_file_ref idref="fl-d"/>
      </object_component>
      <object_component id="oc-2b0">
         <name>.debug_info</name>
         <load_address>0x7754</load_address>
         <run_address>0x7754</run_address>
         <size>0x2ec</size>
         <input_file_ref idref="fl-d"/>
      </object_component>
      <object_component id="oc-1e5">
         <name>.debug_info</name>
         <load_address>0x7a40</load_address>
         <run_address>0x7a40</run_address>
         <size>0x34a</size>
         <input_file_ref idref="fl-d"/>
      </object_component>
      <object_component id="oc-137">
         <name>.debug_info</name>
         <load_address>0x7d8a</load_address>
         <run_address>0x7d8a</run_address>
         <size>0x2a9</size>
         <input_file_ref idref="fl-d"/>
      </object_component>
      <object_component id="oc-29a">
         <name>.debug_info</name>
         <load_address>0x8033</load_address>
         <run_address>0x8033</run_address>
         <size>0x1cd</size>
         <input_file_ref idref="fl-d"/>
      </object_component>
      <object_component id="oc-f0">
         <name>.debug_info</name>
         <load_address>0x8200</load_address>
         <run_address>0x8200</run_address>
         <size>0x7a1</size>
         <input_file_ref idref="fl-e"/>
      </object_component>
      <object_component id="oc-9b">
         <name>.debug_info</name>
         <load_address>0x89a1</load_address>
         <run_address>0x89a1</run_address>
         <size>0x337</size>
         <input_file_ref idref="fl-e"/>
      </object_component>
      <object_component id="oc-100">
         <name>.debug_info</name>
         <load_address>0x8cd8</load_address>
         <run_address>0x8cd8</run_address>
         <size>0x133</size>
         <input_file_ref idref="fl-e"/>
      </object_component>
      <object_component id="oc-37a">
         <name>.debug_info</name>
         <load_address>0x8e0b</load_address>
         <run_address>0x8e0b</run_address>
         <size>0x133</size>
         <input_file_ref idref="fl-e"/>
      </object_component>
      <object_component id="oc-37d">
         <name>.debug_info</name>
         <load_address>0x8f3e</load_address>
         <run_address>0x8f3e</run_address>
         <size>0x133</size>
         <input_file_ref idref="fl-e"/>
      </object_component>
      <object_component id="oc-116">
         <name>.debug_info</name>
         <load_address>0x9071</load_address>
         <run_address>0x9071</run_address>
         <size>0x175</size>
         <input_file_ref idref="fl-e"/>
      </object_component>
      <object_component id="oc-328">
         <name>.debug_info</name>
         <load_address>0x91e6</load_address>
         <run_address>0x91e6</run_address>
         <size>0x133</size>
         <input_file_ref idref="fl-e"/>
      </object_component>
      <object_component id="oc-380">
         <name>.debug_info</name>
         <load_address>0x9319</load_address>
         <run_address>0x9319</run_address>
         <size>0x141</size>
         <input_file_ref idref="fl-e"/>
      </object_component>
      <object_component id="oc-351">
         <name>.debug_info</name>
         <load_address>0x945a</load_address>
         <run_address>0x945a</run_address>
         <size>0x135</size>
         <input_file_ref idref="fl-e"/>
      </object_component>
      <object_component id="oc-104">
         <name>.debug_info</name>
         <load_address>0x958f</load_address>
         <run_address>0x958f</run_address>
         <size>0x219</size>
         <input_file_ref idref="fl-e"/>
      </object_component>
      <object_component id="oc-a8">
         <name>.debug_info</name>
         <load_address>0x97a8</load_address>
         <run_address>0x97a8</run_address>
         <size>0x2e9</size>
         <input_file_ref idref="fl-e"/>
      </object_component>
      <object_component id="oc-250">
         <name>.debug_info</name>
         <load_address>0x9a91</load_address>
         <run_address>0x9a91</run_address>
         <size>0x2b1</size>
         <input_file_ref idref="fl-e"/>
      </object_component>
      <object_component id="oc-292">
         <name>.debug_info</name>
         <load_address>0x9d42</load_address>
         <run_address>0x9d42</run_address>
         <size>0x2ba</size>
         <input_file_ref idref="fl-e"/>
      </object_component>
      <object_component id="oc-355">
         <name>.debug_info</name>
         <load_address>0x9ffc</load_address>
         <run_address>0x9ffc</run_address>
         <size>0x29b</size>
         <input_file_ref idref="fl-e"/>
      </object_component>
      <object_component id="oc-34b">
         <name>.debug_info</name>
         <load_address>0xa297</load_address>
         <run_address>0xa297</run_address>
         <size>0x274</size>
         <input_file_ref idref="fl-e"/>
      </object_component>
      <object_component id="oc-2d6">
         <name>.debug_info</name>
         <load_address>0xa50b</load_address>
         <run_address>0xa50b</run_address>
         <size>0x20c</size>
         <input_file_ref idref="fl-e"/>
      </object_component>
      <object_component id="oc-2b7">
         <name>.debug_info</name>
         <load_address>0xa717</load_address>
         <run_address>0xa717</run_address>
         <size>0x2ff</size>
         <input_file_ref idref="fl-e"/>
      </object_component>
      <object_component id="oc-2bd">
         <name>.debug_info</name>
         <load_address>0xaa16</load_address>
         <run_address>0xaa16</run_address>
         <size>0x2fb</size>
         <input_file_ref idref="fl-e"/>
      </object_component>
      <object_component id="oc-2c9">
         <name>.debug_info</name>
         <load_address>0xad11</load_address>
         <run_address>0xad11</run_address>
         <size>0x280</size>
         <input_file_ref idref="fl-e"/>
      </object_component>
      <object_component id="oc-1eb">
         <name>.debug_info</name>
         <load_address>0xaf91</load_address>
         <run_address>0xaf91</run_address>
         <size>0x4b7</size>
         <input_file_ref idref="fl-e"/>
      </object_component>
      <object_component id="oc-262">
         <name>.debug_info</name>
         <load_address>0xb448</load_address>
         <run_address>0xb448</run_address>
         <size>0x22f</size>
         <input_file_ref idref="fl-e"/>
      </object_component>
      <object_component id="oc-274">
         <name>.debug_info</name>
         <load_address>0xb677</load_address>
         <run_address>0xb677</run_address>
         <size>0x303</size>
         <input_file_ref idref="fl-e"/>
      </object_component>
      <object_component id="oc-a1">
         <name>.debug_info</name>
         <load_address>0xb97a</load_address>
         <run_address>0xb97a</run_address>
         <size>0x27a</size>
         <input_file_ref idref="fl-e"/>
      </object_component>
      <object_component id="oc-244">
         <name>.debug_info</name>
         <load_address>0xbbf4</load_address>
         <run_address>0xbbf4</run_address>
         <size>0x1ef</size>
         <input_file_ref idref="fl-e"/>
      </object_component>
      <object_component id="oc-149">
         <name>.debug_info</name>
         <load_address>0xbde3</load_address>
         <run_address>0xbde3</run_address>
         <size>0x22a</size>
         <input_file_ref idref="fl-e"/>
      </object_component>
      <object_component id="oc-38b">
         <name>.debug_info</name>
         <load_address>0xc00d</load_address>
         <run_address>0xc00d</run_address>
         <size>0x280</size>
         <input_file_ref idref="fl-e"/>
      </object_component>
      <object_component id="oc-286">
         <name>.debug_info</name>
         <load_address>0xc28d</load_address>
         <run_address>0xc28d</run_address>
         <size>0x2e0</size>
         <input_file_ref idref="fl-e"/>
      </object_component>
      <object_component id="oc-33d">
         <name>.debug_info</name>
         <load_address>0xc56d</load_address>
         <run_address>0xc56d</run_address>
         <size>0x1f1</size>
         <input_file_ref idref="fl-e"/>
      </object_component>
      <object_component id="oc-2e2">
         <name>.debug_info</name>
         <load_address>0xc75e</load_address>
         <run_address>0xc75e</run_address>
         <size>0x35d</size>
         <input_file_ref idref="fl-e"/>
      </object_component>
      <object_component id="oc-397">
         <name>.debug_info</name>
         <load_address>0xcabb</load_address>
         <run_address>0xcabb</run_address>
         <size>0x20f</size>
         <input_file_ref idref="fl-e"/>
      </object_component>
      <object_component id="oc-3a9">
         <name>.debug_info</name>
         <load_address>0xccca</load_address>
         <run_address>0xccca</run_address>
         <size>0x22e</size>
         <input_file_ref idref="fl-e"/>
      </object_component>
      <object_component id="oc-305">
         <name>.debug_info</name>
         <load_address>0xcef8</load_address>
         <run_address>0xcef8</run_address>
         <size>0x2c4</size>
         <input_file_ref idref="fl-e"/>
      </object_component>
      <object_component id="oc-214">
         <name>.debug_info</name>
         <load_address>0xd1bc</load_address>
         <run_address>0xd1bc</run_address>
         <size>0x227</size>
         <input_file_ref idref="fl-e"/>
      </object_component>
      <object_component id="oc-173">
         <name>.debug_info</name>
         <load_address>0xd3e3</load_address>
         <run_address>0xd3e3</run_address>
         <size>0x169</size>
         <input_file_ref idref="fl-e"/>
      </object_component>
      <object_component id="oc-17d">
         <name>.debug_info</name>
         <load_address>0xd54c</load_address>
         <run_address>0xd54c</run_address>
         <size>0x46</size>
         <input_file_ref idref="fl-e"/>
      </object_component>
      <object_component id="oc-f8">
         <name>.debug_info</name>
         <load_address>0xd592</load_address>
         <run_address>0xd592</run_address>
         <size>0x3e7</size>
         <input_file_ref idref="fl-f"/>
      </object_component>
      <object_component id="oc-9e">
         <name>.debug_info</name>
         <load_address>0xd979</load_address>
         <run_address>0xd979</run_address>
         <size>0x161</size>
         <input_file_ref idref="fl-f"/>
      </object_component>
      <object_component id="oc-301">
         <name>.debug_info</name>
         <load_address>0xdada</load_address>
         <run_address>0xdada</run_address>
         <size>0x148</size>
         <input_file_ref idref="fl-f"/>
      </object_component>
      <object_component id="oc-49">
         <name>.debug_info</name>
         <load_address>0xdc22</load_address>
         <run_address>0xdc22</run_address>
         <size>0x24f</size>
         <input_file_ref idref="fl-f"/>
      </object_component>
      <object_component id="oc-2fb">
         <name>.debug_info</name>
         <load_address>0xde71</load_address>
         <run_address>0xde71</run_address>
         <size>0x240</size>
         <input_file_ref idref="fl-f"/>
      </object_component>
      <object_component id="oc-20e">
         <name>.debug_info</name>
         <load_address>0xe0b1</load_address>
         <run_address>0xe0b1</run_address>
         <size>0x288</size>
         <input_file_ref idref="fl-f"/>
      </object_component>
      <object_component id="oc-268">
         <name>.debug_info</name>
         <load_address>0xe339</load_address>
         <run_address>0xe339</run_address>
         <size>0x232</size>
         <input_file_ref idref="fl-f"/>
      </object_component>
      <object_component id="oc-26e">
         <name>.debug_info</name>
         <load_address>0xe56b</load_address>
         <run_address>0xe56b</run_address>
         <size>0x234</size>
         <input_file_ref idref="fl-f"/>
      </object_component>
      <object_component id="oc-2c3">
         <name>.debug_info</name>
         <load_address>0xe79f</load_address>
         <run_address>0xe79f</run_address>
         <size>0x2e9</size>
         <input_file_ref idref="fl-f"/>
      </object_component>
      <object_component id="oc-373">
         <name>.debug_info</name>
         <load_address>0xea88</load_address>
         <run_address>0xea88</run_address>
         <size>0x222</size>
         <input_file_ref idref="fl-f"/>
      </object_component>
      <object_component id="oc-44">
         <name>.debug_info</name>
         <load_address>0xecaa</load_address>
         <run_address>0xecaa</run_address>
         <size>0x299</size>
         <input_file_ref idref="fl-10"/>
      </object_component>
      <object_component id="oc-25f">
         <name>.debug_info</name>
         <load_address>0xef43</load_address>
         <run_address>0xef43</run_address>
         <size>0x3b5</size>
         <input_file_ref idref="fl-11"/>
      </object_component>
      <object_component id="oc-324">
         <name>.debug_info</name>
         <load_address>0xf2f8</load_address>
         <run_address>0xf2f8</run_address>
         <size>0x12f</size>
         <input_file_ref idref="fl-11"/>
      </object_component>
      <object_component id="oc-259">
         <name>.debug_info</name>
         <load_address>0xf427</load_address>
         <run_address>0xf427</run_address>
         <size>0x12f</size>
         <input_file_ref idref="fl-11"/>
      </object_component>
      <object_component id="oc-25c">
         <name>.debug_info</name>
         <load_address>0xf556</load_address>
         <run_address>0xf556</run_address>
         <size>0x12b</size>
         <input_file_ref idref="fl-11"/>
      </object_component>
      <object_component id="oc-256">
         <name>.debug_info</name>
         <load_address>0xf681</load_address>
         <run_address>0xf681</run_address>
         <size>0x149</size>
         <input_file_ref idref="fl-11"/>
      </object_component>
      <object_component id="oc-365">
         <name>.debug_info</name>
         <load_address>0xf7ca</load_address>
         <run_address>0xf7ca</run_address>
         <size>0x2ba</size>
         <input_file_ref idref="fl-11"/>
      </object_component>
      <object_component id="oc-24a">
         <name>.debug_info</name>
         <load_address>0xfa84</load_address>
         <run_address>0xfa84</run_address>
         <size>0x21c</size>
         <input_file_ref idref="fl-11"/>
      </object_component>
      <object_component id="oc-1b9">
         <name>.debug_info</name>
         <load_address>0xfca0</load_address>
         <run_address>0xfca0</run_address>
         <size>0x38e</size>
         <input_file_ref idref="fl-11"/>
      </object_component>
      <object_component id="oc-32f">
         <name>.debug_info</name>
         <load_address>0x1002e</load_address>
         <run_address>0x1002e</run_address>
         <size>0x62</size>
         <input_file_ref idref="fl-11"/>
      </object_component>
      <object_component id="oc-1b2">
         <name>.debug_info</name>
         <load_address>0x10090</load_address>
         <run_address>0x10090</run_address>
         <size>0x2c6</size>
         <input_file_ref idref="fl-12"/>
      </object_component>
      <object_component id="oc-22f">
         <name>.debug_info</name>
         <load_address>0x10356</load_address>
         <run_address>0x10356</run_address>
         <size>0x113</size>
         <input_file_ref idref="fl-12"/>
      </object_component>
      <object_component id="oc-22c">
         <name>.debug_info</name>
         <load_address>0x10469</load_address>
         <run_address>0x10469</run_address>
         <size>0x11b</size>
         <input_file_ref idref="fl-12"/>
      </object_component>
      <object_component id="oc-229">
         <name>.debug_info</name>
         <load_address>0x10584</load_address>
         <run_address>0x10584</run_address>
         <size>0x11f</size>
         <input_file_ref idref="fl-12"/>
      </object_component>
      <object_component id="oc-236">
         <name>.debug_info</name>
         <load_address>0x106a3</load_address>
         <run_address>0x106a3</run_address>
         <size>0x224</size>
         <input_file_ref idref="fl-12"/>
      </object_component>
      <object_component id="oc-1ac">
         <name>.debug_info</name>
         <load_address>0x108c7</load_address>
         <run_address>0x108c7</run_address>
         <size>0x356</size>
         <input_file_ref idref="fl-12"/>
      </object_component>
      <object_component id="oc-131">
         <name>.debug_info</name>
         <load_address>0x10c1d</load_address>
         <run_address>0x10c1d</run_address>
         <size>0x1f1</size>
         <input_file_ref idref="fl-12"/>
      </object_component>
      <object_component id="oc-231">
         <name>.debug_info</name>
         <load_address>0x10e0e</load_address>
         <run_address>0x10e0e</run_address>
         <size>0x26f</size>
         <input_file_ref idref="fl-12"/>
      </object_component>
      <object_component id="oc-1a5">
         <name>.debug_info</name>
         <load_address>0x1107d</load_address>
         <run_address>0x1107d</run_address>
         <size>0x287</size>
         <input_file_ref idref="fl-12"/>
      </object_component>
      <object_component id="oc-25">
         <name>.debug_info</name>
         <load_address>0x11304</load_address>
         <run_address>0x11304</run_address>
         <size>0x160</size>
         <input_file_ref idref="fl-ce"/>
      </object_component>
      <object_component id="oc-ba">
         <name>.debug_info</name>
         <load_address>0x11464</load_address>
         <run_address>0x11464</run_address>
         <size>0x293</size>
         <input_file_ref idref="fl-cf"/>
      </object_component>
      <object_component id="oc-13">
         <name>.debug_info</name>
         <load_address>0x116f7</load_address>
         <run_address>0x116f7</run_address>
         <size>0x245</size>
         <input_file_ref idref="fl-cf"/>
      </object_component>
      <object_component id="oc-52">
         <name>.debug_info</name>
         <load_address>0x1193c</load_address>
         <run_address>0x1193c</run_address>
         <size>0x60</size>
         <input_file_ref idref="fl-cf"/>
      </object_component>
      <object_component id="oc-b5">
         <name>.debug_info</name>
         <load_address>0x1199c</load_address>
         <run_address>0x1199c</run_address>
         <size>0x46</size>
         <input_file_ref idref="fl-cf"/>
      </object_component>
      <object_component id="oc-67">
         <name>.debug_info</name>
         <load_address>0x119e2</load_address>
         <run_address>0x119e2</run_address>
         <size>0x2da</size>
         <input_file_ref idref="fl-d0"/>
      </object_component>
      <object_component id="oc-19">
         <name>.debug_info</name>
         <load_address>0x11cbc</load_address>
         <run_address>0x11cbc</run_address>
         <size>0x1df</size>
         <input_file_ref idref="fl-d0"/>
      </object_component>
      <object_component id="oc-62">
         <name>.debug_info</name>
         <load_address>0x11e9b</load_address>
         <run_address>0x11e9b</run_address>
         <size>0x46</size>
         <input_file_ref idref="fl-d0"/>
      </object_component>
      <object_component id="oc-bc">
         <name>.debug_info</name>
         <load_address>0x11ee1</load_address>
         <run_address>0x11ee1</run_address>
         <size>0x2c</size>
         <input_file_ref idref="fl-d0"/>
      </object_component>
      <object_component id="oc-73">
         <name>.debug_info</name>
         <load_address>0x11f0d</load_address>
         <run_address>0x11f0d</run_address>
         <size>0x2c9</size>
         <input_file_ref idref="fl-d1"/>
      </object_component>
      <object_component id="oc-1f">
         <name>.debug_info</name>
         <load_address>0x121d6</load_address>
         <run_address>0x121d6</run_address>
         <size>0x1aa</size>
         <input_file_ref idref="fl-d1"/>
      </object_component>
      <object_component id="oc-6e">
         <name>.debug_info</name>
         <load_address>0x12380</load_address>
         <run_address>0x12380</run_address>
         <size>0x46</size>
         <input_file_ref idref="fl-d1"/>
      </object_component>
      <object_component id="oc-c4">
         <name>.debug_info</name>
         <load_address>0x123c6</load_address>
         <run_address>0x123c6</run_address>
         <size>0x2c</size>
         <input_file_ref idref="fl-d1"/>
      </object_component>
      <object_component id="oc-ea">
         <name>.debug_info</name>
         <load_address>0x123f2</load_address>
         <run_address>0x123f2</run_address>
         <size>0x3ce</size>
         <input_file_ref idref="fl-d2"/>
      </object_component>
      <object_component id="oc-e4">
         <name>.debug_info</name>
         <load_address>0x127c0</load_address>
         <run_address>0x127c0</run_address>
         <size>0x185</size>
         <input_file_ref idref="fl-d2"/>
      </object_component>
      <object_component id="oc-8d">
         <name>.debug_info</name>
         <load_address>0x12945</load_address>
         <run_address>0x12945</run_address>
         <size>0x214</size>
         <input_file_ref idref="fl-d2"/>
      </object_component>
      <object_component id="oc-5d">
         <name>.debug_info</name>
         <load_address>0x12b59</load_address>
         <run_address>0x12b59</run_address>
         <size>0x111</size>
         <input_file_ref idref="fl-d4"/>
      </object_component>
      <object_component id="oc-69">
         <name>.debug_info</name>
         <load_address>0x12c6a</load_address>
         <run_address>0x12c6a</run_address>
         <size>0x13f</size>
         <input_file_ref idref="fl-d5"/>
      </object_component>
      <object_component id="oc-75">
         <name>.debug_info</name>
         <load_address>0x12da9</load_address>
         <run_address>0x12da9</run_address>
         <size>0x138</size>
         <input_file_ref idref="fl-d6"/>
      </object_component>
      <object_component id="oc-7b">
         <name>.debug_info</name>
         <load_address>0x12ee1</load_address>
         <run_address>0x12ee1</run_address>
         <size>0x148</size>
         <input_file_ref idref="fl-d7"/>
      </object_component>
      <object_component id="oc-93">
         <name>.debug_info</name>
         <load_address>0x13029</load_address>
         <run_address>0x13029</run_address>
         <size>0x109</size>
         <input_file_ref idref="fl-d8"/>
      </object_component>
      <object_component id="oc-23c">
         <name>.debug_info</name>
         <load_address>0x13132</load_address>
         <run_address>0x13132</run_address>
         <size>0x13a</size>
         <input_file_ref idref="fl-d9"/>
      </object_component>
      <object_component id="oc-163">
         <name>.debug_info</name>
         <load_address>0x1326c</load_address>
         <run_address>0x1326c</run_address>
         <size>0x2be</size>
         <input_file_ref idref="fl-da"/>
      </object_component>
      <object_component id="oc-e7">
         <name>.debug_info</name>
         <load_address>0x1352a</load_address>
         <run_address>0x1352a</run_address>
         <size>0x113</size>
         <input_file_ref idref="fl-da"/>
      </object_component>
      <object_component id="oc-15c">
         <name>.debug_info</name>
         <load_address>0x1363d</load_address>
         <run_address>0x1363d</run_address>
         <size>0x21f</size>
         <input_file_ref idref="fl-da"/>
      </object_component>
      <object_component id="oc-e2">
         <name>.debug_info</name>
         <load_address>0x1385c</load_address>
         <run_address>0x1385c</run_address>
         <size>0x300</size>
         <input_file_ref idref="fl-db"/>
      </object_component>
      <object_component id="oc-87">
         <name>.debug_info</name>
         <load_address>0x13b5c</load_address>
[...]
         </usage_details>
      </memory_area>
      <memory_area display="yes" color="green">
         <name>SRAM</name>
         <page_id>0x0</page_id>
         <origin>0x20000000</origin>
         <length>0x8000</length>
         <used_space>0x796d</used_space>
         <unused_space>0x693</unused_space>
         <attributes>RWX</attributes>
         <usage_details>
            <allocated_space>
               <start_address>0x20000000</start_address>
               <size>0x7701</size>
               <logical_group_ref idref="lg-b"/>
            </allocated_space>
            <available_space>
               <start_address>0x20007701</start_address>
               <size>0x3</size>
            </available_space>
            <allocated_space>
               <start_address>0x20007704</start_address>
               <size>0x200</size>
               <logical_group_ref idref="lg-d"/>
            </allocated_space>
            <allocated_space>
               <start_address>0x20007904</start_address>
               <size>0x6c</size>
               <logical_group_ref idref="lg-a"/>
            </allocated_space>
            <available_space>
               <start_address>0x20007970</start_address>
               <size>0x690</size>
            </available_space>
         </usage_details>
      </memory_area>
   </placement_map>
   <cptbl_list>
      <cptbl>
         <name>__TI_cinit_table</name>
         <cprec>
            <name>.data</name>
            <load_address>0x20f0</load_address>
            <load_size>0x21</load_size>
            <run_address>0x20007904</run_address>
            <run_size>0x6c</run_size>
            <compression>lzss</compression>
         </cprec>
         <cprec>
            <name>.bss</name>
            <load_address>0x2120</load_address>
            <load_size>0x8</load_size>
            <run_address>0x20000000</run_address>
            <run_size>0x7701</run_size>
            <compression>zero_init</compression>
         </cprec>
      </cptbl>
   </cptbl_list>
   <handler_table>
      <handler_table_name>__TI_handler_table</handler_table_name>
      <handler>
         <index>0x0</index>
         <name>__TI_decompress_lzss</name>
      </handler>
      <handler>
         <index>0x1</index>
         <name>__TI_decompress_none</name>
      </handler>
      <handler>
         <index>0x2</index>
         <name>__TI_zero_init</name>
      </handler>
   </handler_table>
   <symbol_table>
      <symbol id="sm-1">
         <name>__STACK_TOP</name>
         <value>0x20007904</value>
      </symbol>
      <symbol id="sm-2">
         <name>__TI_CINIT_Base</name>
         <value>0x2128</value>
      </symbol>
      <symbol id="sm-3">
         <name>__TI_CINIT_Limit</name>
         <value>0x2138</value>
      </symbol>
      <symbol id="sm-4">
         <name>__TI_Handler_Table_Base</name>
         <value>0x2114</value>
      </symbol>
      <symbol id="sm-5">
         <name>__TI_Handler_Table_Limit</name>
         <value>0x2120</value>
      </symbol>
      <symbol id="sm-6">
         <name>binit</name>
         <value>0xffffffff</value>
      </symbol>
      <symbol id="sm-7">
         <name>__binit__</name>
         <value>0xffffffff</value>
      </symbol>
      <symbol id="sm-8">
         <name>__STACK_SIZE</name>
         <value>0x200</value>
      </symbol>
      <symbol id="sm-9">
         <name>__STACK_END</name>
         <value>0x20007904</value>
      </symbol>
      <symbol id="sm-a">
         <name>__c_args__</name>
         <value>0xffffffff</value>
      </symbol>
      <symbol id="sm-b">
         <name>__TI_pprof_out_hndl</name>
         <value>0xffffffff</value>
      </symbol>
      <symbol id="sm-c">
         <name>__TI_prof_data_start</name>
         <value>0xffffffff</value>
      </symbol>
      <symbol id="sm-d">
         <name>__TI_prof_data_size</name>
         <value>0xffffffff</value>
      </symbol>
      <symbol id="sm-7c">
         <name>g_pUARTSemaphore</name>
         <value>0x200076fc</value>
      </symbol>
      <symbol id="sm-7d">
         <name>vApplicationStackOverflowHook</name>
         <value>0x1f2f</value>
         <object_component_ref idref="oc-f9"/>
      </symbol>
      <symbol id="sm-7e">
         <name>main</name>
         <value>0x1441</value>
         <object_component_ref idref="oc-db"/>
      </symbol>
      <symbol id="sm-7f">
         <name>ConfigureUART</name>
         <value>0x1745</value>
         <object_component_ref idref="oc-12a"/>
      </symbol>
      <symbol id="sm-b9">
         <name>g_pLEDQueue</name>
         <value>0x200076f8</value>
      </symbol>
      <symbol id="sm-ba">
         <name>LEDTaskInit</name>
         <value>0xd35</value>
         <object_component_ref idref="oc-13c"/>
      </symbol>
      <symbol id="sm-eb">
         <name>ResetISR</name>
         <value>0x20bd</value>
         <object_component_ref idref="oc-2b"/>
      </symbol>
      <symbol id="sm-ec">
         <name>g_pfnVectors</name>
         <value>0x0</value>
         <object_component_ref idref="oc-f"/>
      </symbol>
      <symbol id="sm-115">
         <name>SwitchTaskInit</name>
         <value>0x1c1d</value>
         <object_component_ref idref="oc-142"/>
      </symbol>
      <symbol id="sm-143">
         <name>ButtonsInit</name>
         <value>0x160d</value>
         <object_component_ref idref="oc-200"/>
      </symbol>
      <symbol id="sm-144">
         <name>ButtonsPoll</name>
         <value>0x1129</value>
         <object_component_ref idref="oc-2f5"/>
      </symbol>
      <symbol id="sm-19a">
         <name>RGBDisable</name>
         <value>0x1675</value>
         <object_component_ref idref="oc-2e7"/>
      </symbol>
      <symbol id="sm-19b">
         <name>RGBIntensitySet</name>
         <value>0x2011</value>
         <object_component_ref idref="oc-1d8"/>
      </symbol>
      <symbol id="sm-19c">
         <name>RGBEnable</name>
         <value>0xdfd</value>
         <object_component_ref idref="oc-29f"/>
      </symbol>
      <symbol id="sm-19d">
         <name>RGBInit</name>
         <value>0x68d</value>
         <object_component_ref idref="oc-1d2"/>
      </symbol>
      <symbol id="sm-19e">
         <name>RGBColorSet</name>
         <value>0x1099</value>
         <object_component_ref idref="oc-1de"/>
      </symbol>
      <symbol id="sm-1dc">
         <name>uxListRemove</name>
         <value>0x1ef3</value>
         <object_component_ref idref="oc-109"/>
      </symbol>
      <symbol id="sm-1dd">
         <name>vListInsert</name>
         <value>0x1de7</value>
         <object_component_ref idref="oc-344"/>
      </symbol>
      <symbol id="sm-1de">
         <name>vListInitialiseItem</name>
         <value>0x20c9</value>
         <object_component_ref idref="oc-36b"/>
      </symbol>
      <symbol id="sm-1df">
         <name>vListInsertEnd</name>
         <value>0x1fb1</value>
         <object_component_ref idref="oc-10f"/>
      </symbol>
      <symbol id="sm-1e0">
         <name>vListInitialise</name>
         <value>0x1ff9</value>
         <object_component_ref idref="oc-1be"/>
      </symbol>
      <symbol id="sm-270">
         <name>xQueueGenericCreate</name>
         <value>0x1d71</value>
         <object_component_ref idref="oc-1e4"/>
      </symbol>
      <symbol id="sm-271">
         <name>xQueueCreateMutex</name>
         <value>0x1bd1</value>
         <object_component_ref idref="oc-136"/>
      </symbol>
      <symbol id="sm-272">
         <name>xQueueGenericSend</name>
         <value>0xa95</value>
         <object_component_ref idref="oc-1c4"/>
      </symbol>
      <symbol id="sm-273">
         <name>xQueueGenericReset</name>
         <value>0x12c5</value>
         <object_component_ref idref="oc-2af"/>
      </symbol>
      <symbol id="sm-274">
         <name>xQueueGenericReceive</name>
         <value>0x575</value>
         <object_component_ref idref="oc-2db"/>
      </symbol>
      <symbol id="sm-438">
         <name>vTaskSuspendAll</name>
         <value>0x2071</value>
         <object_component_ref idref="oc-243"/>
      </symbol>
      <symbol id="sm-439">
         <name>vTaskPriorityInherit</name>
         <value>0x1005</value>
         <object_component_ref idref="oc-38a"/>
      </symbol>
      <symbol id="sm-43a">
         <name>vTaskPlaceOnEventList</name>
         <value>0x17a9</value>
         <object_component_ref idref="oc-285"/>
      </symbol>
      <symbol id="sm-43b">
         <name>xTaskCheckForTimeOut</name>
         <value>0x1ae5</value>
         <object_component_ref idref="oc-273"/>
      </symbol>
      <symbol id="sm-43c">
         <name>xTaskPriorityDisinherit</name>
         <value>0x1349</value>
         <object_component_ref idref="oc-354"/>
      </symbol>
      <symbol id="sm-43d">
         <name>vTaskStartScheduler</name>
         <value>0x1931</value>
         <object_component_ref idref="oc-148"/>
      </symbol>
      <symbol id="sm-43e">
         <name>pvTaskIncrementMutexHeldCount</name>
         <value>0x1f81</value>
         <object_component_ref idref="oc-396"/>
      </symbol>
      <symbol id="sm-43f">
         <name>vTaskDelayUntil</name>
         <value>0x1241</value>
         <object_component_ref idref="oc-2e1"/>
      </symbol>
      <symbol id="sm-440">
         <name>vTaskMissedYield</name>
         <value>0x209d</value>
         <object_component_ref idref="oc-33c"/>
      </symbol>
      <symbol id="sm-441">
         <name>xTaskResumeAll</name>
         <value>0xb7d</value>
         <object_component_ref idref="oc-24f"/>
      </symbol>
      <symbol id="sm-442">
         <name>xTaskGetTickCount</name>
         <value>0x20a9</value>
         <object_component_ref idref="oc-2d5"/>
      </symbol>
      <symbol id="sm-443">
         <name>xTaskGenericCreate</name>
         <value>0x791</value>
         <object_component_ref idref="oc-1ea"/>
      </symbol>
      <symbol id="sm-444">
         <name>pxCurrentTCB</name>
         <value>0x20007904</value>
         <object_component_ref idref="oc-9a"/>
      </symbol>
      <symbol id="sm-445">
         <name>vTaskSetTimeOutState</name>
         <value>0x1fe1</value>
         <object_component_ref idref="oc-261"/>
      </symbol>
      <symbol id="sm-446">
         <name>xTaskIncrementTick</name>
         <value>0x895</value>
         <object_component_ref idref="oc-a7"/>
      </symbol>
      <symbol id="sm-447">
         <name>vTaskSwitchContext</name>
         <value>0x11b5</value>
         <object_component_ref idref="oc-a0"/>
      </symbol>
      <symbol id="sm-448">
         <name>xTaskRemoveFromEventList</name>
         <value>0x14b5</value>
         <object_component_ref idref="oc-291"/>
      </symbol>
      <symbol id="sm-4a2">
         <name>ulMaxSyscallInterruptPriority</name>
         <value>0x20ec</value>
         <object_component_ref idref="oc-9d"/>
      </symbol>
      <symbol id="sm-4a3">
         <name>vPortSetupTimerInterrupt</name>
         <value>0x2039</value>
         <object_component_ref idref="oc-2fa"/>
      </symbol>
      <symbol id="sm-4a4">
         <name>xPortSysTickHandler</name>
         <value>0x1e51</value>
         <object_component_ref idref="oc-48"/>
      </symbol>
      <symbol id="sm-4a5">
         <name>pxPortInitialiseStack</name>
         <value>0x1ea5</value>
         <object_component_ref idref="oc-2c2"/>
      </symbol>
      <symbol id="sm-4a6">
         <name>vPortExitCritical</name>
         <value>0x1fc9</value>
         <object_component_ref idref="oc-267"/>
      </symbol>
      <symbol id="sm-4a7">
         <name>xPortStartScheduler</name>
         <value>0x1d31</value>
         <object_component_ref idref="oc-20d"/>
      </symbol>
      <symbol id="sm-4a8">
         <name>vPortEnterCritical</name>
         <value>0x1f31</value>
         <object_component_ref idref="oc-26d"/>
      </symbol>
      <symbol id="sm-4b7">
         <name>vPortStartFirstTask</name>
         <value>0xd09</value>
         <object_component_ref idref="oc-43"/>
      </symbol>
      <symbol id="sm-4b8">
         <name>ulPortGetIPSR</name>
         <value>0xc71</value>
         <object_component_ref idref="oc-43"/>
      </symbol>
      <symbol id="sm-4b9">
         <name>vPortEnableVFP</name>
         <value>0xd25</value>
         <object_component_ref idref="oc-43"/>
      </symbol>
      <symbol id="sm-4ba">
         <name>xPortPendSVHandler</name>
         <value>0xc89</value>
         <object_component_ref idref="oc-43"/>
      </symbol>
      <symbol id="sm-4bb">
         <name>vPortSVCHandler</name>
         <value>0xce9</value>
         <object_component_ref idref="oc-43"/>
      </symbol>
      <symbol id="sm-510">
         <name>pvPortMalloc</name>
         <value>0xebd</value>
         <object_component_ref idref="oc-1b8"/>
      </symbol>
      <symbol id="sm-511">
         <name>vPortFree</name>
         <value>0x1cad</value>
         <object_component_ref idref="oc-364"/>
      </symbol>
      <symbol id="sm-57f">
         <name>UARTStdioConfig</name>
         <value>0x1871</value>
         <object_component_ref idref="oc-1a4"/>
      </symbol>
      <symbol id="sm-580">
         <name>UARTwrite</name>
         <value>0x1c65</value>
         <object_component_ref idref="oc-235"/>
      </symbol>
      <symbol id="sm-581">
         <name>UARTprintf</name>
         <value>0x1f4d</value>
         <object_component_ref idref="oc-130"/>
      </symbol>
      <symbol id="sm-582">
         <name>UARTvprintf</name>
         <value>0x26d</value>
         <object_component_ref idref="oc-1ab"/>
      </symbol>
      <symbol id="sm-594">
         <name>_c_int00</name>
         <value>0x1a3d</value>
         <object_component_ref idref="oc-24"/>
      </symbol>
      <symbol id="sm-595">
         <name>__stack</name>
         <value>0x20007704</value>
         <object_component_ref idref="oc-2a"/>
      </symbol>
      <symbol id="sm-5b3">
         <name>__TI_decompress_lzss</name>
         <value>0x16dd</value>
         <object_component_ref idref="oc-12"/>
      </symbol>
      <symbol id="sm-5ca">
         <name>__TI_decompress_none</name>
         <value>0x2081</value>
         <object_component_ref idref="oc-18"/>
      </symbol>
      <symbol id="sm-5e1">
         <name>__TI_zero_init</name>
         <value>0x208f</value>
         <object_component_ref idref="oc-1e"/>
      </symbol>
      <symbol id="sm-602">
         <name>C$$EXIT</name>
         <value>0x1a91</value>
         <object_component_ref idref="oc-8c"/>
      </symbol>
      <symbol id="sm-603">
         <name>abort</name>
         <value>0x1a95</value>
         <object_component_ref idref="oc-8c"/>
      </symbol>
      <symbol id="sm-604">
         <name>exit</name>
         <value>0x1a9d</value>
         <object_component_ref idref="oc-8c"/>
      </symbol>
      <symbol id="sm-605">
         <name>__TI_dtors_ptr</name>
         <value>0x20007938</value>
         <object_component_ref idref="oc-e3"/>
      </symbol>
      <symbol id="sm-606">
         <name>__TI_cleanup_ptr</name>
         <value>0x20007934</value>
         <object_component_ref idref="oc-e3"/>
      </symbol>
      <symbol id="sm-607">
         <name>__TI_enable_exit_profile_output</name>
         <value>0x2000793c</value>
         <object_component_ref idref="oc-e3"/>
      </symbol>
      <symbol id="sm-623">
         <name>memcpy</name>
         <value>0xf69</value>
         <object_component_ref idref="oc-5c"/>
      </symbol>
      <symbol id="sm-624">
         <name>__aeabi_memcpy</name>
         <value>0xf69</value>
         <object_component_ref idref="oc-5c"/>
      </symbol>
      <symbol id="sm-625">
         <name>__aeabi_memcpy8</name>
         <value>0xf69</value>
         <object_component_ref idref="oc-5c"/>
      </symbol>
      <symbol id="sm-626">
         <name>__aeabi_memcpy4</name>
         <value>0xf69</value>
         <object_component_ref idref="oc-5c"/>
      </symbol>
      <symbol id="sm-635">
         <name>__aeabi_memset</name>
         <value>0x13c7</value>
         <object_component_ref idref="oc-68"/>
      </symbol>
      <symbol id="sm-636">
         <name>memset</name>
         <value>0x13cd</value>
         <object_component_ref idref="oc-68"/>
      </symbol>
      <symbol id="sm-637">
         <name>__aeabi_memset8</name>
         <value>0x13c7</value>
         <object_component_ref idref="oc-68"/>
      </symbol>
      <symbol id="sm-638">
         <name>__aeabi_memset4</name>
         <value>0x13c7</value>
         <object_component_ref idref="oc-68"/>
      </symbol>
      <symbol id="sm-639">
         <name>__aeabi_memclr8</name>
         <value>0x13c5</value>
         <object_component_ref idref="oc-68"/>
      </symbol>
      <symbol id="sm-63a">
         <name>__aeabi_memclr4</name>
         <value>0x13c5</value>
         <object_component_ref idref="oc-68"/>
      </symbol>
      <symbol id="sm-63b">
         <name>__aeabi_memclr</name>
         <value>0x13c5</value>
         <object_component_ref idref="oc-68"/>
      </symbol>
      <symbol id="sm-645">
         <name>__mpu_init</name>
         <value>0x186f</value>
         <object_component_ref idref="oc-74"/>
      </symbol>
      <symbol id="sm-64f">
         <name>_system_pre_init</name>
         <value>0x20cf</value>
         <object_component_ref idref="oc-7a"/>
      </symbol>
      <symbol id="sm-657">
         <name>main_func_sp</name>
         <value>0x2000796c</value>
         <object_component_ref idref="oc-92"/>
      </symbol>
      <symbol id="sm-666">
         <name>__aeabi_uidivmod</name>
         <value>0x1cf1</value>
         <object_component_ref idref="oc-23b"/>
      </symbol>
      <symbol id="sm-667">
         <name>__aeabi_uidiv</name>
         <value>0x1cf1</value>
         <object_component_ref idref="oc-23b"/>
      </symbol>
      <symbol id="sm-680">
         <name>_nop</name>
         <value>0x2033</value>
         <object_component_ref idref="oc-15b"/>
      </symbol>
      <symbol id="sm-681">
         <name>_lock</name>
         <value>0x2000794c</value>
         <object_component_ref idref="oc-e6"/>
      </symbol>
      <symbol id="sm-682">
         <name>_unlock</name>
         <value>0x20007950</value>
         <object_component_ref idref="oc-e6"/>
      </symbol>
      <symbol id="sm-683">
         <name>_register_lock</name>
         <value>0x202b</value>
         <object_component_ref idref="oc-15b"/>
      </symbol>
      <symbol id="sm-684">
         <name>_register_unlock</name>
         <value>0x2025</value>
         <object_component_ref idref="oc-15b"/>
      </symbol>
      <symbol id="sm-698">
         <name>_args_main</name>
         <value>0x1f99</value>
         <object_component_ref idref="oc-86"/>
      </symbol>
      <symbol id="sm-6c2">
         <name>__TI_auto_init</name>
         <value>0x159d</value>
         <object_component_ref idref="oc-80"/>
      </symbol>
      <symbol id="sm-6dc">
         <name>copy_in</name>
         <value>0x1b85</value>
         <object_component_ref idref="oc-cd"/>
      </symbol>
      <symbol id="sm-6e6">
         <name>__aeabi_idiv0</name>
         <value>0x159b</value>
         <object_component_ref idref="oc-31b"/>
      </symbol>
      <symbol id="sm-6f0">
         <name>_system_post_cinit</name>
         <value>0x1e1f</value>
         <object_component_ref idref="oc-d3"/>
      </symbol>
      <symbol id="sm-703">
         <name>UARTClockSourceSet</name>
         <value>0x20c3</value>
         <object_component_ref idref="oc-19e"/>
      </symbol>
      <symbol id="sm-705">
         <name>__TI_static_base__</name>
         <value>0x0</value>
      </symbol>
      <symbol id="sm-708">
         <name>SHT$$INIT_ARRAY$$Limit</name>
         <value>0x0</value>
      </symbol>
      <symbol id="sm-709">
         <name>SHT$$INIT_ARRAY$$Base</name>
         <value>0x0</value>
      </symbol>
   </symbol_table>
   <title>Link successful</title>
</link_info>
